Archive member included to satisfy reference by file (symbol)

C:/ProgramData/MATLAB/SupportPackages/R2025a/3P.instrset/gnuarm-armcortex.instrset/win/bin/../lib/gcc/arm-none-eabi/13.2.1/thumb/v7e-m+fp/hard\libm.a(libm_a-w_fmod.o)
                              xcp_ext_common.c.o (fmod)
C:/ProgramData/MATLAB/SupportPackages/R2025a/3P.instrset/gnuarm-armcortex.instrset/win/bin/../lib/gcc/arm-none-eabi/13.2.1/thumb/v7e-m+fp/hard\libm.a(libm_a-e_fmod.o)
                              C:/ProgramData/MATLAB/SupportPackages/R2025a/3P.instrset/gnuarm-armcortex.instrset/win/bin/../lib/gcc/arm-none-eabi/13.2.1/thumb/v7e-m+fp/hard\libm.a(libm_a-w_fmod.o) (__ieee754_fmod)
C:/ProgramData/MATLAB/SupportPackages/R2025a/3P.instrset/gnuarm-armcortex.instrset/win/bin/../lib/gcc/arm-none-eabi/13.2.1/thumb/v7e-m+fp/hard\libgcc.a(_arm_muldf3.o)
                              testuartread.c.o (__aeabi_dmul)
C:/ProgramData/MATLAB/SupportPackages/R2025a/3P.instrset/gnuarm-armcortex.instrset/win/bin/../lib/gcc/arm-none-eabi/13.2.1/thumb/v7e-m+fp/hard\libgcc.a(_arm_addsubdf3.o)
                              xcp_ext_common.c.o (__aeabi_dsub)
C:/ProgramData/MATLAB/SupportPackages/R2025a/3P.instrset/gnuarm-armcortex.instrset/win/bin/../lib/gcc/arm-none-eabi/13.2.1/thumb/v7e-m+fp/hard\libgcc.a(_arm_muldivdf3.o)
                              xcp_ext_common.c.o (__aeabi_ddiv)
C:/ProgramData/MATLAB/SupportPackages/R2025a/3P.instrset/gnuarm-armcortex.instrset/win/bin/../lib/gcc/arm-none-eabi/13.2.1/thumb/v7e-m+fp/hard\libgcc.a(_arm_cmpdf2.o)
                              xcp_ext_mode.c.o (__aeabi_dcmpeq)
C:/ProgramData/MATLAB/SupportPackages/R2025a/3P.instrset/gnuarm-armcortex.instrset/win/bin/../lib/gcc/arm-none-eabi/13.2.1/thumb/v7e-m+fp/hard\libgcc.a(_arm_unorddf2.o)
                              C:/ProgramData/MATLAB/SupportPackages/R2025a/3P.instrset/gnuarm-armcortex.instrset/win/bin/../lib/gcc/arm-none-eabi/13.2.1/thumb/v7e-m+fp/hard\libm.a(libm_a-w_fmod.o) (__aeabi_dcmpun)
C:/ProgramData/MATLAB/SupportPackages/R2025a/3P.instrset/gnuarm-armcortex.instrset/win/bin/../lib/gcc/arm-none-eabi/13.2.1/thumb/v7e-m+fp/hard\libgcc.a(_arm_fixunsdfsi.o)
                              xcp_ext_common.c.o (__aeabi_d2uiz)
C:/ProgramData/MATLAB/SupportPackages/R2025a/3P.instrset/gnuarm-armcortex.instrset/win/bin/../lib/gcc/arm-none-eabi/13.2.1/thumb/v7e-m+fp/hard\libgcc.a(_aeabi_uldivmod.o)
                              stm32g4xx_ll_lpuart.c.o (__aeabi_uldivmod)
C:/ProgramData/MATLAB/SupportPackages/R2025a/3P.instrset/gnuarm-armcortex.instrset/win/bin/../lib/gcc/arm-none-eabi/13.2.1/thumb/v7e-m+fp/hard\libgcc.a(_udivmoddi4.o)
                              C:/ProgramData/MATLAB/SupportPackages/R2025a/3P.instrset/gnuarm-armcortex.instrset/win/bin/../lib/gcc/arm-none-eabi/13.2.1/thumb/v7e-m+fp/hard\libgcc.a(_aeabi_uldivmod.o) (__udivmoddi4)
C:/ProgramData/MATLAB/SupportPackages/R2025a/3P.instrset/gnuarm-armcortex.instrset/win/bin/../lib/gcc/arm-none-eabi/13.2.1/thumb/v7e-m+fp/hard\libgcc.a(_dvmd_tls.o)
                              C:/ProgramData/MATLAB/SupportPackages/R2025a/3P.instrset/gnuarm-armcortex.instrset/win/bin/../lib/gcc/arm-none-eabi/13.2.1/thumb/v7e-m+fp/hard\libgcc.a(_aeabi_uldivmod.o) (__aeabi_ldiv0)
C:/ProgramData/MATLAB/SupportPackages/R2025a/3P.instrset/gnuarm-armcortex.instrset/win/bin/../lib/gcc/arm-none-eabi/13.2.1/thumb/v7e-m+fp/hard\libg_nano.a(libc_a-exit.o)
                              C:/ProgramData/MATLAB/SupportPackages/R2025a/3P.instrset/gnuarm-armcortex.instrset/win/bin/../lib/gcc/arm-none-eabi/13.2.1/thumb/v7e-m+fp/hard/crt0.o (exit)
C:/ProgramData/MATLAB/SupportPackages/R2025a/3P.instrset/gnuarm-armcortex.instrset/win/bin/../lib/gcc/arm-none-eabi/13.2.1/thumb/v7e-m+fp/hard\libg_nano.a(libc_a-findfp.o)
                              C:/ProgramData/MATLAB/SupportPackages/R2025a/3P.instrset/gnuarm-armcortex.instrset/win/bin/../lib/gcc/arm-none-eabi/13.2.1/thumb/v7e-m+fp/hard\libg_nano.a(libc_a-exit.o) (__stdio_exit_handler)
C:/ProgramData/MATLAB/SupportPackages/R2025a/3P.instrset/gnuarm-armcortex.instrset/win/bin/../lib/gcc/arm-none-eabi/13.2.1/thumb/v7e-m+fp/hard\libg_nano.a(libc_a-fwalk.o)
                              C:/ProgramData/MATLAB/SupportPackages/R2025a/3P.instrset/gnuarm-armcortex.instrset/win/bin/../lib/gcc/arm-none-eabi/13.2.1/thumb/v7e-m+fp/hard\libg_nano.a(libc_a-findfp.o) (_fwalk_sglue)
C:/ProgramData/MATLAB/SupportPackages/R2025a/3P.instrset/gnuarm-armcortex.instrset/win/bin/../lib/gcc/arm-none-eabi/13.2.1/thumb/v7e-m+fp/hard\libg_nano.a(libc_a-stdio.o)
                              C:/ProgramData/MATLAB/SupportPackages/R2025a/3P.instrset/gnuarm-armcortex.instrset/win/bin/../lib/gcc/arm-none-eabi/13.2.1/thumb/v7e-m+fp/hard\libg_nano.a(libc_a-findfp.o) (__sread)
C:/ProgramData/MATLAB/SupportPackages/R2025a/3P.instrset/gnuarm-armcortex.instrset/win/bin/../lib/gcc/arm-none-eabi/13.2.1/thumb/v7e-m+fp/hard\libg_nano.a(libc_a-memset.o)
[...]
Memory Configuration

Name             Origin             Length             Attributes
RAM              0x20000000         0x00020000         xrw
FLASH            0x08000000         0x00080000         xr
*default*        0x00000000         0xffffffff

Linker script and memory map

LOAD C:/ProgramData/MATLAB/SupportPackages/R2025a/3P.instrset/gnuarm-armcortex.instrset/win/bin/../lib/gcc/arm-none-eabi/13.2.1/thumb/v7e-m+fp/hard/crti.o
LOAD C:/ProgramData/MATLAB/SupportPackages/R2025a/3P.instrset/gnuarm-armcortex.instrset/win/bin/../lib/gcc/arm-none-eabi/13.2.1/thumb/v7e-m+fp/hard/crtbegin.o
LOAD C:/ProgramData/MATLAB/SupportPackages/R2025a/3P.instrset/gnuarm-armcortex.instrset/win/bin/../lib/gcc/arm-none-eabi/13.2.1/thumb/v7e-m+fp/hard/crt0.o
LOAD xcp_ext_mode.c.o
LOAD ert_main.c.o
LOAD testuartread.c.o
LOAD waijung_hwdrvlib.c.o
LOAD xcp_ext_common.c.o
LOAD xcp_ext_classic_trigger.c.o
LOAD xcp.c.o
LOAD xcp_standard.c.o
LOAD xcp_daq.c.o
LOAD xcp_calibration.c.o
LOAD xcp_fifo.c.o
LOAD xcp_transport.c.o
LOAD xcp_mem_default.c.o
LOAD xcp_drv_rtiostream.c.o
LOAD xcp_utils.c.o
LOAD xcp_frame_serial.c.o
LOAD xcp_ext_param_default_serial.c.o
LOAD overrideHALDelay.c.o
LOAD platform_timer.c.o
LOAD SysTickScheduler.c.o
LOAD m3m4m4f_multitasking.c.o
LOAD rtiostream_serial.c.o
LOAD stm_usart.c.o
LOAD stm_lpuart.c.o
LOAD sys_arch_arm.c.o
LOAD main.c.o
LOAD stm32g4xx_it.c.o
LOAD stm32g4xx_hal_msp.c.o
LOAD stm32g4xx_hal_timebase_tim.c.o
LOAD stm32g4xx_ll_utils.c.o
LOAD stm32g4xx_ll_exti.c.o
LOAD stm32g4xx_hal_tim.c.o
LOAD stm32g4xx_hal_tim_ex.c.o
LOAD stm32g4xx_ll_gpio.c.o
LOAD stm32g4xx_ll_dma.c.o
LOAD stm32g4xx_ll_lpuart.c.o
LOAD stm32g4xx_ll_rcc.c.o
LOAD stm32g4xx_ll_pwr.c.o
LOAD stm32g4xx_hal.c.o
LOAD stm32g4xx_hal_rcc.c.o
LOAD stm32g4xx_hal_rcc_ex.c.o
LOAD stm32g4xx_hal_flash.c.o
LOAD stm32g4xx_hal_flash_ex.c.o
LOAD stm32g4xx_hal_flash_ramfunc.c.o
LOAD stm32g4xx_hal_gpio.c.o
LOAD stm32g4xx_hal_exti.c.o
LOAD stm32g4xx_hal_dma.c.o
LOAD stm32g4xx_hal_dma_ex.c.o
LOAD stm32g4xx_hal_pwr.c.o
LOAD stm32g4xx_hal_pwr_ex.c.o
LOAD stm32g4xx_hal_cortex.c.o
LOAD system_stm32g4xx.c.o
LOAD syscalls.c.o
LOAD sysmem.c.o
LOAD startup_stm32g474retx.s.o
LOAD C:/ProgramData/MATLAB/SupportPackages/R2025a/3P.instrset/cmsis_dsp.instrset/Lib/GCC/arm_cortexm4ldfsp_math/libCMSISDSP.a
LOAD C:/ProgramData/MATLAB/SupportPackages/R2025a/toolbox/shared/supportpackages/stm32/lib/GCC/libmw_pdmfilter_m4_spfp.lib
LOAD C:/ProgramData/MATLAB/SupportPackages/R2025a/3P.instrset/gnuarm-armcortex.instrset/win/bin/../lib/gcc/arm-none-eabi/13.2.1/thumb/v7e-m+fp/hard\libstdc++_nano.a
LOAD C:/ProgramData/MATLAB/SupportPackages/R2025a/3P.instrset/gnuarm-armcortex.instrset/win/bin/../lib/gcc/arm-none-eabi/13.2.1/thumb/v7e-m+fp/hard\libm.a
START GROUP
LOAD C:/ProgramData/MATLAB/SupportPackages/R2025a/3P.instrset/gnuarm-armcortex.instrset/win/bin/../lib/gcc/arm-none-eabi/13.2.1/thumb/v7e-m+fp/hard\libgcc.a
LOAD C:/ProgramData/MATLAB/SupportPackages/R2025a/3P.instrset/gnuarm-armcortex.instrset/win/bin/../lib/gcc/arm-none-eabi/13.2.1/thumb/v7e-m+fp/hard\libg_nano.a
LOAD C:/ProgramData/MATLAB/SupportPackages/R2025a/3P.instrset/gnuarm-armcortex.instrset/win/bin/../lib/gcc/arm-none-eabi/13.2.1/thumb/v7e-m+fp/hard\libc_nano.a
END GROUP
START GROUP
LOAD C:/ProgramData/MATLAB/SupportPackages/R2025a/3P.instrset/gnuarm-armcortex.instrset/win/bin/../lib/gcc/arm-none-eabi/13.2.1/thumb/v7e-m+fp/hard\libgcc.a
LOAD C:/ProgramData/MATLAB/SupportPackages/R2025a/3P.instrset/gnuarm-armcortex.instrset/win/bin/../lib/gcc/arm-none-eabi/13.2.1/thumb/v7e-m+fp/hard\libc_nano.a
LOAD C:/ProgramData/MATLAB/SupportPackages/R2025a/3P.instrset/gnuarm-armcortex.instrset/win/bin/../lib/gcc/arm-none-eabi/13.2.1/thumb/v7e-m+fp/hard\libnosys.a
END GROUP
START GROUP
LOAD C:/ProgramData/MATLAB/SupportPackages/R2025a/3P.instrset/gnuarm-armcortex.instrset/win/bin/../lib/gcc/arm-none-eabi/13.2.1/thumb/v7e-m+fp/hard\libgcc.a
LOAD C:/ProgramData/MATLAB/SupportPackages/R2025a/3P.instrset/gnuarm-armcortex.instrset/win/bin/../lib/gcc/arm-none-eabi/13.2.1/thumb/v7e-m+fp/hard\libc_nano.a
LOAD C:/ProgramData/MATLAB/SupportPackages/R2025a/3P.instrset/gnuarm-armcortex.instrset/win/bin/../lib/gcc/arm-none-eabi/13.2.1/thumb/v7e-m+fp/hard\libnosys.a
END GROUP
LOAD C:/ProgramData/MATLAB/SupportPackages/R2025a/3P.instrset/gnuarm-armcortex.instrset/win/bin/../lib/gcc/arm-none-eabi/13.2.1/thumb/v7e-m+fp/hard/crtend.o
LOAD C:/ProgramData/MATLAB/SupportPackages/R2025a/3P.instrset/gnuarm-armcortex.instrset/win/bin/../lib/gcc/arm-none-eabi/13.2.1/thumb/v7e-m+fp/hard/crtn.o
                0x20020000                        _estack = (ORIGIN (RAM) + LENGTH (RAM))
                0x00000200                        _Min_Heap_Size = 0x200
                0x00000400                        _Min_Stack_Size = 0x400

.isr_vector     0x08000000      0x1d8
                0x08000000                        . = ALIGN (0x4)
 *(.isr_vector)
 .isr_vector    0x08000000      0x1d8 startup_stm32g474retx.s.o
                0x08000000                g_pfnVectors
                0x080001d8                        . = ALIGN (0x4)

.text           0x080001d8     0xb490
                0x080001d8                        . = ALIGN (0x4)
 *(.text)
 .text          0x080001d8      0x378 C:/ProgramData/MATLAB/SupportPackages/R2025a/3P.instrset/gnuarm-armcortex.instrset/win/bin/../lib/gcc/arm-none-eabi/13.2.1/thumb/v7e-m+fp/hard\libgcc.a(_arm_addsubdf3.o)
                0x080001d8                __aeabi_drsub
                0x080001e0                __aeabi_dsub
                0x080001e0                __subdf3
                0x080001e4                __aeabi_dadd
                0x080001e4                __adddf3
                0x0800045c                __floatunsidf
                0x0800045c                __aeabi_ui2d
                0x0800047c                __floatsidf
                0x0800047c                __aeabi_i2d
                0x080004a0                __aeabi_f2d
                0x080004a0                __extendsfdf2
                0x080004e4                __floatundidf
                0x080004e4                __aeabi_ul2d
                0x080004f4                __floatdidf
                0x080004f4                __aeabi_l2d
 .text          0x08000550      0x424 C:/ProgramData/MATLAB/SupportPackages/R2025a/3P.instrset/gnuarm-armcortex.instrset/win/bin/../lib/gcc/arm-none-eabi/13.2.1/thumb/v7e-m+fp/hard\libgcc.a(_arm_muldivdf3.o)
                0x08000550                __aeabi_dmul
                0x08000550                __muldf3
                0x080007a4                __divdf3
                0x080007a4                __aeabi_ddiv
 .text          0x08000974      0x110 C:/ProgramData/MATLAB/SupportPackages/R2025a/3P.instrset/gnuarm-armcortex.instrset/win/bin/../lib/gcc/arm-none-eabi/13.2.1/thumb/v7e-m+fp/hard\libgcc.a(_arm_cmpdf2.o)
                0x08000974                __gtdf2
                0x08000974                __gedf2
                0x0800097c                __ltdf2
                0x0800097c                __ledf2
                0x08000984                __nedf2
                0x08000984                __eqdf2
                0x08000984                __cmpdf2
                0x08000a00                __aeabi_cdrcmple
                0x08000a10                __aeabi_cdcmpeq
                0x08000a10                __aeabi_cdcmple
                0x08000a20                __aeabi_dcmpeq
                0x08000a34                __aeabi_dcmplt
                0x08000a48                __aeabi_dcmple
                0x08000a5c                __aeabi_dcmpge
                0x08000a70                __aeabi_dcmpgt
 .text          0x08000a84       0x2c C:/ProgramData/MATLAB/SupportPackages/R2025a/3P.instrset/gnuarm-armcortex.instrset/win/bin/../lib/gcc/arm-none-eabi/13.2.1/thumb/v7e-m+fp/hard\libgcc.a(_arm_unorddf2.o)
                0x08000a84                __unorddf2
                0x08000a84                __aeabi_dcmpun
 .text          0x08000ab0       0x40 C:/ProgramData/MATLAB/SupportPackages/R2025a/3P.instrset/gnuarm-armcortex.instrset/win/bin/../lib/gcc/arm-none-eabi/13.2.1/thumb/v7e-m+fp/hard\libgcc.a(_arm_fixunsdfsi.o)
                0x08000ab0                __aeabi_d2uiz
                0x08000ab0                __fixunsdfsi
 .text          0x08000af0       0x30 C:/ProgramData/MATLAB/SupportPackages/R2025a/3P.instrset/gnuarm-armcortex.instrset/win/bin/../lib/gcc/arm-none-eabi/13.2.1/thumb/v7e-m+fp/hard\libgcc.a(_aeabi_uldivmod.o)
                0x08000af0                __aeabi_uldivmod
 .text          0x08000b20        0x4 C:/ProgramData/MATLAB/SupportPackages/R2025a/3P.instrset/gnuarm-armcortex.instrset/win/bin/../lib/gcc/arm-none-eabi/13.2.1/thumb/v7e-m+fp/hard\libgcc.a(_dvmd_tls.o)
                0x08000b20                __aeabi_idiv0
                0x08000b20                __aeabi_ldiv0
 *(.text*)
 .text.deregister_tm_clones
                0x08000b24       0x1c C:/ProgramData/MATLAB/SupportPackages/R2025a/3P.instrset/gnuarm-armcortex.instrset/win/bin/../lib/gcc/arm-none-eabi/13.2.1/thumb/v7e-m+fp/hard/crtbegin.o
 .text.register_tm_clones
                0x08000b40       0x24 C:/ProgramData/MATLAB/SupportPackages/R2025a/3P.instrset/gnuarm-armcortex.instrset/win/bin/../lib/gcc/arm-none-eabi/13.2.1/thumb/v7e-m+fp/hard/crtbegin.o
 .text.__do_global_dtors_aux
                0x08000b64       0x28 C:/ProgramData/MATLAB/SupportPackages/R2025a/3P.instrset/gnuarm-armcortex.instrset/win/bin/../lib/gcc/arm-none-eabi/13.2.1/thumb/v7e-m+fp/hard/crtbegin.o
 .text.frame_dummy
                0x08000b8c       0x24 C:/ProgramData/MATLAB/SupportPackages/R2025a/3P.instrset/gnuarm-armcortex.instrset/win/bin/../lib/gcc/arm-none-eabi/13.2.1/thumb/v7e-m+fp/hard/crtbegin.o
 .text.extmodeParseArgs
                0x08000bb0       0x1e xcp_ext_mode.c.o
                0x08000bb0                extmodeParseArgs
 *fill*         0x08000bce        0x2 
 .text.extmodeInit
                0x08000bd0      0x128 xcp_ext_mode.c.o
                0x08000bd0                extmodeInit
 .text.extmodeWaitForHostRequest
                0x08000cf8       0xcc xcp_ext_mode.c.o
                0x08000cf8                extmodeWaitForHostRequest
 .text.extmodeEvent
                0x08000dc4       0xfc xcp_ext_mode.c.o
                0x08000dc4                extmodeEvent
 .text.extmodeBackgroundRun
                0x08000ec0       0x20 xcp_ext_mode.c.o
                0x08000ec0                extmodeBackgroundRun
 .text.extmodeReset
                0x08000ee0       0x40 xcp_ext_mode.c.o
                0x08000ee0                extmodeReset
 .text.extmodeStopRequested
                0x08000f20       0x18 xcp_ext_mode.c.o
                0x08000f20                extmodeStopRequested
 .text.extmodeSimulationComplete
                0x08000f38       0x18 xcp_ext_mode.c.o
                0x08000f38                extmodeSimulationComplete
 .text.rt_OneStep
                0x08000f50       0x78 ert_main.c.o
                0x08000f50                rt_OneStep
 .text.main     0x08000fc8      0x180 ert_main.c.o
                0x08000fc8                main
 .text.testuartread_step
                0x08001148       0x30 testuartread.c.o
                0x08001148                testuartread_step
 .text.testuartread_initialize
                0x08001178       0x9c testuartread.c.o
                0x08001178                testuartread_initialize
 .text.testuartread_terminate
                0x08001214        0xe testuartread.c.o
                0x08001214                testuartread_terminate
 .text.xcp_void_printf
                0x08001222       0x12 xcp_ext_common.c.o
                0x08001222                xcp_void_printf
 .text.xcpCopyTimeValue
                0x08001234       0x26 xcp_ext_common.c.o
 *fill*         0x0800125a        0x6 
 .text.xcpExtModeUpdateTime
                0x08001260      0x13c xcp_ext_common.c.o
                0x08001260                xcpExtModeUpdateTime
 .text.xcpExtModeInit
                0x0800139c       0xb0 xcp_ext_common.c.o
                0x0800139c                xcpExtModeInit
 .text.xcpExtModeRunBackground
                0x0800144c      0x13c xcp_ext_common.c.o
                0x0800144c                xcpExtModeRunBackground
 .text.xcpExtModeReset
                0x08001588      0x128 xcp_ext_common.c.o
                0x08001588                xcpExtModeReset
 .text.sampleSignalTrigger
                0x080016b0      0x1b4 xcp_ext_classic_trigger.c.o
 .text.updateTriggerStatus
                0x08001864      0x2b8 xcp_ext_classic_trigger.c.o
 .text.xcpExtModeClassicTriggerInit
                0x08001b1c       0x68 xcp_ext_classic_trigger.c.o
                0x08001b1c                xcpExtModeClassicTriggerInit
 .text.xcpExtModeClassicTriggerEnabled
                0x08001b84      0x100 xcp_ext_classic_trigger.c.o
                0x08001b84                xcpExtModeClassicTriggerEnabled
 .text.xcpExtModeClassicTriggerReset
                0x08001c84       0xf4 xcp_ext_classic_trigger.c.o
                0x08001c84                xcpExtModeClassicTriggerReset
 .text.xcpExtModeClassicTriggerForceEnableStatusUpdate
                0x08001d78       0x78 xcp_ext_classic_trigger.c.o
                0x08001d78                xcpExtModeClassicTriggerForceEnableStatusUpdate
 .text.msgBufferRealloc
                0x08001df0       0x72 xcp.c.o
 *fill*         0x08001e62        0x2 
 .text.discardInputPacketHandler
                0x08001e64       0x3c xcp.c.o
 .text.unknownInputPacketHandler
                0x08001ea0       0x34 xcp.c.o
 .text.xcpGetPacketGroupID
                0x08001ed4       0x74 xcp.c.o
 .text.xcpGetPacketHandlers
                0x08001f48      0x124 xcp.c.o
 .text.xcpStatusSet
                0x0800206c       0x20 xcp.c.o
                0x0800206c                xcpStatusSet
 .text.xcpSessionStatusGet
                0x0800208c       0x18 xcp.c.o
                0x0800208c                xcpSessionStatusGet
 .text.xcpSessionStatusSetMask
                0x080020a4       0x28 xcp.c.o
                0x080020a4                xcpSessionStatusSetMask
 .text.xcpSessionStatusClearMask
                0x080020cc       0x34 xcp.c.o
                0x080020cc                xcpSessionStatusClearMask
 .text.xcpResourceProtectionStatusGet
                0x08002100       0x18 xcp.c.o
                0x08002100                xcpResourceProtectionStatusGet
 .text.xcpSessionConfigurationIdGet
                0x08002118       0x18 xcp.c.o
                0x08002118                xcpSessionConfigurationIdGet
 .text.genericOutputPacketHandler
                0x08002130      0x11c xcp.c.o
                0x08002130                genericOutputPacketHandler
 .text.xcpFindPacket
                0x0800224c       0x6e xcp.c.o
                0x0800224c                xcpFindPacket
 *fill*         0x080022ba        0x2 
 .text.xcpInit  0x080022bc       0x64 xcp.c.o
                0x080022bc                xcpInit
 .text.xcpRun   0x08002320      0x194 xcp.c.o
                0x08002320                xcpRun
 .text.xcpEvent
                0x080024b4       0x50 xcp.c.o
                0x080024b4                xcpEvent
 .text.xcpGetStatus
                0x08002504       0x18 xcp.c.o
                0x08002504                xcpGetStatus
 .text.xcpReset
                0x0800251c       0x40 xcp.c.o
                0x0800251c                xcpReset
 .text.xcpPackedModeEventsFlush
                0x0800255c       0x1e xcp.c.o
                0x0800255c                xcpPackedModeEventsFlush
 .text.xcpPackedModeEventReset
                0x0800257a       0x2a xcp.c.o
                0x0800257a                xcpPackedModeEventReset
 .text.isValidUploadSize
                0x080025a4       0x30 xcp_standard.c.o
 .text.xcpMemcpyFromMTA
                0x080025d4       0x38 xcp_standard.c.o
 .text.connectInputPacketHandler
                0x0800260c       0xa4 xcp_standard.c.o
 .text.connectOutputPacketHandler
                0x080026b0       0xd4 xcp_standard.c.o
 .text.disconnectInputPacketHandler
                0x08002784       0x54 xcp_standard.c.o
 .text.getStatusInputPacketHandler
                0x080027d8       0x28 xcp_standard.c.o
 .text.getStatusOutputPacketHandler
                0x08002800       0x80 xcp_standard.c.o
 .text.synchInputPacketHandler
                0x08002880       0x44 xcp_standard.c.o
 .text.setMTAInputPacketHandler
                0x080028c4       0x78 xcp_standard.c.o
 .text.uploadInputPacketHandler
                0x0800293c       0x98 xcp_standard.c.o
 .text.uploadOutputPacketHandler
                0x080029d4       0x9c xcp_standard.c.o
 .text.shortUploadInputPacketHandler
                0x08002a70       0xa4 xcp_standard.c.o
 .text.shortUploadOutputPacketHandler
                0x08002b14       0x9c xcp_standard.c.o
 .text.getPacket
                0x08002bb0       0x24 xcp_standard.c.o
 .text.xcpStandardInit
                0x08002bd4       0x18 xcp_standard.c.o
                0x08002bd4                xcpStandardInit
 .text.xcpStandardGetPacketLookup
                0x08002bec       0x18 xcp_standard.c.o
                0x08002bec                xcpStandardGetPacketLookup
 .text.xcpStandardSetPacketLookup
                0x08002c04       0x20 xcp_standard.c.o
                0x08002c04                xcpStandardSetPacketLookup
 .text.xcpStandardReset
                0x08002c24       0x12 xcp_standard.c.o
                0x08002c24                xcpStandardReset
 *fill*         0x08002c36        0x2 
 .text.xcpStandardGetAddressFromMta
                0x08002c38       0x18 xcp_standard.c.o
                0x08002c38                xcpStandardGetAddressFromMta
 .text.xcpStandardSetMta
                0x08002c50       0x3c xcp_standard.c.o
                0x08002c50                xcpStandardSetMta
 .text.xcpStandardIncrementMta
                0x08002c8c       0x28 xcp_standard.c.o
                0x08002c8c                xcpStandardIncrementMta
 .text.xcpStandardExtendedInit
                0x08002cb4        0xe xcp_standard.c.o
                0x08002cb4                xcpStandardExtendedInit
 .text.xcpStandardExtendedReset
                0x08002cc2        0xe xcp_standard.c.o
                0x08002cc2                xcpStandardExtendedReset
 .text.xcpDaqWriteLock
                0x08002cd0       0x4c xcp_daq.c.o
 .text.xcpDaqWriteUnlock
                0x08002d1c       0x20 xcp_daq.c.o
 .text.xcpDaqReadLock
                0x08002d3c       0x38 xcp_daq.c.o
 .text.xcpDaqReadUnlock
                0x08002d74       0x38 xcp_daq.c.o
 .text.isActiveDaqList
                0x08002dac       0x50 xcp_daq.c.o
 .text.noActiveDaqLists
                0x08002dfc       0x50 xcp_daq.c.o
 .text.isValidDaqPtr
                0x08002e4c       0xb8 xcp_daq.c.o
 .text.isValidDaqEntry
                0x08002f04       0x36 xcp_daq.c.o
 .text.isSupportedDaqListMode
                0x08002f3a       0x26 xcp_daq.c.o
 .text.isValidStartStopMode
                0x08002f60       0x32 xcp_daq.c.o
 .text.isValidStartStopSynchMode
                0x08002f92       0x32 xcp_daq.c.o
 .text.absoluteOdtNumberIdentification
                0x08002fc4       0x10 xcp_daq.c.o
 .text.isDaqPackedModeEnabled
                0x08002fd4       0x6c xcp_daq.c.o
 .text.odtPacketSize
                0x08003040       0x54 xcp_daq.c.o
 .text.createDaqReservedPool
                0x08003094       0x88 xcp_daq.c.o
 .text.destroyDaqReservedPool
                0x0800311c       0x2c xcp_daq.c.o
 .text.setDaqPtrInputPacketHandler
                0x08003148       0xdc xcp_daq.c.o
 .text.writeDaqInputPacketHandler
                0x08003224      0x198 xcp_daq.c.o
 .text.setDaqListModeInputPacketHandler
                0x080033bc      0x1c8 xcp_daq.c.o
 .text.startStopDaqListInputPacketHandler
                0x08003584      0x3f4 xcp_daq.c.o
 .text.startStopDaqListOutputPacketHandler
                0x08003978       0x5c xcp_daq.c.o
 .text.startStopSynchInputPacketHandler
                0x080039d4      0x328 xcp_daq.c.o
 .text.getDaqProcessorInfoInputPacketHandler
                0x08003cfc       0x28 xcp_daq.c.o
 .text.getDaqProcessorInfoOutputPacketHandler
                0x08003d24       0xac xcp_daq.c.o
 .text.getDaqResolutionInfoInputPacketHandler
                0x08003dd0       0x28 xcp_daq.c.o
 .text.getDaqResolutionInfoOutputPacketHandler
                0x08003df8       0xb8 xcp_daq.c.o
 .text.freeDaqInputPacketHandler
                0x08003eb0       0x5c xcp_daq.c.o
 .text.allocDaqInputPacketHandler
                0x08003f0c      0x18c xcp_daq.c.o
 .text.allocOdtInputPacketHandler
                0x08004098      0x1c0 xcp_daq.c.o
 .text.allocOdtEntryInputPacketHandler
                0x08004258      0x270 xcp_daq.c.o
 .text.getDaqClockInputPacketHandler
                0x080044c8       0x22 xcp_daq.c.o
 *fill*         0x080044ea        0x2 
 .text.setDaqPackedModeInputPacketHandler
                0x080044ec      0x21c xcp_daq.c.o
 .text.level1CommandInputPacketHandler
                0x08004708       0x64 xcp_daq.c.o
 .text.getPacket
                0x0800476c       0x24 xcp_daq.c.o
 .text.xcpDaqInit
                0x08004790       0x38 xcp_daq.c.o
                0x08004790                xcpDaqInit
 .text.xcpDaqGetPacketLookup
                0x080047c8       0x18 xcp_daq.c.o
                0x080047c8                xcpDaqGetPacketLookup
 .text.xcpDaqSetPacketLookup
                0x080047e0       0x20 xcp_daq.c.o
                0x080047e0                xcpDaqSetPacketLookup
 .text.xcpResetDaq
                0x08004800       0xa4 xcp_daq.c.o
 .text.daqWriteXCPDataForOdt
                0x080048a4       0x7c xcp_daq.c.o
 .text.odtWriteEntries
                0x08004920       0x9c xcp_daq.c.o
 .text.xcpProcessDaq
                0x080049bc      0x208 xcp_daq.c.o
 .text.xcpDaqEvent
                0x08004bc4      0x108 xcp_daq.c.o
                0x08004bc4                xcpDaqEvent
 .text.xcpDaqEventsFlush
                0x08004ccc      0x284 xcp_daq.c.o
                0x08004ccc                xcpDaqEventsFlush
 .text.xcpDaqLock
                0x08004f50       0x1e xcp_daq.c.o
                0x08004f50                xcpDaqLock
 .text.xcpDaqUnlock
                0x08004f6e        0xe xcp_daq.c.o
                0x08004f6e                xcpDaqUnlock
 .text.xcpResetDaqListStatus
                0x08004f7c      0x19c xcp_daq.c.o
                0x08004f7c                xcpResetDaqListStatus
 .text.xcpDaqReset
                0x08005118       0x20 xcp_daq.c.o
                0x08005118                xcpDaqReset
 .text.xcpDaqExtendedInit
                0x08005138        0xe xcp_daq.c.o
                0x08005138                xcpDaqExtendedInit
 .text.xcpDaqExtendedReset
                0x08005146        0xe xcp_daq.c.o
                0x08005146                xcpDaqExtendedReset
 .text.isValidShortDownloadSize
                0x08005154       0x34 xcp_calibration.c.o
 .text.isValidDownloadSize
                0x08005188       0x3a xcp_calibration.c.o
 *fill*         0x080051c2        0x2 
 .text.xcpMemcpyToMTA
                0x080051c4       0x34 xcp_calibration.c.o
 .text.downloadInputPacketHandler
                0x080051f8       0xb0 xcp_calibration.c.o
 .text.shortDownloadInputPacketHandler
                0x080052a8       0xb8 xcp_calibration.c.o
 .text.getPacket
                0x08005360       0x24 xcp_calibration.c.o
 .text.xcpCalibrationInit
                0x08005384       0x14 xcp_calibration.c.o
                0x08005384                xcpCalibrationInit
 .text.xcpCalibrationGetPacketLookup
                0x08005398       0x18 xcp_calibration.c.o
                0x08005398                xcpCalibrationGetPacketLookup
 .text.xcpCalibrationSetPacketLookup
                0x080053b0       0x20 xcp_calibration.c.o
                0x080053b0                xcpCalibrationSetPacketLookup
 .text.xcpCalibrationReset
                0x080053d0        0xe xcp_calibration.c.o
                0x080053d0                xcpCalibrationReset
 .text.xcpFifoInit
                0x080053de       0x20 xcp_fifo.c.o
                0x080053de                xcpFifoInit
 .text.xcpFifoEnqueue
                0x080053fe       0x2a xcp_fifo.c.o
                0x080053fe                xcpFifoEnqueue
 .text.xcpFifoDequeue
                0x08005428       0x3e xcp_fifo.c.o
                0x08005428                xcpFifoDequeue
 .text.xcpFifoEnqueueHead
                0x08005466       0x32 xcp_fifo.c.o
                0x08005466                xcpFifoEnqueueHead
 .text.xcpFifoReset
                0x08005498       0x16 xcp_fifo.c.o
                0x08005498                xcpFifoReset
 *fill*         0x080054ae        0x2 
 .text.xcpTransportEmptyTxFifo
                0x080054b0       0x6c xcp_transport.c.o
 .text.xcpTransportEmptyRxFifo
                0x0800551c       0x6c xcp_transport.c.o
 .text.xcpTransportInit
                0x08005588      0x138 xcp_transport.c.o
                0x08005588                xcpTransportInit
 .text.xcpTransportTxReady
                0x080056c0       0x1a xcp_transport.c.o
                0x080056c0                xcpTransportTxReady
 .text.xcpTransportTxTrigger
                0x080056da       0x1a xcp_transport.c.o
                0x080056da                xcpTransportTxTrigger
 .text.xcpTransportTxPacketSet
                0x080056f4      0x144 xcp_transport.c.o
                0x080056f4                xcpTransportTxPacketSet
 .text.xcpTransportTx
                0x08005838       0xec xcp_transport.c.o
                0x08005838                xcpTransportTx
 .text.xcpTransportRx
                0x08005924       0x80 xcp_transport.c.o
                0x08005924                xcpTransportRx
 .text.xcpTransportRxPacketGet
                0x080059a4      0x12c xcp_transport.c.o
                0x080059a4                xcpTransportRxPacketGet
 .text.xcpTransportPacketOffset
                0x08005ad0       0x20 xcp_transport.c.o
                0x08005ad0                xcpTransportPacketOffset
 .text.xcpTransportMsgBufferSize
                0x08005af0       0x70 xcp_transport.c.o
                0x08005af0                xcpTransportMsgBufferSize
 .text.xcpTransportMaxDtoSize
                0x08005b60        0xe xcp_transport.c.o
                0x08005b60                xcpTransportMaxDtoSize
 .text.xcpTransportMaxCtoSize
                0x08005b6e        0xe xcp_transport.c.o
                0x08005b6e                xcpTransportMaxCtoSize
 .text.xcpTransportRestart
                0x08005b7c       0x44 xcp_transport.c.o
                0x08005b7c                xcpTransportRestart
 .text.xcpTransportResynch
                0x08005bc0       0x40 xcp_transport.c.o
                0x08005bc0                xcpTransportResynch
 .text.xcpTransportCtoReservedMemPoolId
                0x08005c00       0x18 xcp_transport.c.o
                0x08005c00                xcpTransportCtoReservedMemPoolId
 .text.xcpTransportReset
                0x08005c18       0xe4 xcp_transport.c.o
                0x08005c18                xcpTransportReset
 .text.xcpInitializePoolMemoryArea
                0x08005cfc       0x72 xcp_mem_default.c.o
 *fill*         0x08005d6e        0x2 
 .text.xcpMemInit
                0x08005d70      0x1d4 xcp_mem_default.c.o
                0x08005d70                xcpMemInit
 .text.xcpMemAlloc
                0x08005f44       0xe8 xcp_mem_default.c.o
                0x08005f44                xcpMemAlloc
 .text.xcpMemFree
                0x0800602c      0x170 xcp_mem_default.c.o
                0x0800602c                xcpMemFree
 .text.xcpMemReservedPoolCreate
                0x0800619c      0x224 xcp_mem_default.c.o
                0x0800619c                xcpMemReservedPoolCreate
 .text.xcpMemReservedPoolDestroy
                0x080063c0      0x158 xcp_mem_default.c.o
                0x080063c0                xcpMemReservedPoolDestroy
 .text.xcpMemCustomPoolCreate
                0x08006518       0xbc xcp_mem_default.c.o
                0x08006518                xcpMemCustomPoolCreate
 .text.xcpMemCustomPoolDestroy
                0x080065d4       0x64 xcp_mem_default.c.o
                0x080065d4                xcpMemCustomPoolDestroy
 .text.xcpMemAllocFromPool
                0x08006638      0x170 xcp_mem_default.c.o
                0x08006638                xcpMemAllocFromPool
 .text.xcpMemReset
                0x080067a8       0x50 xcp_mem_default.c.o
                0x080067a8                xcpMemReset
 .text.xcpDrvOpen
                0x080067f8       0x64 xcp_drv_rtiostream.c.o
                0x080067f8                xcpDrvOpen
 .text.xcpDrvIoctl
                0x0800685c       0x4c xcp_drv_rtiostream.c.o
                0x0800685c                xcpDrvIoctl
 .text.xcpDrvSend
                0x080068a8      0x14c xcp_drv_rtiostream.c.o
                0x080068a8                xcpDrvSend
 .text.xcpDrvRecv
                0x080069f4      0x14c xcp_drv_rtiostream.c.o
                0x080069f4                xcpDrvRecv
 .text.xcpDrvClose
                0x08006b40       0x5c xcp_drv_rtiostream.c.o
                0x08006b40                xcpDrvClose
 .text.xcpSortArray
                0x08006b9c       0xcc xcp_utils.c.o
                0x08006b9c                xcpSortArray
 .text.xcpSxiHtons
                0x08006c68       0x18 xcp_frame_serial.c.o
 .text.xcpSxiNtohs
                0x08006c80       0x1c xcp_frame_serial.c.o
 .text.xcpSxiChecksum
                0x08006c9c       0x3e xcp_frame_serial.c.o
                0x08006c9c                xcpSxiChecksum
 *fill*         0x08006cda        0x2 
 .text.xcpFrameInit
                0x08006cdc       0x70 xcp_frame_serial.c.o
                0x08006cdc                xcpFrameInit
 .text.xcpFrameMsgSend
                0x08006d4c      0x188 xcp_frame_serial.c.o
                0x08006d4c                xcpFrameMsgSend
 .text.xcpFrameMsgRecv
                0x08006ed4      0x180 xcp_frame_serial.c.o
                0x08006ed4                xcpFrameMsgRecv
 .text.xcpFrameCreateMsg
                0x08007054       0x94 xcp_frame_serial.c.o
                0x08007054                xcpFrameCreateMsg
 .text.xcpFrameExtractPacket
                0x080070e8      0x158 xcp_frame_serial.c.o
                0x080070e8                xcpFrameExtractPacket
 .text.xcpFrameHeaderSize
                0x08007240       0x10 xcp_frame_serial.c.o
                0x08007240                xcpFrameHeaderSize
 .text.xcpFrameTailSize
                0x08007250       0x10 xcp_frame_serial.c.o
                0x08007250                xcpFrameTailSize
 .text.xcpFrameMaxDtoSize
                0x08007260       0x12 xcp_frame_serial.c.o
                0x08007260                xcpFrameMaxDtoSize
 .text.xcpFrameMaxCtoSize
                0x08007272       0x10 xcp_frame_serial.c.o
                0x08007272                xcpFrameMaxCtoSize
 *fill*         0x08007282        0x2 
 .text.xcpFrameRestart
                0x08007284       0x30 xcp_frame_serial.c.o
                0x08007284                xcpFrameRestart
 .text.xcpFrameSetCtoReservedMemPoolId
                0x080072b4       0x20 xcp_frame_serial.c.o
                0x080072b4                xcpFrameSetCtoReservedMemPoolId
 .text.xcpFrameReset
                0x080072d4       0x70 xcp_frame_serial.c.o
                0x080072d4                xcpFrameReset
 .text.xcpTransportGetInitParameters
                0x08007344       0x2e xcp_ext_param_default_serial.c.o
                0x08007344                xcpTransportGetInitParameters
 .text.xcpGetInitParameters
                0x08007372       0x2e xcp_ext_param_default_serial.c.o
                0x08007372                xcpGetInitParameters
 .text.HAL_Delay
                0x080073a0       0x2e overrideHALDelay.c.o
                0x080073a0                HAL_Delay
 *fill*         0x080073ce        0x2 
 .text.PeriphCommonClock_Config
                0x080073d0       0x10 platform_timer.c.o
                0x080073d0                PeriphCommonClock_Config
 .text.getCurrentTimestampInMicros
                0x080073e0       0x3c platform_timer.c.o
                0x080073e0                getCurrentTimestampInMicros
 .text.returnTimeElapsed
                0x0800741c       0x2c platform_timer.c.o
                0x0800741c                returnTimeElapsed
 .text.timestampInit
                0x08007448       0x28 platform_timer.c.o
 .text.getCurrentTimestamp
                0x08007470       0x44 platform_timer.c.o
                0x08007470                getCurrentTimestamp
 .text.__NVIC_SetPriority
                0x080074b4       0x54 SysTickScheduler.c.o
 .text.SysTick_Config
                0x08007508       0x44 SysTickScheduler.c.o
 .text.SysTick_Isr
                0x0800754c       0x48 SysTickScheduler.c.o
 .text.SysTick_Handler
                0x08007594       0x20 SysTickScheduler.c.o
                0x08007594                SysTick_Handler
 .text.ARMCM_SysTick_Config
                0x080075b4       0xb0 SysTickScheduler.c.o
                0x080075b4                ARMCM_SysTick_Config
 .text.PendSV_Handler
                0x08007664       0x44 m3m4m4f_multitasking.c.o
                0x08007664                PendSV_Handler
 .text.SVC_Handler
                0x080076a8       0x58 m3m4m4f_multitasking.c.o
                0x080076a8                SVC_Handler
 .text.rtIOStreamOpen
                0x08007700       0x44 rtiostream_serial.c.o
                0x08007700                rtIOStreamOpen
 .text.rtIOStreamSend
                0x08007744       0x38 rtiostream_serial.c.o
                0x08007744                rtIOStreamSend
 .text.rtIOStreamRecv
                0x0800777c       0x48 rtiostream_serial.c.o
                0x0800777c                rtIOStreamRecv
 .text.rtIOStreamClose
                0x080077c4       0x20 rtiostream_serial.c.o
                0x080077c4                rtIOStreamClose
 .text.LL_DMA_GetDataLength
                0x080077e4       0x30 stm_usart.c.o
 .text.getAvailableDataInBuffer
                0x08007814       0xcc stm_usart.c.o
                0x08007814                getAvailableDataInBuffer
 .text.getBytesToBeReadFromBuffer
                0x080078e0       0x6e stm_usart.c.o
                0x080078e0                getBytesToBeReadFromBuffer
 *fill*         0x0800794e        0x2 
 .text.readDataFromBuffer
                0x08007950       0xdc stm_usart.c.o
                0x08007950                readDataFromBuffer
 .text.__NVIC_GetPriorityGrouping
                0x08007a2c       0x1c stm_lpuart.c.o
 .text.__NVIC_EnableIRQ
                0x08007a48       0x3c stm_lpuart.c.o
 .text.__NVIC_SetPriority
                0x08007a84       0x54 stm_lpuart.c.o
 .text.NVIC_EncodePriority
                0x08007ad8       0x66 stm_lpuart.c.o
 *fill*         0x08007b3e        0x2 
 .text.LL_DMA_EnableChannel
                0x08007b40       0x44 stm_lpuart.c.o
 .text.LL_DMA_DisableChannel
                0x08007b84       0x44 stm_lpuart.c.o
 .text.LL_DMA_GetMode
                0x08007bc8       0x34 stm_lpuart.c.o
 .text.LL_DMA_SetDataLength
                0x08007bfc       0x4c stm_lpuart.c.o
 .text.LL_DMA_ConfigAddresses
                0x08007c48       0x7c stm_lpuart.c.o
 .text.LL_DMA_IsActiveFlag_TC1
                0x08007cc4       0x26 stm_lpuart.c.o
 .text.LL_DMA_ClearFlag_TC1
                0x08007cea       0x1a stm_lpuart.c.o
 .text.LL_DMA_EnableIT_TC
                0x08007d04       0x44 stm_lpuart.c.o
 .text.LL_DMA_DisableIT_TC
                0x08007d48       0x44 stm_lpuart.c.o
 .text.LL_DMA_IsEnabledIT_TC
                0x08007d8c       0x3c stm_lpuart.c.o
 .text.LL_LPUART_Enable
                0x08007dc8       0x20 stm_lpuart.c.o
 .text.LL_LPUART_Disable
                0x08007de8       0x20 stm_lpuart.c.o
 .text.LL_LPUART_IsEnabled
                0x08007e08       0x26 stm_lpuart.c.o
 .text.LL_LPUART_IsActiveFlag_PE
                0x08007e2e       0x26 stm_lpuart.c.o
 .text.LL_LPUART_IsActiveFlag_FE
                0x08007e54       0x26 stm_lpuart.c.o
 .text.LL_LPUART_IsActiveFlag_NE
                0x08007e7a       0x26 stm_lpuart.c.o
 .text.LL_LPUART_IsActiveFlag_ORE
                0x08007ea0       0x26 stm_lpuart.c.o
 .text.LL_LPUART_IsActiveFlag_TC
                0x08007ec6       0x26 stm_lpuart.c.o
 .text.LL_LPUART_IsActiveFlag_TXE_TXFNF
                0x08007eec       0x26 stm_lpuart.c.o
 .text.LL_LPUART_ClearFlag_PE
                0x08007f12       0x1a stm_lpuart.c.o
 .text.LL_LPUART_ClearFlag_FE
                0x08007f2c       0x1a stm_lpuart.c.o
 .text.LL_LPUART_ClearFlag_NE
                0x08007f46       0x1a stm_lpuart.c.o
 .text.LL_LPUART_ClearFlag_ORE
                0x08007f60       0x1a stm_lpuart.c.o
 .text.LL_LPUART_EnableIT_RXNE_RXFNE
                0x08007f7a       0x42 stm_lpuart.c.o
 .text.LL_LPUART_EnableIT_PE
                0x08007fbc       0x42 stm_lpuart.c.o
 .text.LL_LPUART_EnableIT_ERROR
                0x08007ffe       0x46 stm_lpuart.c.o
 .text.LL_LPUART_DisableIT_RXNE_RXFNE
                0x08008044       0x42 stm_lpuart.c.o
 .text.LL_LPUART_DisableIT_TXE_TXFNF
                0x08008086       0x42 stm_lpuart.c.o
 .text.LL_LPUART_DisableIT_PE
                0x080080c8       0x42 stm_lpuart.c.o
 .text.LL_LPUART_DisableIT_ERROR
                0x0800810a       0x46 stm_lpuart.c.o
 .text.LL_LPUART_EnableDMAReq_RX
                0x08008150       0x46 stm_lpuart.c.o
 .text.LL_LPUART_DisableDMAReq_RX
                0x08008196       0x46 stm_lpuart.c.o
 .text.LL_LPUART_EnableDMAReq_TX
                0x080081dc       0x46 stm_lpuart.c.o
 .text.LL_LPUART_DisableDMAReq_TX
                0x08008222       0x46 stm_lpuart.c.o
 .text.LL_LPUART_DMA_GetRegAddr
                0x08008268       0x2c stm_lpuart.c.o
 .text.LL_LPUART_ReceiveData8
                0x08008294       0x1a stm_lpuart.c.o
 .text.LL_LPUART_TransmitData8
                0x080082ae       0x1e stm_lpuart.c.o
 .text.LPUART_RXDMAInterruptHandler
                0x080082cc       0xd4 stm_lpuart.c.o
                0x080082cc                LPUART_RXDMAInterruptHandler
 .text.LPUART_IsActiveFlagError
                0x080083a0       0xf4 stm_lpuart.c.o
                0x080083a0                LPUART_IsActiveFlagError
 .text.LPUART1_IRQHandler
                0x08008494       0x14 stm_lpuart.c.o
                0x08008494                LPUART1_IRQHandler
 .text.DMA1_Channel1_IRQHandler
                0x080084a8       0x20 stm_lpuart.c.o
                0x080084a8                DMA1_Channel1_IRQHandler
 .text.LPUART_ConfigureReceiveDMA
                0x080084c8       0xae stm_lpuart.c.o
                0x080084c8                LPUART_ConfigureReceiveDMA
 .text.LPUART_ConfigureTransmitDMA
                0x08008576       0x7a stm_lpuart.c.o
                0x08008576                LPUART_ConfigureTransmitDMA
 .text.MW_LPUART_GetReadErrorStatus
                0x080085f0       0xc8 stm_lpuart.c.o
                0x080085f0                MW_LPUART_GetReadErrorStatus
 .text.MW_LPUART_Initialize
                0x080086b8      0x170 stm_lpuart.c.o
                0x080086b8                MW_LPUART_Initialize
 .text.MW_LPUART_ReceiveUsingBuffer
                0x08008828       0x5c stm_lpuart.c.o
                0x08008828                MW_LPUART_ReceiveUsingBuffer
 .text.MW_LPUART_TransmitUsingPolling
                0x08008884      0x184 stm_lpuart.c.o
                0x08008884                MW_LPUART_TransmitUsingPolling
 .text.MW_LPUART_DeInit
                0x08008a08       0xaa stm_lpuart.c.o
                0x08008a08                MW_LPUART_DeInit
 .text.sys_arch_protect_arm
                0x08008ab2       0x22 sys_arch_arm.c.o
                0x08008ab2                sys_arch_protect_arm
 .text.sys_arch_unprotect_arm
                0x08008ad4       0x20 sys_arch_arm.c.o
                0x08008ad4                sys_arch_unprotect_arm
 .text.__NVIC_GetPriorityGrouping
                0x08008af4       0x1c main.c.o
 .text.__NVIC_EnableIRQ
                0x08008b10       0x3c main.c.o
 .text.__NVIC_SetPriority
                0x08008b4c       0x54 main.c.o
 .text.NVIC_EncodePriority
                0x08008ba0       0x66 main.c.o
 *fill*         0x08008c06        0x2 
 .text.LL_DMA_SetDataTransferDirection
                0x08008c08       0x50 main.c.o
 .text.LL_DMA_SetMode
                0x08008c58       0x4c main.c.o
 .text.LL_DMA_SetPeriphIncMode
                0x08008ca4       0x4c main.c.o
 .text.LL_DMA_SetMemoryIncMode
                0x08008cf0       0x4c main.c.o
 .text.LL_DMA_SetPeriphSize
                0x08008d3c       0x4c main.c.o
 .text.LL_DMA_SetMemorySize
                0x08008d88       0x4c main.c.o
 .text.LL_DMA_SetChannelPriorityLevel
                0x08008dd4       0x4c main.c.o
 .text.LL_DMA_SetPeriphRequest
                0x08008e20       0x54 main.c.o
 .text.LL_LPUART_Enable
                0x08008e74       0x20 main.c.o
 .text.LL_LPUART_DisableFIFO
                0x08008e94       0x20 main.c.o
 .text.LL_LPUART_SetTXFIFOThreshold
                0x08008eb4       0x4e main.c.o
 .text.LL_LPUART_SetRXFIFOThreshold
                0x08008f02       0x4e main.c.o
 .text.LL_LPUART_IsActiveFlag_TEACK
                0x08008f50       0x28 main.c.o
 .text.LL_LPUART_IsActiveFlag_REACK
                0x08008f78       0x28 main.c.o
 .text.LL_RCC_HSI_Enable
                0x08008fa0       0x20 main.c.o
 .text.LL_RCC_HSI_IsReady
                0x08008fc0       0x28 main.c.o
 .text.LL_RCC_HSI_SetCalibTrimming
                0x08008fe8       0x2c main.c.o
 .text.LL_RCC_SetSysClkSource
                0x08009014       0x28 main.c.o
 .text.LL_RCC_GetSysClkSource
                0x0800903c       0x1c main.c.o
 .text.LL_RCC_SetAHBPrescaler
                0x08009058       0x28 main.c.o
 .text.LL_RCC_SetAPB1Prescaler
                0x08009080       0x28 main.c.o
 .text.LL_RCC_SetAPB2Prescaler
                0x080090a8       0x28 main.c.o
 .text.LL_RCC_SetLPUARTClockSource
                0x080090d0       0x2c main.c.o
 .text.LL_RCC_PLL_Enable
                0x080090fc       0x20 main.c.o
 .text.LL_RCC_PLL_IsReady
                0x0800911c       0x28 main.c.o
 .text.LL_RCC_PLL_ConfigDomain_SYS
                0x08009144       0x40 main.c.o
 .text.LL_RCC_PLL_EnableDomain_SYS
                0x08009184       0x20 main.c.o
 .text.LL_AHB1_GRP1_EnableClock
                0x080091a4       0x30 main.c.o
 .text.LL_AHB2_GRP1_EnableClock
                0x080091d4       0x30 main.c.o
 .text.LL_APB1_GRP2_EnableClock
                0x08009204       0x30 main.c.o
 .text.LL_SYSCFG_SetEXTISource
                0x08009234       0x70 main.c.o
 .text.LL_FLASH_SetLatency
                0x080092a4       0x28 main.c.o
 .text.LL_FLASH_GetLatency
                0x080092cc       0x1c main.c.o
 .text.LL_PWR_EnableRange1BoostMode
                0x080092e8       0x24 main.c.o
 .text.LL_GPIO_SetPinMode
                0x0800930c       0x7a main.c.o
 .text.LL_GPIO_SetPinPull
                0x08009386       0x7a main.c.o
 .text.LL_GPIO_ResetOutputPin
                0x08009400       0x1c main.c.o
 .text.SystemClock_Config
                0x0800941c       0xb0 main.c.o
                0x0800941c                SystemClock_Config
 .text.MX_LPUART1_UART_Init
                0x080094cc      0x148 main.c.o
                0x080094cc                MX_LPUART1_UART_Init
 .text.MX_DMA_Init
                0x08009614       0x34 main.c.o
                0x08009614                MX_DMA_Init
 .text.MX_GPIO_Init
                0x08009648       0xd8 main.c.o
                0x08009648                MX_GPIO_Init
 .text.HAL_TIM_PeriodElapsedCallback
                0x08009720       0x1e main.c.o
                0x08009720                HAL_TIM_PeriodElapsedCallback
 .text.Error_Handler
                0x0800973e        0xc main.c.o
                0x0800973e                Error_Handler
 *fill*         0x0800974a        0x2 
 .text.LL_EXTI_IsActiveFlag_0_31
                0x0800974c       0x2c stm32g4xx_it.c.o
 .text.LL_EXTI_ClearFlag_0_31
                0x08009778       0x20 stm32g4xx_it.c.o
 .text.NMI_Handler
                0x08009798        0x8 stm32g4xx_it.c.o
                0x08009798                NMI_Handler
 .text.HardFault_Handler
                0x080097a0        0x8 stm32g4xx_it.c.o
                0x080097a0                HardFault_Handler
 .text.MemManage_Handler
                0x080097a8        0x8 stm32g4xx_it.c.o
                0x080097a8                MemManage_Handler
 .text.BusFault_Handler
                0x080097b0        0x8 stm32g4xx_it.c.o
                0x080097b0                BusFault_Handler
 .text.UsageFault_Handler
                0x080097b8        0x8 stm32g4xx_it.c.o
                0x080097b8                UsageFault_Handler
 .text.DebugMon_Handler
                0x080097c0        0xe stm32g4xx_it.c.o
                0x080097c0                DebugMon_Handler
 *fill*         0x080097ce        0x2 
 .text.TIM2_IRQHandler
                0x080097d0       0x14 stm32g4xx_it.c.o
                0x080097d0                TIM2_IRQHandler
 .text.EXTI15_10_IRQHandler
                0x080097e4       0x1e stm32g4xx_it.c.o
                0x080097e4                EXTI15_10_IRQHandler
 *fill*         0x08009802        0x2 
 .text.HAL_MspInit
                0x08009804       0x48 stm32g4xx_hal_msp.c.o
                0x08009804                HAL_MspInit
 .text.HAL_InitTick
                0x0800984c       0xd8 stm32g4xx_hal_timebase_tim.c.o
                0x0800984c                HAL_InitTick
 .text.LL_SetSystemCoreClock
                0x08009924       0x20 stm32g4xx_ll_utils.c.o
                0x08009924                LL_SetSystemCoreClock
 .text.LL_EXTI_EnableIT_0_31
                0x08009944       0x24 stm32g4xx_ll_exti.c.o
 .text.LL_EXTI_EnableIT_32_63
                0x08009968       0x24 stm32g4xx_ll_exti.c.o
 .text.LL_EXTI_DisableIT_0_31
                0x0800998c       0x28 stm32g4xx_ll_exti.c.o
 .text.LL_EXTI_DisableIT_32_63
                0x080099b4       0x28 stm32g4xx_ll_exti.c.o
 .text.LL_EXTI_EnableEvent_0_31
                0x080099dc       0x24 stm32g4xx_ll_exti.c.o
 .text.LL_EXTI_EnableEvent_32_63
                0x08009a00       0x24 stm32g4xx_ll_exti.c.o
 .text.LL_EXTI_DisableEvent_0_31
                0x08009a24       0x28 stm32g4xx_ll_exti.c.o
 .text.LL_EXTI_DisableEvent_32_63
                0x08009a4c       0x28 stm32g4xx_ll_exti.c.o
 .text.LL_EXTI_EnableRisingTrig_0_31
                0x08009a74       0x24 stm32g4xx_ll_exti.c.o
 .text.LL_EXTI_EnableRisingTrig_32_63
                0x08009a98       0x24 stm32g4xx_ll_exti.c.o
 .text.LL_EXTI_DisableRisingTrig_0_31
                0x08009abc       0x28 stm32g4xx_ll_exti.c.o
 .text.LL_EXTI_DisableRisingTrig_32_63
                0x08009ae4       0x28 stm32g4xx_ll_exti.c.o
 .text.LL_EXTI_EnableFallingTrig_0_31
                0x08009b0c       0x24 stm32g4xx_ll_exti.c.o
 .text.LL_EXTI_EnableFallingTrig_32_63
                0x08009b30       0x24 stm32g4xx_ll_exti.c.o
 .text.LL_EXTI_DisableFallingTrig_0_31
                0x08009b54       0x28 stm32g4xx_ll_exti.c.o
 .text.LL_EXTI_DisableFallingTrig_32_63
                0x08009b7c       0x28 stm32g4xx_ll_exti.c.o
 .text.LL_EXTI_Init
                0x08009ba4      0x1ec stm32g4xx_ll_exti.c.o
                0x08009ba4                LL_EXTI_Init
 .text.HAL_TIM_Base_Init
                0x08009d90       0xae stm32g4xx_hal_tim.c.o
                0x08009d90                HAL_TIM_Base_Init
 .text.HAL_TIM_Base_MspInit
                0x08009e3e       0x14 stm32g4xx_hal_tim.c.o
                0x08009e3e                HAL_TIM_Base_MspInit
 *fill*         0x08009e52        0x2 
 .text.HAL_TIM_Base_Start_IT
                0x08009e54       0xf0 stm32g4xx_hal_tim.c.o
                0x08009e54                HAL_TIM_Base_Start_IT
 .text.HAL_TIM_IRQHandler
                0x08009f44      0x29e stm32g4xx_hal_tim.c.o
                0x08009f44                HAL_TIM_IRQHandler
 .text.HAL_TIM_OC_DelayElapsedCallback
                0x0800a1e2       0x14 stm32g4xx_hal_tim.c.o
                0x0800a1e2                HAL_TIM_OC_DelayElapsedCallback
 .text.HAL_TIM_IC_CaptureCallback
                0x0800a1f6       0x14 stm32g4xx_hal_tim.c.o
                0x0800a1f6                HAL_TIM_IC_CaptureCallback
 .text.HAL_TIM_PWM_PulseFinishedCallback
                0x0800a20a       0x14 stm32g4xx_hal_tim.c.o
                0x0800a20a                HAL_TIM_PWM_PulseFinishedCallback
 .text.HAL_TIM_TriggerCallback
                0x0800a21e       0x14 stm32g4xx_hal_tim.c.o
                0x0800a21e                HAL_TIM_TriggerCallback
 *fill*         0x0800a232        0x2 
 .text.TIM_Base_SetConfig
                0x0800a234      0x168 stm32g4xx_hal_tim.c.o
                0x0800a234                TIM_Base_SetConfig
 .text.HAL_TIMEx_CommutCallback
                0x0800a39c       0x14 stm32g4xx_hal_tim_ex.c.o
                0x0800a39c                HAL_TIMEx_CommutCallback
 .text.HAL_TIMEx_BreakCallback
                0x0800a3b0       0x14 stm32g4xx_hal_tim_ex.c.o
                0x0800a3b0                HAL_TIMEx_BreakCallback
 .text.HAL_TIMEx_Break2Callback
                0x0800a3c4       0x14 stm32g4xx_hal_tim_ex.c.o
                0x0800a3c4                HAL_TIMEx_Break2Callback
 .text.HAL_TIMEx_EncoderIndexCallback
                0x0800a3d8       0x14 stm32g4xx_hal_tim_ex.c.o
                0x0800a3d8                HAL_TIMEx_EncoderIndexCallback
 .text.HAL_TIMEx_DirectionChangeCallback
                0x0800a3ec       0x14 stm32g4xx_hal_tim_ex.c.o
                0x0800a3ec                HAL_TIMEx_DirectionChangeCallback
 .text.HAL_TIMEx_IndexErrorCallback
                0x0800a400       0x14 stm32g4xx_hal_tim_ex.c.o
                0x0800a400                HAL_TIMEx_IndexErrorCallback
 .text.HAL_TIMEx_TransitionErrorCallback
                0x0800a414       0x14 stm32g4xx_hal_tim_ex.c.o
                0x0800a414                HAL_TIMEx_TransitionErrorCallback
 .text.LL_GPIO_SetPinMode
                0x0800a428       0x7a stm32g4xx_ll_gpio.c.o
 .text.LL_GPIO_SetPinOutputType
                0x0800a4a2       0x30 stm32g4xx_ll_gpio.c.o
 .text.LL_GPIO_SetPinSpeed
                0x0800a4d2       0x7a stm32g4xx_ll_gpio.c.o
 .text.LL_GPIO_SetPinPull
                0x0800a54c       0x7a stm32g4xx_ll_gpio.c.o
 .text.LL_GPIO_SetAFPin_0_7
                0x0800a5c6       0x7a stm32g4xx_ll_gpio.c.o
 .text.LL_GPIO_SetAFPin_8_15
                0x0800a640       0x7e stm32g4xx_ll_gpio.c.o
 .text.LL_GPIO_Init
                0x0800a6be       0xdc stm32g4xx_ll_gpio.c.o
                0x0800a6be                LL_GPIO_Init
 .text.LL_LPUART_IsEnabled
                0x0800a79a       0x26 stm32g4xx_ll_lpuart.c.o
 .text.LL_LPUART_SetPrescaler
                0x0800a7c0       0x28 stm32g4xx_ll_lpuart.c.o
 .text.LL_LPUART_SetStopBitsLength
                0x0800a7e8       0x26 stm32g4xx_ll_lpuart.c.o
 .text.LL_LPUART_SetHWFlowCtrl
                0x0800a80e       0x26 stm32g4xx_ll_lpuart.c.o
 .text.LL_LPUART_SetBaudRate
                0x0800a834       0x98 stm32g4xx_ll_lpuart.c.o
 .text.LL_LPUART_Init
                0x0800a8cc       0x98 stm32g4xx_ll_lpuart.c.o
                0x0800a8cc                LL_LPUART_Init
 .text.LL_RCC_HSI_IsReady
                0x0800a964       0x28 stm32g4xx_ll_rcc.c.o
 .text.LL_RCC_LSE_IsReady
                0x0800a98c       0x28 stm32g4xx_ll_rcc.c.o
 .text.LL_RCC_GetSysClkSource
                0x0800a9b4       0x1c stm32g4xx_ll_rcc.c.o
 .text.LL_RCC_GetAHBPrescaler
                0x0800a9d0       0x1c stm32g4xx_ll_rcc.c.o
 .text.LL_RCC_GetAPB1Prescaler
                0x0800a9ec       0x1c stm32g4xx_ll_rcc.c.o
 .text.LL_RCC_GetLPUARTClockSource
                0x0800aa08       0x24 stm32g4xx_ll_rcc.c.o
 .text.LL_RCC_PLL_GetMainSource
                0x0800aa2c       0x1c stm32g4xx_ll_rcc.c.o
 .text.LL_RCC_PLL_GetN
                0x0800aa48       0x1c stm32g4xx_ll_rcc.c.o
 .text.LL_RCC_PLL_GetR
                0x0800aa64       0x1c stm32g4xx_ll_rcc.c.o
 .text.LL_RCC_PLL_GetDivider
                0x0800aa80       0x1c stm32g4xx_ll_rcc.c.o
 .text.LL_RCC_GetLPUARTClockFreq
                0x0800aa9c       0x84 stm32g4xx_ll_rcc.c.o
                0x0800aa9c                LL_RCC_GetLPUARTClockFreq
 .text.RCC_GetSystemClockFreq
                0x0800ab20       0x4c stm32g4xx_ll_rcc.c.o
 .text.RCC_GetHCLKClockFreq
                0x0800ab6c       0x30 stm32g4xx_ll_rcc.c.o
 .text.RCC_GetPCLK1ClockFreq
                0x0800ab9c       0x2c stm32g4xx_ll_rcc.c.o
 .text.RCC_PLL_GetFreqDomain_SYS
                0x0800abc8       0x68 stm32g4xx_ll_rcc.c.o
 .text.HAL_Init
                0x0800ac30       0x30 stm32g4xx_hal.c.o
                0x0800ac30                HAL_Init
 .text.HAL_IncTick
                0x0800ac60       0x24 stm32g4xx_hal.c.o
                0x0800ac60                HAL_IncTick
 .text.HAL_GetTick
                0x0800ac84       0x18 stm32g4xx_hal.c.o
                0x0800ac84                HAL_GetTick
 .text.HAL_RCC_GetHCLKFreq
                0x0800ac9c       0x18 stm32g4xx_hal_rcc.c.o
                0x0800ac9c                HAL_RCC_GetHCLKFreq
 .text.HAL_RCC_GetPCLK1Freq
                0x0800acb4       0x2c stm32g4xx_hal_rcc.c.o
                0x0800acb4                HAL_RCC_GetPCLK1Freq
 .text.HAL_RCC_GetClockConfig
                0x0800ace0       0x64 stm32g4xx_hal_rcc.c.o
                0x0800ace0                HAL_RCC_GetClockConfig
 .text.HAL_PWREx_DisableUCPDDeadBattery
                0x0800ad44       0x20 stm32g4xx_hal_pwr_ex.c.o
                0x0800ad44                HAL_PWREx_DisableUCPDDeadBattery
 .text.__NVIC_SetPriorityGrouping
                0x0800ad64       0x48 stm32g4xx_hal_cortex.c.o
 .text.__NVIC_GetPriorityGrouping
                0x0800adac       0x1c stm32g4xx_hal_cortex.c.o
 .text.__NVIC_EnableIRQ
                0x0800adc8       0x3c stm32g4xx_hal_cortex.c.o
 .text.__NVIC_SetPriority
                0x0800ae04       0x54 stm32g4xx_hal_cortex.c.o
 .text.NVIC_EncodePriority
                0x0800ae58       0x66 stm32g4xx_hal_cortex.c.o
 .text.HAL_NVIC_SetPriorityGrouping
                0x0800aebe       0x16 stm32g4xx_hal_cortex.c.o
                0x0800aebe                HAL_NVIC_SetPriorityGrouping
 .text.HAL_NVIC_SetPriority
                0x0800aed4       0x34 stm32g4xx_hal_cortex.c.o
                0x0800aed4                HAL_NVIC_SetPriority
 .text.HAL_NVIC_EnableIRQ
                0x0800af08       0x1c stm32g4xx_hal_cortex.c.o
                0x0800af08                HAL_NVIC_EnableIRQ
 .text.SystemInit
                0x0800af24       0x24 system_stm32g4xx.c.o
                0x0800af24                SystemInit
 .text.Reset_Handler
                0x0800af48       0x50 startup_stm32g474retx.s.o
                0x0800af48                Reset_Handler
 .text.Default_Handler
                0x0800af98        0x2 startup_stm32g474retx.s.o
                0x0800af98                RTC_Alarm_IRQHandler
                0x0800af98                EXTI2_IRQHandler
                0x0800af98                TIM8_TRG_COM_IRQHandler
                0x0800af98                TIM8_CC_IRQHandler
                0x0800af98                HRTIM1_Master_IRQHandler
                0x0800af98                SPI4_IRQHandler
                0x0800af98                FDCAN3_IT0_IRQHandler
                0x0800af98                TIM1_CC_IRQHandler
                0x0800af98                HRTIM1_FLT_IRQHandler
                0x0800af98                HRTIM1_TIMF_IRQHandler
                0x0800af98                USB_HP_IRQHandler
                0x0800af98                CORDIC_IRQHandler
                0x0800af98                HRTIM1_TIMD_IRQHandler
                0x0800af98                DMA2_Channel8_IRQHandler
                0x0800af98                EXTI3_IRQHandler
                0x0800af98                I2C3_ER_IRQHandler
                0x0800af98                EXTI0_IRQHandler
                0x0800af98                I2C2_EV_IRQHandler
                0x0800af98                FPU_IRQHandler
                0x0800af98                FDCAN1_IT1_IRQHandler
                0x0800af98                TIM1_UP_TIM16_IRQHandler
                0x0800af98                ADC1_2_IRQHandler
                0x0800af98                HRTIM1_TIME_IRQHandler
                0x0800af98                SPI1_IRQHandler
                0x0800af98                TIM6_DAC_IRQHandler
                0x0800af98                HRTIM1_TIMC_IRQHandler
                0x0800af98                TIM8_UP_IRQHandler
                0x0800af98                DMA2_Channel2_IRQHandler
                0x0800af98                DMA1_Channel4_IRQHandler
                0x0800af98                TIM20_TRG_COM_IRQHandler
                0x0800af98                USART3_IRQHandler
                0x0800af98                DMA1_Channel7_IRQHandler
                0x0800af98                UART5_IRQHandler
                0x0800af98                ADC3_IRQHandler
                0x0800af98                TIM4_IRQHandler
                0x0800af98                DMA2_Channel1_IRQHandler
                0x0800af98                QUADSPI_IRQHandler
                0x0800af98                I2C1_EV_IRQHandler
                0x0800af98                DMA1_Channel6_IRQHandler
                0x0800af98                UART4_IRQHandler
                0x0800af98                DMA2_Channel4_IRQHandler
                0x0800af98                TIM3_IRQHandler
                0x0800af98                RCC_IRQHandler
                0x0800af98                TIM20_UP_IRQHandler
                0x0800af98                Default_Handler
                0x0800af98                DMA2_Channel7_IRQHandler
                0x0800af98                RTC_TAMP_LSECSS_IRQHandler
                0x0800af98                FMAC_IRQHandler
                0x0800af98                DMA1_Channel8_IRQHandler
                0x0800af98                HRTIM1_TIMA_IRQHandler
                0x0800af98                TIM7_DAC_IRQHandler
                0x0800af98                FDCAN3_IT1_IRQHandler
                0x0800af98                TIM5_IRQHandler
                0x0800af98                UCPD1_IRQHandler
                0x0800af98                I2C3_EV_IRQHandler
                0x0800af98                EXTI9_5_IRQHandler
                0x0800af98                RTC_WKUP_IRQHandler
                0x0800af98                PVD_PVM_IRQHandler
                0x0800af98                SPI2_IRQHandler
                0x0800af98                ADC5_IRQHandler
                0x0800af98                DMA2_Channel5_IRQHandler
                0x0800af98                CRS_IRQHandler
                0x0800af98                DMA1_Channel5_IRQHandler
                0x0800af98                USB_LP_IRQHandler
                0x0800af98                EXTI4_IRQHandler
                0x0800af98                RNG_IRQHandler
                0x0800af98                HRTIM1_TIMB_IRQHandler
                0x0800af98                TIM1_TRG_COM_TIM17_IRQHandler
                0x0800af98                FDCAN2_IT1_IRQHandler
                0x0800af98                DMA1_Channel3_IRQHandler
                0x0800af98                ADC4_IRQHandler
                0x0800af98                WWDG_IRQHandler
                0x0800af98                I2C4_EV_IRQHandler
                0x0800af98                FDCAN2_IT0_IRQHandler
                0x0800af98                DMA2_Channel6_IRQHandler
                0x0800af98                FDCAN1_IT0_IRQHandler
                0x0800af98                COMP7_IRQHandler
                0x0800af98                COMP1_2_3_IRQHandler
                0x0800af98                EXTI1_IRQHandler
                0x0800af98                USART2_IRQHandler
                0x0800af98                COMP4_5_6_IRQHandler
                0x0800af98                TIM20_BRK_IRQHandler
                0x0800af98                I2C2_ER_IRQHandler
                0x0800af98                DMA1_Channel2_IRQHandler
                0x0800af98                TIM8_BRK_IRQHandler
                0x0800af98                FLASH_IRQHandler
                0x0800af98                TIM20_CC_IRQHandler
                0x0800af98                USART1_IRQHandler
                0x0800af98                SPI3_IRQHandler
                0x0800af98                I2C1_ER_IRQHandler
                0x0800af98                FMC_IRQHandler
                0x0800af98                LPTIM1_IRQHandler
                0x0800af98                DMAMUX_OVR_IRQHandler
                0x0800af98                I2C4_ER_IRQHandler
                0x0800af98                USBWakeUp_IRQHandler
                0x0800af98                SAI1_IRQHandler
                0x0800af98                DMA2_Channel3_IRQHandler
                0x0800af98                TIM1_BRK_TIM15_IRQHandler
 *fill*         0x0800af9a        0x2 
 .text.fmod     0x0800af9c       0x6c C:/ProgramData/MATLAB/SupportPackages/R2025a/3P.instrset/gnuarm-armcortex.instrset/win/bin/../lib/gcc/arm-none-eabi/13.2.1/thumb/v7e-m+fp/hard\libm.a(libm_a-w_fmod.o)
                0x0800af9c                fmod
 .text.__ieee754_fmod
                0x0800b008      0x30c C:/ProgramData/MATLAB/SupportPackages/R2025a/3P.instrset/gnuarm-armcortex.instrset/win/bin/../lib/gcc/arm-none-eabi/13.2.1/thumb/v7e-m+fp/hard\libm.a(libm_a-e_fmod.o)
                0x0800b008                __ieee754_fmod
 .text.__udivmoddi4
                0x0800b314      0x2bc C:/ProgramData/MATLAB/SupportPackages/R2025a/3P.instrset/gnuarm-armcortex.instrset/win/bin/../lib/gcc/arm-none-eabi/13.2.1/thumb/v7e-m+fp/hard\libgcc.a(_udivmoddi4.o)
                0x0800b314                __udivmoddi4
 .text.memset   0x0800b5d0       0x10 C:/ProgramData/MATLAB/SupportPackages/R2025a/3P.instrset/gnuarm-armcortex.instrset/win/bin/../lib/gcc/arm-none-eabi/13.2.1/thumb/v7e-m+fp/hard\libg_nano.a(libc_a-memset.o)
                0x0800b5d0                memset
 .text.__errno  0x0800b5e0        0xc C:/ProgramData/MATLAB/SupportPackages/R2025a/3P.instrset/gnuarm-armcortex.instrset/win/bin/../lib/gcc/arm-none-eabi/13.2.1/thumb/v7e-m+fp/hard\libg_nano.a(libc_a-errno.o)
                0x0800b5e0                __errno
 .text.__libc_init_array
                0x0800b5ec       0x48 C:/ProgramData/MATLAB/SupportPackages/R2025a/3P.instrset/gnuarm-armcortex.instrset/win/bin/../lib/gcc/arm-none-eabi/13.2.1/thumb/v7e-m+fp/hard\libg_nano.a(libc_a-init.o)
                0x0800b5ec                __libc_init_array
 .text.memcpy   0x0800b634       0x1c C:/ProgramData/MATLAB/SupportPackages/R2025a/3P.instrset/gnuarm-armcortex.instrset/win/bin/../lib/gcc/arm-none-eabi/13.2.1/thumb/v7e-m+fp/hard\libg_nano.a(libc_a-memcpy-stub.o)
                0x0800b634                memcpy
 *(.glue_7)
 .glue_7        0x0800b650        0x0 linker stubs
 *(.glue_7t)
 .glue_7t       0x0800b650        0x0 linker stubs
 *(.eh_frame)
 .eh_frame      0x0800b650        0x0 C:/ProgramData/MATLAB/SupportPackages/R2025a/3P.instrset/gnuarm-armcortex.instrset/win/bin/../lib/gcc/arm-none-eabi/13.2.1/thumb/v7e-m+fp/hard/crtbegin.o
 *(.init)
 .init          0x0800b650        0x4 C:/ProgramData/MATLAB/SupportPackages/R2025a/3P.instrset/gnuarm-armcortex.instrset/win/bin/../lib/gcc/arm-none-eabi/13.2.1/thumb/v7e-m+fp/hard/crti.o
                0x0800b650                _init
 .init          0x0800b654        0x8 C:/ProgramData/MATLAB/SupportPackages/R2025a/3P.instrset/gnuarm-armcortex.instrset/win/bin/../lib/gcc/arm-none-eabi/13.2.1/thumb/v7e-m+fp/hard/crtn.o
 *(.fini)
 .fini          0x0800b65c        0x4 C:/ProgramData/MATLAB/SupportPackages/R2025a/3P.instrset/gnuarm-armcortex.instrset/win/bin/../lib/gcc/arm-none-eabi/13.2.1/thumb/v7e-m+fp/hard/crti.o
                0x0800b65c                _fini
 .fini          0x0800b660        0x8 C:/ProgramData/MATLAB/SupportPackages/R2025a/3P.instrset/gnuarm-armcortex.instrset/win/bin/../lib/gcc/arm-none-eabi/13.2.1/thumb/v7e-m+fp/hard/crtn.o
                0x0800b668                        . = ALIGN (0x4)
                0x0800b668                        _etext = .

.vfp11_veneer   0x0800b668        0x0
 .vfp11_veneer  0x0800b668        0x0 linker stubs

.v4_bx          0x0800b668        0x0
 .v4_bx         0x0800b668        0x0 linker stubs

.iplt           0x0800b668        0x0
 .iplt          0x0800b668        0x0 C:/ProgramData/MATLAB/SupportPackages/R2025a/3P.instrset/gnuarm-armcortex.instrset/win/bin/../lib/gcc/arm-none-eabi/13.2.1/thumb/v7e-m+fp/hard/crtbegin.o

.rodata         0x0800b668     0x29f0
                0x0800b668                        . = ALIGN (0x4)
 *(.rodata)
 .rodata        0x0800b668      0x2b9 xcp_ext_mode.c.o
 *fill*         0x0800b921        0x3 
 .rodata        0x0800b924      0x12e xcp_ext_common.c.o
 *fill*         0x0800ba52        0x2 
 .rodata        0x0800ba54       0x4c xcp_ext_classic_trigger.c.o
 .rodata        0x0800baa0      0x278 xcp.c.o
 .rodata        0x0800bd18      0x3a9 xcp_standard.c.o
 *fill*         0x0800c0c1        0x3 
 .rodata        0x0800c0c4     0x1010 xcp_daq.c.o
 .rodata        0x0800d0d4       0xdd xcp_calibration.c.o
 *fill*         0x0800d1b1        0x3 
 .rodata        0x0800d1b4      0x56e xcp_transport.c.o
 *fill*         0x0800d722        0x2 
 .rodata        0x0800d724       0xf5 xcp_mem_default.c.o
 *fill*         0x0800d819        0x3 
 .rodata        0x0800d81c      0x228 xcp_drv_rtiostream.c.o
 .rodata        0x0800da44      0x4aa xcp_frame_serial.c.o
 *(.rodata*)
 *fill*         0x0800deee        0x2 
 .rodata.testuartread_M
                0x0800def0        0x4 testuartread.c.o
                0x0800def0                testuartread_M
 .rodata.rtAlwaysEnabled.0
                0x0800def4        0x1 testuartread.c.o
 *fill*         0x0800def5        0x3 
 .rodata.standardSupportedRxPacket
                0x0800def8       0x54 xcp_standard.c.o
 .rodata.daqSupportedRxPacket
                0x0800df4c       0x9c xcp_daq.c.o
 .rodata.calibrationSupportedRxPacket
                0x0800dfe8       0x18 xcp_calibration.c.o
 .rodata.CHANNEL_OFFSET_TAB
                0x0800e000        0x8 stm_usart.c.o
 .rodata.CHANNEL_OFFSET_TAB
                0x0800e008        0x8 stm_lpuart.c.o
 .rodata.CHANNEL_OFFSET_TAB
                0x0800e010        0x8 main.c.o
 .rodata.LPUART_PRESCALER_TAB
                0x0800e018       0x18 stm32g4xx_ll_lpuart.c.o
 .rodata.AHBPrescTable
                0x0800e030       0x10 system_stm32g4xx.c.o
                0x0800e030                AHBPrescTable
 .rodata.APBPrescTable
                0x0800e040        0x8 system_stm32g4xx.c.o
                0x0800e040                APBPrescTable
 .rodata.Zero   0x0800e048       0x10 C:/ProgramData/MATLAB/SupportPackages/R2025a/3P.instrset/gnuarm-armcortex.instrset/win/bin/../lib/gcc/arm-none-eabi/13.2.1/thumb/v7e-m+fp/hard\libm.a(libm_a-e_fmod.o)
                0x0800e058                        . = ALIGN (0x4)

.ARM.extab      0x0800e058        0x0
                0x0800e058                        . = ALIGN (0x4)
 *(.ARM.extab* .gnu.linkonce.armextab.*)
                0x0800e058                        . = ALIGN (0x4)

.ARM            0x0800e058        0x8
                0x0800e058                        . = ALIGN (0x4)
                0x0800e058                        __exidx_start = .
 *(.ARM.exidx*)
 .ARM.exidx.text.__udivmoddi4
                0x0800e058        0x8 C:/ProgramData/MATLAB/SupportPackages/R2025a/3P.instrset/gnuarm-armcortex.instrset/win/bin/../lib/gcc/arm-none-eabi/13.2.1/thumb/v7e-m+fp/hard\libgcc.a(_udivmoddi4.o)
                0x0800e060                        __exidx_end = .
                0x0800e060                        . = ALIGN (0x4)

.preinit_array  0x0800e060        0x0
                0x0800e060                        . = ALIGN (0x4)
                0x0800e060                        PROVIDE (__preinit_array_start = .)
 *(.preinit_array*)
                0x0800e060                        PROVIDE (__preinit_array_end = .)
                0x0800e060                        . = ALIGN (0x4)

.init_array     0x0800e060        0x4
                0x0800e060                        . = ALIGN (0x4)
                0x0800e060                        PROVIDE (__init_array_start = .)
 *(SORT_BY_NAME(.init_array.*))
 *(.init_array*)
 .init_array    0x0800e060        0x4 C:/ProgramData/MATLAB/SupportPackages/R2025a/3P.instrset/gnuarm-armcortex.instrset/win/bin/../lib/gcc/arm-none-eabi/13.2.1/thumb/v7e-m+fp/hard/crtbegin.o
                0x0800e064                        PROVIDE (__init_array_end = .)
                0x0800e064                        . = ALIGN (0x4)

.fini_array     0x0800e064        0x4
                0x0800e064                        . = ALIGN (0x4)
                [!provide]                        PROVIDE (__fini_array_start = .)
 *(SORT_BY_NAME(.fini_array.*))
 *(.fini_array*)
 .fini_array    0x0800e064        0x4 C:/ProgramData/MATLAB/SupportPackages/R2025a/3P.instrset/gnuarm-armcortex.instrset/win/bin/../lib/gcc/arm-none-eabi/13.2.1/thumb/v7e-m+fp/hard/crtbegin.o
                [!provide]                        PROVIDE (__fini_array_end = .)
                0x0800e068                        . = ALIGN (0x4)
                0x0800e068                        _sidata = LOADADDR (.data)

.rel.dyn        0x0800e068        0x0
 .rel.iplt      0x0800e068        0x0 C:/ProgramData/MATLAB/SupportPackages/R2025a/3P.instrset/gnuarm-armcortex.instrset/win/bin/../lib/gcc/arm-none-eabi/13.2.1/thumb/v7e-m+fp/hard/crtbegin.o

.data           0x20000000       0xe4 load address 0x0800e068
                0x20000000                        . = ALIGN (0x4)
                0x20000000                        _sdata = .
 *(.data)
 *(.data*)
 .data.xcpExtmodeFinalSimulationTime
                0x20000000        0x8 xcp_ext_common.c.o
                0x20000000                xcpExtmodeFinalSimulationTime
 .data.xcpClassicTriggerDuration
                0x20000008        0x4 xcp_ext_classic_trigger.c.o
                0x20000008                xcpClassicTriggerDuration
 .data.xcpClassicTriggerArmRequest
                0x2000000c        0x1 xcp_ext_classic_trigger.c.o
                0x2000000c                xcpClassicTriggerArmRequest
 *fill*         0x2000000d        0x3 
 .data.startStopDaqListId
                0x20000010        0x4 xcp_daq.c.o
 .data.xcpCurrentDaq
                0x20000014        0x4 xcp_daq.c.o
 .data.xcpEventCustomMemoryManager
                0x20000018        0xc xcp_daq.c.o
 .data.xcpCtoReservedMemPoolId
                0x20000024        0x4 xcp_transport.c.o
 .data.xcpMemMainBlockSizes
                0x20000028        0xc xcp_mem_default.c.o
 .data.xcpMemMainBlocksNumber
                0x20000034        0xc xcp_mem_default.c.o
 .data.drvID    0x20000040        0x4 xcp_drv_rtiostream.c.o
 .data.xcpCtoReservedMemPoolId
                0x20000044        0x4 xcp_frame_serial.c.o
 .data.uartObj  0x20000048       0x40 rtiostream_serial.c.o
                0x20000048                uartObj
 .data.uwTickPrio
                0x20000088        0x4 stm32g4xx_hal.c.o
                0x20000088                uwTickPrio
 .data.uwTickFreq
                0x2000008c        0x4 stm32g4xx_hal.c.o
                0x2000008c                uwTickFreq
 .data.SystemCoreClock
                0x20000090        0x4 system_stm32g4xx.c.o
                0x20000090                SystemCoreClock
 .data._impure_ptr
                0x20000094        0x4 C:/ProgramData/MATLAB/SupportPackages/R2025a/3P.instrset/gnuarm-armcortex.instrset/win/bin/../lib/gcc/arm-none-eabi/13.2.1/thumb/v7e-m+fp/hard\libg_nano.a(libc_a-impure.o)
                0x20000094                _impure_ptr
 .data._impure_data
                0x20000098       0x4c C:/ProgramData/MATLAB/SupportPackages/R2025a/3P.instrset/gnuarm-armcortex.instrset/win/bin/../lib/gcc/arm-none-eabi/13.2.1/thumb/v7e-m+fp/hard\libg_nano.a(libc_a-impure.o)
                0x20000098                _impure_data
 *(.RamFunc)
 *(.RamFunc*)
                0x200000e4                        . = ALIGN (0x4)
                0x200000e4                        _edata = .

.tm_clone_table
                0x200000e4        0x0 load address 0x0800e14c
 .tm_clone_table
                0x200000e4        0x0 C:/ProgramData/MATLAB/SupportPackages/R2025a/3P.instrset/gnuarm-armcortex.instrset/win/bin/../lib/gcc/arm-none-eabi/13.2.1/thumb/v7e-m+fp/hard/crtbegin.o
 .tm_clone_table
                0x200000e4        0x0 C:/ProgramData/MATLAB/SupportPackages/R2025a/3P.instrset/gnuarm-armcortex.instrset/win/bin/../lib/gcc/arm-none-eabi/13.2.1/thumb/v7e-m+fp/hard/crtend.o

.igot.plt       0x200000e4        0x0 load address 0x0800e14c
 .igot.plt      0x200000e4        0x0 C:/ProgramData/MATLAB/SupportPackages/R2025a/3P.instrset/gnuarm-armcortex.instrset/win/bin/../lib/gcc/arm-none-eabi/13.2.1/thumb/v7e-m+fp/hard/crtbegin.o
                0x200000e4                        . = ALIGN (0x4)

.bss            0x200000e8     0x116c load address 0x0800e14c
                0x200000e8                        _sbss = .
                0x200000e8                        __bss_start__ = _sbss
 *(.bss)
 *(.bss*)
 .bss.completed.1
                0x200000e8        0x1 C:/ProgramData/MATLAB/SupportPackages/R2025a/3P.instrset/gnuarm-armcortex.instrset/win/bin/../lib/gcc/arm-none-eabi/13.2.1/thumb/v7e-m+fp/hard/crtbegin.o
 *fill*         0x200000e9        0x3 
 .bss.object.0  0x200000ec       0x18 C:/ProgramData/MATLAB/SupportPackages/R2025a/3P.instrset/gnuarm-armcortex.instrset/win/bin/../lib/gcc/arm-none-eabi/13.2.1/thumb/v7e-m+fp/hard/crtbegin.o
 .bss.xcpCustomTriggerFunction
                0x20000104        0x8 xcp_ext_mode.c.o
 .bss.IsrOverrun
                0x2000010c        0x4 ert_main.c.o
                0x2000010c                IsrOverrun
 .bss.OverrunFlag
                0x20000110        0x1 ert_main.c.o
 .bss.stopRequested
                0x20000111        0x1 ert_main.c.o
                0x20000111                stopRequested
 .bss.runModel  0x20000112        0x1 ert_main.c.o
                0x20000112                runModel
 *fill*         0x20000113        0x5 
 .bss.testuartread_M_
                0x20000118       0x48 testuartread.c.o
 .bss.rt_ExtModeInfo.2
                0x20000160       0x14 testuartread.c.o
 .bss.systemRan.1
                0x20000174        0x4 testuartread.c.o
 .bss.xcpModelStartRequest
                0x20000178        0x1 xcp_ext_common.c.o
                0x20000178                xcpModelStartRequest
 .bss.xcpModelStopRequest
                0x20000179        0x1 xcp_ext_common.c.o
                0x20000179                xcpModelStopRequest
 .bss.xcpModelStatus
                0x2000017a        0x1 xcp_ext_common.c.o
                0x2000017a                xcpModelStatus
 *fill*         0x2000017b        0x1 
 .bss.xcpModelChecksum0
                0x2000017c        0x4 xcp_ext_common.c.o
                0x2000017c                xcpModelChecksum0
 .bss.xcpModelChecksum1
                0x20000180        0x4 xcp_ext_common.c.o
                0x20000180                xcpModelChecksum1
 .bss.xcpModelChecksum2
                0x20000184        0x4 xcp_ext_common.c.o
                0x20000184                xcpModelChecksum2
 .bss.xcpModelChecksum3
                0x20000188        0x4 xcp_ext_common.c.o
                0x20000188                xcpModelChecksum3
 .bss.xcpModelIntegerCode
                0x2000018c        0x4 xcp_ext_common.c.o
                0x2000018c                xcpModelIntegerCode
 .bss.xcpExtmodeSimulationComplete
                0x20000190        0x1 xcp_ext_common.c.o
                0x20000190                xcpExtmodeSimulationComplete
 *fill*         0x20000191        0x7 
 .bss.xcpDummyDoubleVariable
                0x20000198        0x8 xcp_ext_common.c.o
                0x20000198                xcpDummyDoubleVariable
 .bss.xcpDummyUint64Variable
                0x200001a0        0x8 xcp_ext_common.c.o
                0x200001a0                xcpDummyUint64Variable
 .bss.xcpCurrentSimulationTimeInMs
                0x200001a8        0x8 xcp_ext_common.c.o
                0x200001a8                xcpCurrentSimulationTimeInMs
 .bss.xcpBaseRateSimulationTime
                0x200001b0        0x8 xcp_ext_common.c.o
 .bss.xcpClassicTriggerEventId
                0x200001b8        0x2 xcp_ext_classic_trigger.c.o
                0x200001b8                xcpClassicTriggerEventId
 *fill*         0x200001ba        0x2 
 .bss.xcpClassicTriggerSignalAddress
                0x200001bc        0x4 xcp_ext_classic_trigger.c.o
                0x200001bc                xcpClassicTriggerSignalAddress
 .bss.xcpClassicTriggerSignalAddressExtension
                0x200001c0        0x1 xcp_ext_classic_trigger.c.o
                0x200001c0                xcpClassicTriggerSignalAddressExtension
 *fill*         0x200001c1        0x7 
 .bss.xcpClassicTriggerLevel
                0x200001c8        0x8 xcp_ext_classic_trigger.c.o
                0x200001c8                xcpClassicTriggerLevel
 .bss.xcpClassicTriggerHoldOff
                0x200001d0        0x4 xcp_ext_classic_trigger.c.o
                0x200001d0                xcpClassicTriggerHoldOff
 .bss.xcpClassicTriggerDelay
                0x200001d4        0x4 xcp_ext_classic_trigger.c.o
                0x200001d4                xcpClassicTriggerDelay
 .bss.xcpClassicTriggerDirection
                0x200001d8        0x1 xcp_ext_classic_trigger.c.o
                0x200001d8                xcpClassicTriggerDirection
 .bss.xcpClassicTriggerCancelRequest
                0x200001d9        0x1 xcp_ext_classic_trigger.c.o
                0x200001d9                xcpClassicTriggerCancelRequest
 .bss.xcpClassicTriggerSource
                0x200001da        0x1 xcp_ext_classic_trigger.c.o
                0x200001da                xcpClassicTriggerSource
 .bss.xcpClassicTriggerMode
                0x200001db        0x1 xcp_ext_classic_trigger.c.o
                0x200001db                xcpClassicTriggerMode
 .bss.xcpClassicTriggerStatus
                0x200001dc        0x1 xcp_ext_classic_trigger.c.o
                0x200001dc                xcpClassicTriggerStatus
 *fill*         0x200001dd        0x3 
 .bss.xcpOldSignalValue
                0x200001e0        0x8 xcp_ext_classic_trigger.c.o
 .bss.xcpOldSignalValueAvailable
                0x200001e8        0x1 xcp_ext_classic_trigger.c.o
 .bss.xcpOldClassicTriggerSource
                0x200001e9        0x1 xcp_ext_classic_trigger.c.o
 .bss.xcpTriggerEnabled
                0x200001ea        0x1 xcp_ext_classic_trigger.c.o
 .bss.xcpSignalTriggerFired
                0x200001eb        0x1 xcp_ext_classic_trigger.c.o
 .bss.xcpTriggerCount
                0x200001ec        0x4 xcp_ext_classic_trigger.c.o
 .bss.xcpForcedTriggerEnabled
                0x200001f0        0x1 xcp_ext_classic_trigger.c.o
 .bss.xcpForceTriggerEnableRequest
                0x200001f1        0x1 xcp_ext_classic_trigger.c.o
 .bss.initialized
                0x200001f2        0x1 xcp.c.o
 .bss.xcpStatus
                0x200001f3        0x1 xcp.c.o
 .bss.xcpSessionStatus
                0x200001f4        0x1 xcp.c.o
 .bss.xcpResourceProtectionStatus
                0x200001f5        0x1 xcp.c.o
 .bss.xcpSessionConfigurationId
                0x200001f6        0x2 xcp.c.o
 .bss.groupPacketLookup
                0x200001f8       0x10 xcp.c.o
 .bss.xcpMta    0x20000208        0x8 xcp_standard.c.o
 .bss.xcpUploadSize
                0x20000210        0x1 xcp_standard.c.o
 *fill*         0x20000211        0x3 
 .bss.packetLookup
                0x20000214        0x4 xcp_standard.c.o
 .bss.xcpDynamicDaqLists
                0x20000218        0x8 xcp_daq.c.o
 .bss.xcpRunningEventCounter
                0x20000220        0x4 xcp_daq.c.o
 .bss.daqLock   0x20000224        0x4 xcp_daq.c.o
 .bss.packetLookup
                0x20000228        0x4 xcp_daq.c.o
 .bss.packetLookup
                0x2000022c        0x4 xcp_calibration.c.o
 .bss.txFifo    0x20000230       0x10 xcp_transport.c.o
 .bss.txLock    0x20000240        0x4 xcp_transport.c.o
 .bss.rxFifo    0x20000244        0x8 xcp_transport.c.o
 .bss.rxLock    0x2000024c        0x4 xcp_transport.c.o
 .bss.initialized
                0x20000250        0x1 xcp_transport.c.o
 *fill*         0x20000251        0x3 
 .bss.xcpMemPoolDescriptors
                0x20000254       0xc0 xcp_mem_default.c.o
 .bss.xcpMemCustomPoolDescriptors
                0x20000314        0x8 xcp_mem_default.c.o
 .bss.xcpMemMainChunk
                0x2000031c      0x3c7 xcp_mem_default.c.o
 *fill*         0x200006e3        0x1 
 .bss.xcpMemReservedPoolsChunk
                0x200006e4      0x571 xcp_mem_default.c.o
 *fill*         0x20000c55        0x3 
 .bss.xcpMemReservedPoolsChunkUsedBytes
                0x20000c58        0x4 xcp_mem_default.c.o
 .bss.xcpMemLock
                0x20000c5c        0x4 xcp_mem_default.c.o
 .bss.forceBlocking
                0x20000c60        0x1 xcp_drv_rtiostream.c.o
 *fill*         0x20000c61        0x1 
 .bss.txCounter
                0x20000c62        0x2 xcp_frame_serial.c.o
 .bss.rxCounter
                0x20000c64        0x2 xcp_frame_serial.c.o
 *fill*         0x20000c66        0x2 
 .bss.firstRxCounterReceived
                0x20000c68        0x4 xcp_frame_serial.c.o
 .bss.initialized
                0x20000c6c        0x1 xcp_frame_serial.c.o
 *fill*         0x20000c6d        0x3 
 .bss.timestampInitialized
                0x20000c70        0x4 platform_timer.c.o
 .bss.timestampStartTime
                0x20000c74        0x4 platform_timer.c.o
 .bss.schdl_counter
                0x20000c78        0x4 SysTickScheduler.c.o
                0x20000c78                schdl_counter
 .bss.schdl_counter_max
                0x20000c7c        0x4 SysTickScheduler.c.o
                0x20000c7c                schdl_counter_max
 .bss.taskToSchedule
                0x20000c80        0x4 m3m4m4f_multitasking.c.o
                0x20000c80                taskToSchedule
 .bss.mw_ext_h  0x20000c84        0x4 rtiostream_serial.c.o
                0x20000c84                mw_ext_h
 .bss.UARTRxBuffer
                0x20000c88        0x4 rtiostream_serial.c.o
                0x20000c88                UARTRxBuffer
 .bss.mw_lpuart1
                0x20000c8c       0x40 stm_lpuart.c.o
                0x20000c8c                mw_lpuart1
 .bss.LPUART1ReceiveBuffer
                0x20000ccc      0x400 stm_lpuart.c.o
                0x20000ccc                LPUART1ReceiveBuffer
 .bss.htim2     0x200010cc       0x4c stm32g4xx_hal_timebase_tim.c.o
                0x200010cc                htim2
 .bss.uwTick    0x20001118        0x4 stm32g4xx_hal.c.o
                0x20001118                uwTick
 .bss.__sf      0x2000111c      0x138 C:/ProgramData/MATLAB/SupportPackages/R2025a/3P.instrset/gnuarm-armcortex.instrset/win/bin/../lib/gcc/arm-none-eabi/13.2.1/thumb/v7e-m+fp/hard\libg_nano.a(libc_a-findfp.o)
                0x2000111c                __sf
 *(COMMON)
                0x20001254                        . = ALIGN (0x4)
                0x20001254                        _ebss = .
                0x20001254                        __bss_end__ = _ebss

._user_heap_stack
                0x20001254      0x604 load address 0x0800e14c
                0x20001258                        . = ALIGN (0x8)
 *fill*         0x20001254        0x4 
                [!provide]                        PROVIDE (end = .)
                0x20001258                        PROVIDE (_end = .)
                0x20001458                        . = (. + _Min_Heap_Size)
 *fill*         0x20001258      0x200 
                0x20001858                        . = (. + _Min_Stack_Size)
 *fill*         0x20001458      0x400 
                0x20001858                        . = ALIGN (0x8)

/DISCARD/
 libc.a(*)
 libm.a(*)
 libgcc.a(*)

.ARM.attributes
                0x00000000       0x30
 *(.ARM.attributes)
 .ARM.attributes
                0x00000000       0x22 C:/ProgramData/MATLAB/SupportPackages/R2025a/3P.instrset/gnuarm-armcortex.instrset/win/bin/../lib/gcc/arm-none-eabi/13.2.1/thumb/v7e-m+fp/hard/crti.o
 .ARM.attributes
                0x00000022       0x34 C:/ProgramData/MATLAB/SupportPackages/R2025a/3P.instrset/gnuarm-armcortex.instrset/win/bin/../lib/gcc/arm-none-eabi/13.2.1/thumb/v7e-m+fp/hard/crtbegin.o
 .ARM.attributes
                0x00000056       0x34 xcp_ext_mode.c.o
 .ARM.attributes
                0x0000008a       0x34 ert_main.c.o
 .ARM.attributes
                0x000000be       0x34 testuartread.c.o
 .ARM.attributes
                0x000000f2       0x34 xcp_ext_common.c.o
 .ARM.attributes
                0x00000126       0x34 xcp_ext_classic_trigger.c.o
 .ARM.attributes
                0x0000015a       0x34 xcp.c.o
 .ARM.attributes
                0x0000018e       0x34 xcp_standard.c.o
 .ARM.attributes
                0x000001c2       0x34 xcp_daq.c.o
 .ARM.attributes
                0x000001f6       0x34 xcp_calibration.c.o
 .ARM.attributes
                0x0000022a       0x34 xcp_fifo.c.o
 .ARM.attributes
                0x0000025e       0x34 xcp_transport.c.o
 .ARM.attributes
                0x00000292       0x34 xcp_mem_default.c.o
 .ARM.attributes
                0x000002c6       0x34 xcp_drv_rtiostream.c.o
 .ARM.attributes
                0x000002fa       0x34 xcp_utils.c.o
 .ARM.attributes
                0x0000032e       0x34 xcp_frame_serial.c.o
 .ARM.attributes
                0x00000362       0x34 xcp_ext_param_default_serial.c.o
 .ARM.attributes
                0x00000396       0x34 overrideHALDelay.c.o
 .ARM.attributes
                0x000003ca       0x34 platform_timer.c.o
 .ARM.attributes
                0x000003fe       0x34 SysTickScheduler.c.o
 .ARM.attributes
                0x00000432       0x34 m3m4m4f_multitasking.c.o
 .ARM.attributes
                0x00000466       0x34 rtiostream_serial.c.o
 .ARM.attributes
                0x0000049a       0x34 stm_usart.c.o
 .ARM.attributes
                0x000004ce       0x34 stm_lpuart.c.o
 .ARM.attributes
                0x00000502       0x34 sys_arch_arm.c.o
 .ARM.attributes
                0x00000536       0x34 main.c.o
 .ARM.attributes
                0x0000056a       0x34 stm32g4xx_it.c.o
 .ARM.attributes
                0x0000059e       0x34 stm32g4xx_hal_msp.c.o
 .ARM.attributes
                0x000005d2       0x34 stm32g4xx_hal_timebase_tim.c.o
 .ARM.attributes
                0x00000606       0x34 stm32g4xx_ll_utils.c.o
 .ARM.attributes
                0x0000063a       0x34 stm32g4xx_ll_exti.c.o
 .ARM.attributes
                0x0000066e       0x34 stm32g4xx_hal_tim.c.o
 .ARM.attributes
                0x000006a2       0x34 stm32g4xx_hal_tim_ex.c.o
 .ARM.attributes
                0x000006d6       0x34 stm32g4xx_ll_gpio.c.o
 .ARM.attributes
                0x0000070a       0x34 stm32g4xx_ll_lpuart.c.o
 .ARM.attributes
                0x0000073e       0x34 stm32g4xx_ll_rcc.c.o
 .ARM.attributes
                0x00000772       0x34 stm32g4xx_hal.c.o
 .ARM.attributes
                0x000007a6       0x34 stm32g4xx_hal_rcc.c.o
 .ARM.attributes
                0x000007da       0x34 stm32g4xx_hal_pwr_ex.c.o
 .ARM.attributes
                0x0000080e       0x34 stm32g4xx_hal_cortex.c.o
 .ARM.attributes
                0x00000842       0x34 system_stm32g4xx.c.o
 .ARM.attributes
                0x00000876       0x21 startup_stm32g474retx.s.o
 .ARM.attributes
                0x00000897       0x34 C:/ProgramData/MATLAB/SupportPackages/R2025a/3P.instrset/gnuarm-armcortex.instrset/win/bin/../lib/gcc/arm-none-eabi/13.2.1/thumb/v7e-m+fp/hard\libm.a(libm_a-w_fmod.o)
 .ARM.attributes
                0x000008cb       0x34 C:/ProgramData/MATLAB/SupportPackages/R2025a/3P.instrset/gnuarm-armcortex.instrset/win/bin/../lib/gcc/arm-none-eabi/13.2.1/thumb/v7e-m+fp/hard\libm.a(libm_a-e_fmod.o)
 .ARM.attributes
                0x000008ff       0x22 C:/ProgramData/MATLAB/SupportPackages/R2025a/3P.instrset/gnuarm-armcortex.instrset/win/bin/../lib/gcc/arm-none-eabi/13.2.1/thumb/v7e-m+fp/hard\libgcc.a(_arm_addsubdf3.o)
 .ARM.attributes
                0x00000921       0x22 C:/ProgramData/MATLAB/SupportPackages/R2025a/3P.instrset/gnuarm-armcortex.instrset/win/bin/../lib/gcc/arm-none-eabi/13.2.1/thumb/v7e-m+fp/hard\libgcc.a(_arm_muldivdf3.o)
 .ARM.attributes
                0x00000943       0x22 C:/ProgramData/MATLAB/SupportPackages/R2025a/3P.instrset/gnuarm-armcortex.instrset/win/bin/../lib/gcc/arm-none-eabi/13.2.1/thumb/v7e-m+fp/hard\libgcc.a(_arm_cmpdf2.o)
 .ARM.attributes
                0x00000965       0x22 C:/ProgramData/MATLAB/SupportPackages/R2025a/3P.instrset/gnuarm-armcortex.instrset/win/bin/../lib/gcc/arm-none-eabi/13.2.1/thumb/v7e-m+fp/hard\libgcc.a(_arm_unorddf2.o)
 .ARM.attributes
                0x00000987       0x22 C:/ProgramData/MATLAB/SupportPackages/R2025a/3P.instrset/gnuarm-armcortex.instrset/win/bin/../lib/gcc/arm-none-eabi/13.2.1/thumb/v7e-m+fp/hard\libgcc.a(_arm_fixunsdfsi.o)
 .ARM.attributes
                0x000009a9       0x22 C:/ProgramData/MATLAB/SupportPackages/R2025a/3P.instrset/gnuarm-armcortex.instrset/win/bin/../lib/gcc/arm-none-eabi/13.2.1/thumb/v7e-m+fp/hard\libgcc.a(_aeabi_uldivmod.o)
 .ARM.attributes
                0x000009cb       0x34 C:/ProgramData/MATLAB/SupportPackages/R2025a/3P.instrset/gnuarm-armcortex.instrset/win/bin/../lib/gcc/arm-none-eabi/13.2.1/thumb/v7e-m+fp/hard\libgcc.a(_udivmoddi4.o)
 .ARM.attributes
                0x000009ff       0x22 C:/ProgramData/MATLAB/SupportPackages/R2025a/3P.instrset/gnuarm-armcortex.instrset/win/bin/../lib/gcc/arm-none-eabi/13.2.1/thumb/v7e-m+fp/hard\libgcc.a(_dvmd_tls.o)
 .ARM.attributes
                0x00000a21       0x34 C:/ProgramData/MATLAB/SupportPackages/R2025a/3P.instrset/gnuarm-armcortex.instrset/win/bin/../lib/gcc/arm-none-eabi/13.2.1/thumb/v7e-m+fp/hard\libg_nano.a(libc_a-findfp.o)
 .ARM.attributes
                0x00000a55       0x34 C:/ProgramData/MATLAB/SupportPackages/R2025a/3P.instrset/gnuarm-armcortex.instrset/win/bin/../lib/gcc/arm-none-eabi/13.2.1/thumb/v7e-m+fp/hard\libg_nano.a(libc_a-memset.o)
 .ARM.attributes
                0x00000a89       0x34 C:/ProgramData/MATLAB/SupportPackages/R2025a/3P.instrset/gnuarm-armcortex.instrset/win/bin/../lib/gcc/arm-none-eabi/13.2.1/thumb/v7e-m+fp/hard\libg_nano.a(libc_a-impure.o)
 .ARM.attributes
                0x00000abd       0x34 C:/ProgramData/MATLAB/SupportPackages/R2025a/3P.instrset/gnuarm-armcortex.instrset/win/bin/../lib/gcc/arm-none-eabi/13.2.1/thumb/v7e-m+fp/hard\libg_nano.a(libc_a-errno.o)
 .ARM.attributes
                0x00000af1       0x34 C:/ProgramData/MATLAB/SupportPackages/R2025a/3P.instrset/gnuarm-armcortex.instrset/win/bin/../lib/gcc/arm-none-eabi/13.2.1/thumb/v7e-m+fp/hard\libg_nano.a(libc_a-init.o)
 .ARM.attributes
                0x00000b25       0x34 C:/ProgramData/MATLAB/SupportPackages/R2025a/3P.instrset/gnuarm-armcortex.instrset/win/bin/../lib/gcc/arm-none-eabi/13.2.1/thumb/v7e-m+fp/hard\libg_nano.a(libc_a-memcpy-stub.o)
 .ARM.attributes
                0x00000b59       0x34 C:/ProgramData/MATLAB/SupportPackages/R2025a/3P.instrset/gnuarm-armcortex.instrset/win/bin/../lib/gcc/arm-none-eabi/13.2.1/thumb/v7e-m+fp/hard/crtend.o
 .ARM.attributes
                0x00000b8d       0x22 C:/ProgramData/MATLAB/SupportPackages/R2025a/3P.instrset/gnuarm-armcortex.instrset/win/bin/../lib/gcc/arm-none-eabi/13.2.1/thumb/v7e-m+fp/hard/crtn.o
OUTPUT(../testuartread.elf elf32-littlearm)
LOAD linker stubs
LOAD C:/ProgramData/MATLAB/SupportPackages/R2025a/3P.instrset/gnuarm-armcortex.instrset/win/bin/../lib/gcc/arm-none-eabi/13.2.1/thumb/v7e-m+fp/hard\libc.a
LOAD C:/ProgramData/MATLAB/SupportPackages/R2025a/3P.instrset/gnuarm-armcortex.instrset/win/bin/../lib/gcc/arm-none-eabi/13.2.1/thumb/v7e-m+fp/hard\libm.a
LOAD C:/ProgramData/MATLAB/SupportPackages/R2025a/3P.instrset/gnuarm-armcortex.instrset/win/bin/../lib/gcc/arm-none-eabi/13.2.1/thumb/v7e-m+fp/hard\libgcc.a

.debug_info     0x00000000    0x1b63c
 .debug_info    0x00000000      0x845 xcp_ext_mode.c.o
 .debug_info    0x00000845      0x675 ert_main.c.o
 .debug_info    0x00000eba      0x493 testuartread.c.o
 .debug_info    0x0000134d      0x765 xcp_ext_common.c.o
 .debug_info    0x00001ab2      0x5e7 xcp_ext_classic_trigger.c.o
 .debug_info    0x00002099     0x12cd xcp.c.o
 .debug_info    0x00003366      0xecf xcp_standard.c.o
 .debug_info    0x00004235     0x21b7 xcp_daq.c.o
 .debug_info    0x000063ec      0x731 xcp_calibration.c.o
 .debug_info    0x00006b1d      0x2b3 xcp_fifo.c.o
 .debug_info    0x00006dd0      0x9d3 xcp_transport.c.o
 .debug_info    0x000077a3      0x7e0 xcp_mem_default.c.o
 .debug_info    0x00007f83      0x597 xcp_drv_rtiostream.c.o
 .debug_info    0x0000851a       0xdd xcp_utils.c.o
 .debug_info    0x000085f7      0x7a4 xcp_frame_serial.c.o
 .debug_info    0x00008d9b      0x1dc xcp_ext_param_default_serial.c.o
 .debug_info    0x00008f77      0x176 overrideHALDelay.c.o
 .debug_info    0x000090ed      0x44d platform_timer.c.o
 .debug_info    0x0000953a      0x83a SysTickScheduler.c.o
 .debug_info    0x00009d74      0x151 m3m4m4f_multitasking.c.o
 .debug_info    0x00009ec5      0x5d9 rtiostream_serial.c.o
 .debug_info    0x0000a49e      0x7b9 stm_usart.c.o
 .debug_info    0x0000ac57     0x1e40 stm_lpuart.c.o
 .debug_info    0x0000ca97      0x1fc sys_arch_arm.c.o
 .debug_info    0x0000cc93     0x2371 main.c.o
 .debug_info    0x0000f004      0xa5e stm32g4xx_it.c.o
 .debug_info    0x0000fa62      0x362 stm32g4xx_hal_msp.c.o
 .debug_info    0x0000fdc4      0xe74 stm32g4xx_hal_timebase_tim.c.o
 .debug_info    0x00010c38      0xc1c stm32g4xx_ll_utils.c.o
 .debug_info    0x00011854      0x4bd stm32g4xx_ll_exti.c.o
 .debug_info    0x00011d11     0x2c4e stm32g4xx_hal_tim.c.o
 .debug_info    0x0001495f     0x1d91 stm32g4xx_hal_tim_ex.c.o
 .debug_info    0x000166f0      0x957 stm32g4xx_ll_gpio.c.o
 .debug_info    0x00017047      0x664 stm32g4xx_ll_lpuart.c.o
 .debug_info    0x000176ab      0xb6a stm32g4xx_ll_rcc.c.o
 .debug_info    0x00018215      0xb91 stm32g4xx_hal.c.o
 .debug_info    0x00018da6      0xbdc stm32g4xx_hal_rcc.c.o
 .debug_info    0x00019982      0x93b stm32g4xx_hal_pwr_ex.c.o
 .debug_info    0x0001a2bd      0xdf5 stm32g4xx_hal_cortex.c.o
 .debug_info    0x0001b0b2      0x58a system_stm32g4xx.c.o

.debug_abbrev   0x00000000     0x51c5