../Core/Src/main.c:130:5:main	24	static
../Core/Src/main.c:278:6:SystemClock_Config	88	static
../Core/Src/main.c:325:13:MX_LPUART1_UART_Init	8	static
../Core/Src/main.c:372:13:MX_TIM1_Init	72	static
../Core/Src/main.c:448:13:MX_TIM3_Init	64	static
../Core/Src/main.c:507:13:MX_TIM6_Init	24	static
../Core/Src/main.c:545:13:MX_GPIO_Init	48	static
../Core/Src/main.c:585:6:DummyTask	8	static
../Core/Src/main.c:593:6:TransmitDistancePacket	232	static
../Core/Src/main.c:739:6:HAL_TIM_PeriodElapsedCallback	16	static
../Core/Src/main.c:755:6:Error_Handler	4	static,ignoring_inline_asm
