../Core/Src/main.c:83:5:main	8	static
../Core/Src/main.c:168:6:SystemClock_Config	88	static
../Core/Src/main.c:215:13:MX_LPUART1_UART_Init	8	static
../Core/Src/main.c:262:13:MX_TIM1_Init	72	static
../Core/Src/main.c:338:13:MX_TIM3_Init	64	static
../Core/Src/main.c:397:13:MX_TIM6_Init	24	static
../Core/Src/main.c:435:13:MX_GPIO_Init	48	static
../Core/Src/main.c:475:6:DummyTask	8	static
../Core/Src/main.c:483:6:TransmitDistancePacket	64	static
../Core/Src/main.c:529:6:HAL_TIM_PeriodElapsedCallback	16	static
../Core/Src/main.c:545:6:Error_Handler	4	static,ignoring_inline_asm
