Archive member included to satisfy reference by file (symbol)

../Middlewares/Third_Party/ARM_CMSIS/CMSIS/DSP/Lib/GCC\libarm_cortexM4lf_math.a(arm_copy_f32.o)
                              ./Core/Src/Kalman.o (arm_copy_f32)
../Middlewares/Third_Party/ARM_CMSIS/CMSIS/DSP/Lib/GCC\libarm_cortexM4lf_math.a(arm_mat_trans_f32.o)
                              ./Core/Src/Kalman.o (arm_mat_trans_f32)
../Middlewares/Third_Party/ARM_CMSIS/CMSIS/DSP/Lib/GCC\libarm_cortexM4lf_math.a(arm_mat_sub_f32.o)
                              ./Core/Src/Kalman.o (arm_mat_sub_f32)
../Middlewares/Third_Party/ARM_CMSIS/CMSIS/DSP/Lib/GCC\libarm_cortexM4lf_math.a(arm_mat_mult_f32.o)
                              ./Core/Src/Kalman.o (arm_mat_mult_f32)
../Middlewares/Third_Party/ARM_CMSIS/CMSIS/DSP/Lib/GCC\libarm_cortexM4lf_math.a(arm_mat_init_f32.o)
                              ./Core/Src/Kalman.o (arm_mat_init_f32)
../Middlewares/Third_Party/ARM_CMSIS/CMSIS/DSP/Lib/GCC\libarm_cortexM4lf_math.a(arm_mat_add_f32.o)
                              ./Core/Src/Kalman.o (arm_mat_add_f32)
C:/ST/STM32CubeIDE_1.19.0/STM32CubeIDE/plugins/com.st.stm32cube.ide.mcu.externaltools.gnu-tools-for-stm32.13.3.rel1.win32_1.0.0.202411081344/tools/bin/../lib/gcc/arm-none-eabi/13.3.1/../../../../arm-none-eabi/lib/thumb/v7e-m+fp/hard\libc_nano.a(libc_a-exit.o)
                              C:/ST/STM32CubeIDE_1.19.0/STM32CubeIDE/plugins/com.st.stm32cube.ide.mcu.externaltools.gnu-tools-for-stm32.13.3.rel1.win32_1.0.0.202411081344/tools/bin/../lib/gcc/arm-none-eabi/13.3.1/../../../../arm-none-eabi/lib/thumb/v7e-m+fp/hard/crt0.o (exit)
C:/ST/STM32CubeIDE_1.19.0/STM32CubeIDE/plugins/com.st.stm32cube.ide.mcu.externaltools.gnu-tools-for-stm32.13.3.rel1.win32_1.0.0.202411081344/tools/bin/../lib/gcc/arm-none-eabi/13.3.1/../../../../arm-none-eabi/lib/thumb/v7e-m+fp/hard\libc_nano.a(libc_a-findfp.o)
                              C:/ST/STM32CubeIDE_1.19.0/STM32CubeIDE/plugins/com.st.stm32cube.ide.mcu.externaltools.gnu-tools-for-stm32.13.3.rel1.win32_1.0.0.202411081344/tools/bin/../lib/gcc/arm-none-eabi/13.3.1/../../../../arm-none-eabi/lib/thumb/v7e-m+fp/hard\libc_nano.a(libc_a-exit.o) (__stdio_exit_handler)
C:/ST/STM32CubeIDE_1.19.0/STM32CubeIDE/plugins/com.st.stm32cube.ide.mcu.externaltools.gnu-tools-for-stm32.13.3.rel1.win32_1.0.0.202411081344/tools/bin/../lib/gcc/arm-none-eabi/13.3.1/../../../../arm-none-eabi/lib/thumb/v7e-m+fp/hard\libc_nano.a(libc_a-fwalk.o)
                              C:/ST/STM32CubeIDE_1.19.0/STM32CubeIDE/plugins/com.st.stm32cube.ide.mcu.externaltools.gnu-tools-for-stm32.13.3.rel1.win32_1.0.0.202411081344/tools/bin/../lib/gcc/arm-none-eabi/13.3.1/../../../../arm-none-eabi/lib/thumb/v7e-m+fp/hard\libc_nano.a(libc_a-findfp.o) (_fwalk_sglue)
C:/ST/STM32CubeIDE_1.19.0/STM32CubeIDE/plugins/com.st.stm32cube.ide.mcu.externaltools.gnu-tools-for-stm32.13.3.rel1.win32_1.0.0.202411081344/tools/bin/../lib/gcc/arm-none-eabi/13.3.1/../../../../arm-none-eabi/lib/thumb/v7e-m+fp/hard\libc_nano.a(libc_a-stdio.o)
                              C:/ST/STM32CubeIDE_1.19.0/STM32CubeIDE/plugins/com.st.stm32cube.ide.mcu.externaltools.gnu-tools-for-stm32.13.3.rel1.win32_1.0.0.202411081344/tools/bin/../lib/gcc/arm-none-eabi/13.3.1/../../../../arm-none-eabi/lib/thumb/v7e-m+fp/hard\libc_nano.a(libc_a-findfp.o) (__sread)
C:/ST/STM32CubeIDE_1.19.0/STM32CubeIDE/plugins/com.st.stm32cube.ide.mcu.externaltools.gnu-tools-for-stm32.13.3.rel1.win32_1.0.0.202411081344/tools/bin/../lib/gcc/arm-none-eabi/13.3.1/../../../../arm-none-eabi/lib/thumb/v7e-m+fp/hard\libc_nano.a(libc_a-memset.o)
                              C:/ST/STM32CubeIDE_1.19.0/STM32CubeIDE/plugins/com.st.stm32cube.ide.mcu.externaltools.gnu-tools-for-stm32.13.3.rel1.win32_1.0.0.202411081344/tools/bin/../lib/gcc/arm-none-eabi/13.3.1/../../../../arm-none-eabi/lib/thumb/v7e-m+fp/hard/crt0.o (memset)
C:/ST/STM32CubeIDE_1.19.0/STM32CubeIDE/plugins/com.st.stm32cube.ide.mcu.externaltools.gnu-tools-for-stm32.13.3.rel1.win32_1.0.0.202411081344/tools/bin/../lib/gcc/arm-none-eabi/13.3.1/../../../../arm-none-eabi/lib/thumb/v7e-m+fp/hard\libc_nano.a(libc_a-closer.o)
                              C:/ST/STM32CubeIDE_1.19.0/STM32CubeIDE/plugins/com.st.stm32cube.ide.mcu.externaltools.gnu-tools-for-stm32.13.3.rel1.win32_1.0.0.202411081344/tools/bin/../lib/gcc/arm-none-eabi/13.3.1/../../../../arm-none-eabi/lib/thumb/v7e-m+fp/hard\libc_nano.a(libc_a-stdio.o) (_close_r)
C:/ST/STM32CubeIDE_1.19.0/STM32CubeIDE/plugins/com.st.stm32cube.ide.mcu.externaltools.gnu-tools-for-stm32.13.3.rel1.win32_1.0.0.202411081344/tools/bin/../lib/gcc/arm-none-eabi/13.3.1/../../../../arm-none-eabi/lib/thumb/v7e-m+fp/hard\libc_nano.a(libc_a-reent.o)
                              C:/ST/STM32CubeIDE_1.19.0/STM32CubeIDE/plugins/com.st.stm32cube.ide.mcu.externaltools.gnu-tools-for-stm32.13.3.rel1.win32_1.0.0.202411081344/tools/bin/../lib/gcc/arm-none-eabi/13.3.1/../../../../arm-none-eabi/lib/thumb/v7e-m+fp/hard\libc_nano.a(libc_a-closer.o) (errno)
[...]
Memory Configuration

Name             Origin             Length             Attributes
RAM              0x20000000         0x00020000         xrw
FLASH            0x08000000         0x00080000         xr
*default*        0x00000000         0xffffffff

Linker script and memory map

LOAD C:/ST/STM32CubeIDE_1.19.0/STM32CubeIDE/plugins/com.st.stm32cube.ide.mcu.externaltools.gnu-tools-for-stm32.13.3.rel1.win32_1.0.0.202411081344/tools/bin/../lib/gcc/arm-none-eabi/13.3.1/thumb/v7e-m+fp/hard/crti.o
LOAD C:/ST/STM32CubeIDE_1.19.0/STM32CubeIDE/plugins/com.st.stm32cube.ide.mcu.externaltools.gnu-tools-for-stm32.13.3.rel1.win32_1.0.0.202411081344/tools/bin/../lib/gcc/arm-none-eabi/13.3.1/thumb/v7e-m+fp/hard/crtbegin.o
LOAD C:/ST/STM32CubeIDE_1.19.0/STM32CubeIDE/plugins/com.st.stm32cube.ide.mcu.externaltools.gnu-tools-for-stm32.13.3.rel1.win32_1.0.0.202411081344/tools/bin/../lib/gcc/arm-none-eabi/13.3.1/../../../../arm-none-eabi/lib/thumb/v7e-m+fp/hard/crt0.o
LOAD ./Core/Src/Kalman.o
LOAD ./Core/Src/Kalman1D.o
LOAD ./Core/Src/main.o
LOAD ./Core/Src/stm32g4xx_hal_msp.o
LOAD ./Core/Src/stm32g4xx_it.o
LOAD ./Core/Src/syscalls.o
LOAD ./Core/Src/sysmem.o
LOAD ./Core/Src/system_stm32g4xx.o
LOAD ./Core/Src/ultrasonic.o
LOAD ./Core/Startup/startup_stm32g474retx.o
LOAD ./Drivers/STM32G4xx_HAL_Driver/Src/stm32g4xx_hal.o
LOAD ./Drivers/STM32G4xx_HAL_Driver/Src/stm32g4xx_hal_cortex.o
LOAD ./Drivers/STM32G4xx_HAL_Driver/Src/stm32g4xx_hal_dma.o
LOAD ./Drivers/STM32G4xx_HAL_Driver/Src/stm32g4xx_hal_dma_ex.o
LOAD ./Drivers/STM32G4xx_HAL_Driver/Src/stm32g4xx_hal_exti.o
LOAD ./Drivers/STM32G4xx_HAL_Driver/Src/stm32g4xx_hal_flash.o
LOAD ./Drivers/STM32G4xx_HAL_Driver/Src/stm32g4xx_hal_flash_ex.o
LOAD ./Drivers/STM32G4xx_HAL_Driver/Src/stm32g4xx_hal_flash_ramfunc.o
LOAD ./Drivers/STM32G4xx_HAL_Driver/Src/stm32g4xx_hal_gpio.o
LOAD ./Drivers/STM32G4xx_HAL_Driver/Src/stm32g4xx_hal_pwr.o
LOAD ./Drivers/STM32G4xx_HAL_Driver/Src/stm32g4xx_hal_pwr_ex.o
LOAD ./Drivers/STM32G4xx_HAL_Driver/Src/stm32g4xx_hal_rcc.o
LOAD ./Drivers/STM32G4xx_HAL_Driver/Src/stm32g4xx_hal_rcc_ex.o
LOAD ./Drivers/STM32G4xx_HAL_Driver/Src/stm32g4xx_hal_tim.o
LOAD ./Drivers/STM32G4xx_HAL_Driver/Src/stm32g4xx_hal_tim_ex.o
LOAD ./Drivers/STM32G4xx_HAL_Driver/Src/stm32g4xx_hal_uart.o
LOAD ./Drivers/STM32G4xx_HAL_Driver/Src/stm32g4xx_hal_uart_ex.o
LOAD ../Middlewares/Third_Party/ARM_CMSIS/CMSIS/DSP/Lib/GCC\libarm_cortexM4lf_math.a
START GROUP
LOAD C:/ST/STM32CubeIDE_1.19.0/STM32CubeIDE/plugins/com.st.stm32cube.ide.mcu.externaltools.gnu-tools-for-stm32.13.3.rel1.win32_1.0.0.202411081344/tools/bin/../lib/gcc/arm-none-eabi/13.3.1/../../../../arm-none-eabi/lib/thumb/v7e-m+fp/hard\libc_nano.a
LOAD C:/ST/STM32CubeIDE_1.19.0/STM32CubeIDE/plugins/com.st.stm32cube.ide.mcu.externaltools.gnu-tools-for-stm32.13.3.rel1.win32_1.0.0.202411081344/tools/bin/../lib/gcc/arm-none-eabi/13.3.1/../../../../arm-none-eabi/lib/thumb/v7e-m+fp/hard\libm.a
END GROUP
START GROUP
LOAD C:/ST/STM32CubeIDE_1.19.0/STM32CubeIDE/plugins/com.st.stm32cube.ide.mcu.externaltools.gnu-tools-for-stm32.13.3.rel1.win32_1.0.0.202411081344/tools/bin/../lib/gcc/arm-none-eabi/13.3.1/thumb/v7e-m+fp/hard\libgcc.a
LOAD C:/ST/STM32CubeIDE_1.19.0/STM32CubeIDE/plugins/com.st.stm32cube.ide.mcu.externaltools.gnu-tools-for-stm32.13.3.rel1.win32_1.0.0.202411081344/tools/bin/../lib/gcc/arm-none-eabi/13.3.1/../../../../arm-none-eabi/lib/thumb/v7e-m+fp/hard\libc_nano.a
END GROUP
START GROUP
LOAD C:/ST/STM32CubeIDE_1.19.0/STM32CubeIDE/plugins/com.st.stm32cube.ide.mcu.externaltools.gnu-tools-for-stm32.13.3.rel1.win32_1.0.0.202411081344/tools/bin/../lib/gcc/arm-none-eabi/13.3.1/thumb/v7e-m+fp/hard\libgcc.a
LOAD C:/ST/STM32CubeIDE_1.19.0/STM32CubeIDE/plugins/com.st.stm32cube.ide.mcu.externaltools.gnu-tools-for-stm32.13.3.rel1.win32_1.0.0.202411081344/tools/bin/../lib/gcc/arm-none-eabi/13.3.1/../../../../arm-none-eabi/lib/thumb/v7e-m+fp/hard\libc_nano.a
LOAD C:/ST/STM32CubeIDE_1.19.0/STM32CubeIDE/plugins/com.st.stm32cube.ide.mcu.externaltools.gnu-tools-for-stm32.13.3.rel1.win32_1.0.0.202411081344/tools/bin/../lib/gcc/arm-none-eabi/13.3.1/../../../../arm-none-eabi/lib/thumb/v7e-m+fp/hard\libnosys.a
END GROUP
START GROUP
LOAD C:/ST/STM32CubeIDE_1.19.0/STM32CubeIDE/plugins/com.st.stm32cube.ide.mcu.externaltools.gnu-tools-for-stm32.13.3.rel1.win32_1.0.0.202411081344/tools/bin/../lib/gcc/arm-none-eabi/13.3.1/thumb/v7e-m+fp/hard\libgcc.a
LOAD C:/ST/STM32CubeIDE_1.19.0/STM32CubeIDE/plugins/com.st.stm32cube.ide.mcu.externaltools.gnu-tools-for-stm32.13.3.rel1.win32_1.0.0.202411081344/tools/bin/../lib/gcc/arm-none-eabi/13.3.1/../../../../arm-none-eabi/lib/thumb/v7e-m+fp/hard\libc_nano.a
LOAD C:/ST/STM32CubeIDE_1.19.0/STM32CubeIDE/plugins/com.st.stm32cube.ide.mcu.externaltools.gnu-tools-for-stm32.13.3.rel1.win32_1.0.0.202411081344/tools/bin/../lib/gcc/arm-none-eabi/13.3.1/../../../../arm-none-eabi/lib/thumb/v7e-m+fp/hard\libnosys.a
END GROUP
LOAD C:/ST/STM32CubeIDE_1.19.0/STM32CubeIDE/plugins/com.st.stm32cube.ide.mcu.externaltools.gnu-tools-for-stm32.13.3.rel1.win32_1.0.0.202411081344/tools/bin/../lib/gcc/arm-none-eabi/13.3.1/thumb/v7e-m+fp/hard/crtend.o
LOAD C:/ST/STM32CubeIDE_1.19.0/STM32CubeIDE/plugins/com.st.stm32cube.ide.mcu.externaltools.gnu-tools-for-stm32.13.3.rel1.win32_1.0.0.202411081344/tools/bin/../lib/gcc/arm-none-eabi/13.3.1/thumb/v7e-m+fp/hard/crtn.o
                0x20020000                        _estack = (ORIGIN (RAM) + LENGTH (RAM))
                0x00000200                        _Min_Heap_Size = 0x200
                0x00000400                        _Min_Stack_Size = 0x400

.isr_vector     0x08000000      0x1d8
                0x08000000                        . = ALIGN (0x4)
 *(.isr_vector)
 .isr_vector    0x08000000      0x1d8 ./Core/Startup/startup_stm32g474retx.o
                0x08000000                g_pfnVectors
                0x080001d8                        . = ALIGN (0x4)

.text           0x080001d8     0x7110
                0x080001d8                        . = ALIGN (0x4)
 *(.text)
 .text          0x080001d8       0x40 C:/ST/STM32CubeIDE_1.19.0/STM32CubeIDE/plugins/com.st.stm32cube.ide.mcu.externaltools.gnu-tools-for-stm32.13.3.rel1.win32_1.0.0.202411081344/tools/bin/../lib/gcc/arm-none-eabi/13.3.1/thumb/v7e-m+fp/hard/crtbegin.o
 .text          0x08000218       0x30 C:/ST/STM32CubeIDE_1.19.0/STM32CubeIDE/plugins/com.st.stm32cube.ide.mcu.externaltools.gnu-tools-for-stm32.13.3.rel1.win32_1.0.0.202411081344/tools/bin/../lib/gcc/arm-none-eabi/13.3.1/thumb/v7e-m+fp/hard\libgcc.a(_aeabi_uldivmod.o)
                0x08000218                __aeabi_uldivmod
 .text          0x08000248      0x2f8 C:/ST/STM32CubeIDE_1.19.0/STM32CubeIDE/plugins/com.st.stm32cube.ide.mcu.externaltools.gnu-tools-for-stm32.13.3.rel1.win32_1.0.0.202411081344/tools/bin/../lib/gcc/arm-none-eabi/13.3.1/thumb/v7e-m+fp/hard\libgcc.a(_udivmoddi4.o)
                0x08000248                __udivmoddi4
 .text          0x08000540        0x4 C:/ST/STM32CubeIDE_1.19.0/STM32CubeIDE/plugins/com.st.stm32cube.ide.mcu.externaltools.gnu-tools-for-stm32.13.3.rel1.win32_1.0.0.202411081344/tools/bin/../lib/gcc/arm-none-eabi/13.3.1/thumb/v7e-m+fp/hard\libgcc.a(_dvmd_tls.o)
                0x08000540                __aeabi_idiv0
                0x08000540                __aeabi_ldiv0
 *(.text*)
 .text.Kalman_Init
                0x08000544      0x238 ./Core/Src/Kalman.o
                0x08000544                Kalman_Init
 .text.Kalman_Update
                0x0800077c      0x29e ./Core/Src/Kalman.o
                0x0800077c                Kalman_Update
 *fill*         0x08000a1a        0x2 
 .text.Kalman1D_Init
                0x08000a1c       0x3c ./Core/Src/Kalman1D.o
                0x08000a1c                Kalman1D_Init
 .text.Kalman1D_Update
                0x08000a58       0x98 ./Core/Src/Kalman1D.o
                0x08000a58                Kalman1D_Update
 .text.main     0x08000af0      0x604 ./Core/Src/main.o
                0x08000af0                main
 .text.SystemClock_Config
                0x080010f4       0x96 ./Core/Src/main.o
                0x080010f4                SystemClock_Config
 *fill*         0x0800118a        0x2 
 .text.MX_LPUART1_UART_Init
                0x0800118c       0x94 ./Core/Src/main.o
 .text.MX_TIM1_Init
                0x08001220      0x148 ./Core/Src/main.o
 .text.MX_TIM3_Init
                0x08001368       0xf0 ./Core/Src/main.o
 .text.MX_TIM6_Init
                0x08001458       0x6c ./Core/Src/main.o
 .text.MX_GPIO_Init
                0x080014c4       0xdc ./Core/Src/main.o
 .text.DummyTask
                0x080015a0       0x30 ./Core/Src/main.o
                0x080015a0                DummyTask
 .text.TransmitDistancePacket
                0x080015d0      0x350 ./Core/Src/main.o
                0x080015d0                TransmitDistancePacket
 .text.HAL_TIM_PeriodElapsedCallback
                0x08001920       0x2c ./Core/Src/main.o
                0x08001920                HAL_TIM_PeriodElapsedCallback
 .text.Error_Handler
                0x0800194c        0xc ./Core/Src/main.o
                0x0800194c                Error_Handler
 .text.HAL_MspInit
                0x08001958       0x48 ./Core/Src/stm32g4xx_hal_msp.o
                0x08001958                HAL_MspInit
 .text.HAL_UART_MspInit
                0x080019a0       0xc0 ./Core/Src/stm32g4xx_hal_msp.o
                0x080019a0                HAL_UART_MspInit
 .text.HAL_TIM_Base_MspInit
                0x08001a60       0xe8 ./Core/Src/stm32g4xx_hal_msp.o
                0x08001a60                HAL_TIM_Base_MspInit
 .text.HAL_TIM_MspPostInit
                0x08001b48       0x6c ./Core/Src/stm32g4xx_hal_msp.o
                0x08001b48                HAL_TIM_MspPostInit
 .text.NMI_Handler
                0x08001bb4        0x8 ./Core/Src/stm32g4xx_it.o
                0x08001bb4                NMI_Handler
 .text.HardFault_Handler
                0x08001bbc        0x8 ./Core/Src/stm32g4xx_it.o
                0x08001bbc                HardFault_Handler
 .text.MemManage_Handler
                0x08001bc4        0x8 ./Core/Src/stm32g4xx_it.o
                0x08001bc4                MemManage_Handler
 .text.BusFault_Handler
                0x08001bcc        0x8 ./Core/Src/stm32g4xx_it.o
                0x08001bcc                BusFault_Handler
 .text.UsageFault_Handler
                0x08001bd4        0x8 ./Core/Src/stm32g4xx_it.o
                0x08001bd4                UsageFault_Handler
 .text.SVC_Handler
                0x08001bdc        0xe ./Core/Src/stm32g4xx_it.o
                0x08001bdc                SVC_Handler
 .text.DebugMon_Handler
                0x08001bea        0xe ./Core/Src/stm32g4xx_it.o
                0x08001bea                DebugMon_Handler
 .text.PendSV_Handler
                0x08001bf8        0xe ./Core/Src/stm32g4xx_it.o
                0x08001bf8                PendSV_Handler
 .text.SysTick_Handler
                0x08001c06        0xc ./Core/Src/stm32g4xx_it.o
                0x08001c06                SysTick_Handler
 .text.EXTI15_10_IRQHandler
                0x08001c12       0x10 ./Core/Src/stm32g4xx_it.o
                0x08001c12                EXTI15_10_IRQHandler
 *fill*         0x08001c22        0x2 
 .text.TIM6_DAC_IRQHandler
                0x08001c24       0x14 ./Core/Src/stm32g4xx_it.o
                0x08001c24                TIM6_DAC_IRQHandler
 .text.LPUART1_IRQHandler
                0x08001c38       0x14 ./Core/Src/stm32g4xx_it.o
                0x08001c38                LPUART1_IRQHandler
 .text.SystemInit
                0x08001c4c       0x24 ./Core/Src/system_stm32g4xx.o
                0x08001c4c                SystemInit
 .text.ultrasonicRawRead
                0x08001c70       0x54 ./Core/Src/ultrasonic.o
                0x08001c70                ultrasonicRawRead
 .text.Reset_Handler
                0x08001cc4       0x50 ./Core/Startup/startup_stm32g474retx.o
                0x08001cc4                Reset_Handler
 .text.Default_Handler
                0x08001d14        0x2 ./Core/Startup/startup_stm32g474retx.o
                0x08001d14                RTC_Alarm_IRQHandler
                0x08001d14                EXTI2_IRQHandler
                0x08001d14                TIM8_TRG_COM_IRQHandler
                0x08001d14                TIM8_CC_IRQHandler
                0x08001d14                HRTIM1_Master_IRQHandler
                0x08001d14                SPI4_IRQHandler
                0x08001d14                FDCAN3_IT0_IRQHandler
                0x08001d14                TIM1_CC_IRQHandler
                0x08001d14                HRTIM1_FLT_IRQHandler
                0x08001d14                HRTIM1_TIMF_IRQHandler
                0x08001d14                USB_HP_IRQHandler
                0x08001d14                CORDIC_IRQHandler
                0x08001d14                HRTIM1_TIMD_IRQHandler
                0x08001d14                DMA2_Channel8_IRQHandler
                0x08001d14                EXTI3_IRQHandler
                0x08001d14                I2C3_ER_IRQHandler
                0x08001d14                EXTI0_IRQHandler
                0x08001d14                I2C2_EV_IRQHandler
                0x08001d14                FPU_IRQHandler
                0x08001d14                FDCAN1_IT1_IRQHandler
                0x08001d14                TIM1_UP_TIM16_IRQHandler
                0x08001d14                ADC1_2_IRQHandler
                0x08001d14                HRTIM1_TIME_IRQHandler
                0x08001d14                SPI1_IRQHandler
                0x08001d14                HRTIM1_TIMC_IRQHandler
                0x08001d14                TIM8_UP_IRQHandler
                0x08001d14                DMA2_Channel2_IRQHandler
                0x08001d14                DMA1_Channel4_IRQHandler
                0x08001d14                TIM20_TRG_COM_IRQHandler
                0x08001d14                USART3_IRQHandler
                0x08001d14                DMA1_Channel7_IRQHandler
                0x08001d14                UART5_IRQHandler
                0x08001d14                ADC3_IRQHandler
                0x08001d14                TIM4_IRQHandler
                0x08001d14                DMA2_Channel1_IRQHandler
                0x08001d14                QUADSPI_IRQHandler
                0x08001d14                I2C1_EV_IRQHandler
                0x08001d14                DMA1_Channel6_IRQHandler
                0x08001d14                UART4_IRQHandler
                0x08001d14                DMA2_Channel4_IRQHandler
                0x08001d14                TIM3_IRQHandler
                0x08001d14                RCC_IRQHandler
                0x08001d14                TIM20_UP_IRQHandler
                0x08001d14                DMA1_Channel1_IRQHandler
                0x08001d14                Default_Handler
                0x08001d14                DMA2_Channel7_IRQHandler
                0x08001d14                RTC_TAMP_LSECSS_IRQHandler
                0x08001d14                FMAC_IRQHandler
                0x08001d14                DMA1_Channel8_IRQHandler
                0x08001d14                HRTIM1_TIMA_IRQHandler
                0x08001d14                TIM7_DAC_IRQHandler
                0x08001d14                FDCAN3_IT1_IRQHandler
                0x08001d14                TIM5_IRQHandler
                0x08001d14                UCPD1_IRQHandler
                0x08001d14                I2C3_EV_IRQHandler
                0x08001d14                EXTI9_5_IRQHandler
                0x08001d14                RTC_WKUP_IRQHandler
                0x08001d14                PVD_PVM_IRQHandler
                0x08001d14                SPI2_IRQHandler
                0x08001d14                ADC5_IRQHandler
                0x08001d14                DMA2_Channel5_IRQHandler
                0x08001d14                CRS_IRQHandler
                0x08001d14                DMA1_Channel5_IRQHandler
                0x08001d14                USB_LP_IRQHandler
                0x08001d14                EXTI4_IRQHandler
                0x08001d14                RNG_IRQHandler
                0x08001d14                HRTIM1_TIMB_IRQHandler
                0x08001d14                TIM1_TRG_COM_TIM17_IRQHandler
                0x08001d14                FDCAN2_IT1_IRQHandler
                0x08001d14                DMA1_Channel3_IRQHandler
                0x08001d14                ADC4_IRQHandler
                0x08001d14                WWDG_IRQHandler
                0x08001d14                I2C4_EV_IRQHandler
                0x08001d14                FDCAN2_IT0_IRQHandler
                0x08001d14                DMA2_Channel6_IRQHandler
                0x08001d14                FDCAN1_IT0_IRQHandler
                0x08001d14                TIM2_IRQHandler
                0x08001d14                COMP7_IRQHandler
                0x08001d14                COMP1_2_3_IRQHandler
                0x08001d14                EXTI1_IRQHandler
                0x08001d14                USART2_IRQHandler
                0x08001d14                COMP4_5_6_IRQHandler
                0x08001d14                TIM20_BRK_IRQHandler
                0x08001d14                I2C2_ER_IRQHandler
                0x08001d14                DMA1_Channel2_IRQHandler
                0x08001d14                TIM8_BRK_IRQHandler
                0x08001d14                FLASH_IRQHandler
                0x08001d14                TIM20_CC_IRQHandler
                0x08001d14                USART1_IRQHandler
                0x08001d14                SPI3_IRQHandler
                0x08001d14                I2C1_ER_IRQHandler
                0x08001d14                FMC_IRQHandler
                0x08001d14                LPTIM1_IRQHandler
                0x08001d14                DMAMUX_OVR_IRQHandler
                0x08001d14                I2C4_ER_IRQHandler
                0x08001d14                USBWakeUp_IRQHandler
                0x08001d14                SAI1_IRQHandler
                0x08001d14                DMA2_Channel3_IRQHandler
                0x08001d14                TIM1_BRK_TIM15_IRQHandler
 .text.HAL_Init
                0x08001d16       0x30 ./Drivers/STM32G4xx_HAL_Driver/Src/stm32g4xx_hal.o
                0x08001d16                HAL_Init
 *fill*         0x08001d46        0x2 
 .text.HAL_InitTick
                0x08001d48       0x74 ./Drivers/STM32G4xx_HAL_Driver/Src/stm32g4xx_hal.o
                0x08001d48                HAL_InitTick
 .text.HAL_IncTick
                0x08001dbc       0x24 ./Drivers/STM32G4xx_HAL_Driver/Src/stm32g4xx_hal.o
                0x08001dbc                HAL_IncTick
 .text.HAL_GetTick
                0x08001de0       0x18 ./Drivers/STM32G4xx_HAL_Driver/Src/stm32g4xx_hal.o
                0x08001de0                HAL_GetTick
 .text.__NVIC_SetPriorityGrouping
                0x08001df8       0x48 ./Drivers/STM32G4xx_HAL_Driver/Src/stm32g4xx_hal_cortex.o
 .text.__NVIC_GetPriorityGrouping
                0x08001e40       0x1c ./Drivers/STM32G4xx_HAL_Driver/Src/stm32g4xx_hal_cortex.o
 .text.__NVIC_EnableIRQ
                0x08001e5c       0x3c ./Drivers/STM32G4xx_HAL_Driver/Src/stm32g4xx_hal_cortex.o
 .text.__NVIC_SetPriority
                0x08001e98       0x54 ./Drivers/STM32G4xx_HAL_Driver/Src/stm32g4xx_hal_cortex.o
 .text.NVIC_EncodePriority
                0x08001eec       0x66 ./Drivers/STM32G4xx_HAL_Driver/Src/stm32g4xx_hal_cortex.o
 *fill*         0x08001f52        0x2 
 .text.SysTick_Config
                0x08001f54       0x44 ./Drivers/STM32G4xx_HAL_Driver/Src/stm32g4xx_hal_cortex.o
 .text.HAL_NVIC_SetPriorityGrouping
                0x08001f98       0x16 ./Drivers/STM32G4xx_HAL_Driver/Src/stm32g4xx_hal_cortex.o
                0x08001f98                HAL_NVIC_SetPriorityGrouping
 .text.HAL_NVIC_SetPriority
                0x08001fae       0x34 ./Drivers/STM32G4xx_HAL_Driver/Src/stm32g4xx_hal_cortex.o
                0x08001fae                HAL_NVIC_SetPriority
 .text.HAL_NVIC_EnableIRQ
                0x08001fe2       0x1c ./Drivers/STM32G4xx_HAL_Driver/Src/stm32g4xx_hal_cortex.o
                0x08001fe2                HAL_NVIC_EnableIRQ
 .text.HAL_SYSTICK_Config
                0x08001ffe       0x18 ./Drivers/STM32G4xx_HAL_Driver/Src/stm32g4xx_hal_cortex.o
                0x08001ffe                HAL_SYSTICK_Config
 .text.HAL_DMA_Abort
                0x08002016       0xbc ./Drivers/STM32G4xx_HAL_Driver/Src/stm32g4xx_hal_dma.o
                0x08002016                HAL_DMA_Abort
 .text.HAL_DMA_Abort_IT
                0x080020d2       0xce ./Drivers/STM32G4xx_HAL_Driver/Src/stm32g4xx_hal_dma.o
                0x080020d2                HAL_DMA_Abort_IT
 .text.HAL_GPIO_Init
                0x080021a0      0x318 ./Drivers/STM32G4xx_HAL_Driver/Src/stm32g4xx_hal_gpio.o
                0x080021a0                HAL_GPIO_Init
 .text.HAL_GPIO_WritePin
                0x080024b8       0x30 ./Drivers/STM32G4xx_HAL_Driver/Src/stm32g4xx_hal_gpio.o
                0x080024b8                HAL_GPIO_WritePin
 .text.HAL_GPIO_TogglePin
                0x080024e8       0x34 ./Drivers/STM32G4xx_HAL_Driver/Src/stm32g4xx_hal_gpio.o
                0x080024e8                HAL_GPIO_TogglePin
 .text.HAL_GPIO_EXTI_IRQHandler
                0x0800251c       0x30 ./Drivers/STM32G4xx_HAL_Driver/Src/stm32g4xx_hal_gpio.o
                0x0800251c                HAL_GPIO_EXTI_IRQHandler
 .text.HAL_GPIO_EXTI_Callback
                0x0800254c       0x16 ./Drivers/STM32G4xx_HAL_Driver/Src/stm32g4xx_hal_gpio.o
                0x0800254c                HAL_GPIO_EXTI_Callback
 *fill*         0x08002562        0x2 
 .text.HAL_PWREx_ControlVoltageScaling
                0x08002564      0x148 ./Drivers/STM32G4xx_HAL_Driver/Src/stm32g4xx_hal_pwr_ex.o
                0x08002564                HAL_PWREx_ControlVoltageScaling
 .text.HAL_PWREx_DisableUCPDDeadBattery
                0x080026ac       0x20 ./Drivers/STM32G4xx_HAL_Driver/Src/stm32g4xx_hal_pwr_ex.o
                0x080026ac                HAL_PWREx_DisableUCPDDeadBattery
 .text.HAL_RCC_OscConfig
                0x080026cc      0x624 ./Drivers/STM32G4xx_HAL_Driver/Src/stm32g4xx_hal_rcc.o
                0x080026cc                HAL_RCC_OscConfig
 .text.HAL_RCC_ClockConfig
                0x08002cf0      0x278 ./Drivers/STM32G4xx_HAL_Driver/Src/stm32g4xx_hal_rcc.o
                0x08002cf0                HAL_RCC_ClockConfig
 .text.HAL_RCC_GetSysClockFreq
                0x08002f68       0xc4 ./Drivers/STM32G4xx_HAL_Driver/Src/stm32g4xx_hal_rcc.o
                0x08002f68                HAL_RCC_GetSysClockFreq
 .text.HAL_RCC_GetHCLKFreq
                0x0800302c       0x18 ./Drivers/STM32G4xx_HAL_Driver/Src/stm32g4xx_hal_rcc.o
                0x0800302c                HAL_RCC_GetHCLKFreq
 .text.HAL_RCC_GetPCLK1Freq
                0x08003044       0x2c ./Drivers/STM32G4xx_HAL_Driver/Src/stm32g4xx_hal_rcc.o
                0x08003044                HAL_RCC_GetPCLK1Freq
 .text.HAL_RCC_GetPCLK2Freq
                0x08003070       0x2c ./Drivers/STM32G4xx_HAL_Driver/Src/stm32g4xx_hal_rcc.o
                0x08003070                HAL_RCC_GetPCLK2Freq
 .text.RCC_GetSysClockFreqFromPLLSource
                0x0800309c       0x8c ./Drivers/STM32G4xx_HAL_Driver/Src/stm32g4xx_hal_rcc.o
 .text.HAL_RCCEx_PeriphCLKConfig
                0x08003128      0x49c ./Drivers/STM32G4xx_HAL_Driver/Src/stm32g4xx_hal_rcc_ex.o
                0x08003128                HAL_RCCEx_PeriphCLKConfig
 .text.HAL_TIM_Base_Init
                0x080035c4       0xae ./Drivers/STM32G4xx_HAL_Driver/Src/stm32g4xx_hal_tim.o
                0x080035c4                HAL_TIM_Base_Init
 *fill*         0x08003672        0x2 
 .text.HAL_TIM_Base_Start
                0x08003674       0xe0 ./Drivers/STM32G4xx_HAL_Driver/Src/stm32g4xx_hal_tim.o
                0x08003674                HAL_TIM_Base_Start
 .text.HAL_TIM_Base_Start_IT
                0x08003754       0xf0 ./Drivers/STM32G4xx_HAL_Driver/Src/stm32g4xx_hal_tim.o
                0x08003754                HAL_TIM_Base_Start_IT
 .text.HAL_TIM_PWM_Init
                0x08003844       0xae ./Drivers/STM32G4xx_HAL_Driver/Src/stm32g4xx_hal_tim.o
                0x08003844                HAL_TIM_PWM_Init
 .text.HAL_TIM_PWM_MspInit
                0x080038f2       0x14 ./Drivers/STM32G4xx_HAL_Driver/Src/stm32g4xx_hal_tim.o
                0x080038f2                HAL_TIM_PWM_MspInit
 *fill*         0x08003906        0x2 
 .text.HAL_TIM_PWM_Start
                0x08003908      0x224 ./Drivers/STM32G4xx_HAL_Driver/Src/stm32g4xx_hal_tim.o
                0x08003908                HAL_TIM_PWM_Start
 .text.HAL_TIM_IC_Init
                0x08003b2c       0xae ./Drivers/STM32G4xx_HAL_Driver/Src/stm32g4xx_hal_tim.o
                0x08003b2c                HAL_TIM_IC_Init
 .text.HAL_TIM_IC_MspInit
                0x08003bda       0x14 ./Drivers/STM32G4xx_HAL_Driver/Src/stm32g4xx_hal_tim.o
                0x08003bda                HAL_TIM_IC_MspInit
 *fill*         0x08003bee        0x2 
 .text.HAL_TIM_IC_Start
                0x08003bf0      0x208 ./Drivers/STM32G4xx_HAL_Driver/Src/stm32g4xx_hal_tim.o
                0x08003bf0                HAL_TIM_IC_Start
 .text.HAL_TIM_IRQHandler
                0x08003df8      0x29e ./Drivers/STM32G4xx_HAL_Driver/Src/stm32g4xx_hal_tim.o
                0x08003df8                HAL_TIM_IRQHandler
 .text.HAL_TIM_IC_ConfigChannel
                0x08004096      0x138 ./Drivers/STM32G4xx_HAL_Driver/Src/stm32g4xx_hal_tim.o
                0x08004096                HAL_TIM_IC_ConfigChannel
 *fill*         0x080041ce        0x2 
 .text.HAL_TIM_PWM_ConfigChannel
                0x080041d0      0x228 ./Drivers/STM32G4xx_HAL_Driver/Src/stm32g4xx_hal_tim.o
                0x080041d0                HAL_TIM_PWM_ConfigChannel
 .text.HAL_TIM_ConfigClockSource
                0x080043f8      0x22c ./Drivers/STM32G4xx_HAL_Driver/Src/stm32g4xx_hal_tim.o
                0x080043f8                HAL_TIM_ConfigClockSource
 .text.HAL_TIM_SlaveConfigSynchro
                0x08004624       0x84 ./Drivers/STM32G4xx_HAL_Driver/Src/stm32g4xx_hal_tim.o
                0x08004624                HAL_TIM_SlaveConfigSynchro
 .text.HAL_TIM_OC_DelayElapsedCallback
                0x080046a8       0x14 ./Drivers/STM32G4xx_HAL_Driver/Src/stm32g4xx_hal_tim.o
                0x080046a8                HAL_TIM_OC_DelayElapsedCallback
 .text.HAL_TIM_IC_CaptureCallback
                0x080046bc       0x14 ./Drivers/STM32G4xx_HAL_Driver/Src/stm32g4xx_hal_tim.o
                0x080046bc                HAL_TIM_IC_CaptureCallback
 .text.HAL_TIM_PWM_PulseFinishedCallback
                0x080046d0       0x14 ./Drivers/STM32G4xx_HAL_Driver/Src/stm32g4xx_hal_tim.o
                0x080046d0                HAL_TIM_PWM_PulseFinishedCallback
 .text.HAL_TIM_TriggerCallback
                0x080046e4       0x14 ./Drivers/STM32G4xx_HAL_Driver/Src/stm32g4xx_hal_tim.o
                0x080046e4                HAL_TIM_TriggerCallback
 .text.TIM_Base_SetConfig
                0x080046f8      0x15c ./Drivers/STM32G4xx_HAL_Driver/Src/stm32g4xx_hal_tim.o
                0x080046f8                TIM_Base_SetConfig
 .text.TIM_OC1_SetConfig
                0x08004854      0x138 ./Drivers/STM32G4xx_HAL_Driver/Src/stm32g4xx_hal_tim.o
 .text.TIM_OC2_SetConfig
                0x0800498c      0x12c ./Drivers/STM32G4xx_HAL_Driver/Src/stm32g4xx_hal_tim.o
                0x0800498c                TIM_OC2_SetConfig
 .text.TIM_OC3_SetConfig
                0x08004ab8      0x128 ./Drivers/STM32G4xx_HAL_Driver/Src/stm32g4xx_hal_tim.o
 .text.TIM_OC4_SetConfig
                0x08004be0      0x12c ./Drivers/STM32G4xx_HAL_Driver/Src/stm32g4xx_hal_tim.o
 .text.TIM_OC5_SetConfig
                0x08004d0c       0xd4 ./Drivers/STM32G4xx_HAL_Driver/Src/stm32g4xx_hal_tim.o
 .text.TIM_OC6_SetConfig
                0x08004de0       0xd8 ./Drivers/STM32G4xx_HAL_Driver/Src/stm32g4xx_hal_tim.o
 .text.TIM_SlaveTimer_SetConfig
                0x08004eb8      0x1c0 ./Drivers/STM32G4xx_HAL_Driver/Src/stm32g4xx_hal_tim.o
 .text.TIM_TI1_SetConfig
                0x08005078      0x12c ./Drivers/STM32G4xx_HAL_Driver/Src/stm32g4xx_hal_tim.o
                0x08005078                TIM_TI1_SetConfig
 .text.TIM_TI1_ConfigInputStage
                0x080051a4       0xb4 ./Drivers/STM32G4xx_HAL_Driver/Src/stm32g4xx_hal_tim.o
 .text.TIM_TI2_SetConfig
                0x08005258       0xac ./Drivers/STM32G4xx_HAL_Driver/Src/stm32g4xx_hal_tim.o
 .text.TIM_TI2_ConfigInputStage
                0x08005304       0x90 ./Drivers/STM32G4xx_HAL_Driver/Src/stm32g4xx_hal_tim.o
 .text.TIM_TI3_SetConfig
                0x08005394       0xa8 ./Drivers/STM32G4xx_HAL_Driver/Src/stm32g4xx_hal_tim.o
 .text.TIM_TI4_SetConfig
                0x0800543c       0xac ./Drivers/STM32G4xx_HAL_Driver/Src/stm32g4xx_hal_tim.o
 .text.TIM_ITRx_SetConfig
                0x080054e8       0x3a ./Drivers/STM32G4xx_HAL_Driver/Src/stm32g4xx_hal_tim.o
 .text.TIM_ETR_SetConfig
                0x08005522       0x40 ./Drivers/STM32G4xx_HAL_Driver/Src/stm32g4xx_hal_tim.o
                0x08005522                TIM_ETR_SetConfig
 .text.TIM_CCxChannelCmd
                0x08005562       0x4a ./Drivers/STM32G4xx_HAL_Driver/Src/stm32g4xx_hal_tim.o
                0x08005562                TIM_CCxChannelCmd
 .text.HAL_TIMEx_MasterConfigSynchronization
                0x080055ac      0x12c ./Drivers/STM32G4xx_HAL_Driver/Src/stm32g4xx_hal_tim_ex.o
                0x080055ac                HAL_TIMEx_MasterConfigSynchronization
 .text.HAL_TIMEx_CommutCallback
                0x080056d8       0x14 ./Drivers/STM32G4xx_HAL_Driver/Src/stm32g4xx_hal_tim_ex.o
                0x080056d8                HAL_TIMEx_CommutCallback
 .text.HAL_TIMEx_BreakCallback
                0x080056ec       0x14 ./Drivers/STM32G4xx_HAL_Driver/Src/stm32g4xx_hal_tim_ex.o
                0x080056ec                HAL_TIMEx_BreakCallback
 .text.HAL_TIMEx_Break2Callback
                0x08005700       0x14 ./Drivers/STM32G4xx_HAL_Driver/Src/stm32g4xx_hal_tim_ex.o
                0x08005700                HAL_TIMEx_Break2Callback
 .text.HAL_TIMEx_EncoderIndexCallback
                0x08005714       0x14 ./Drivers/STM32G4xx_HAL_Driver/Src/stm32g4xx_hal_tim_ex.o
                0x08005714                HAL_TIMEx_EncoderIndexCallback
 .text.HAL_TIMEx_DirectionChangeCallback
                0x08005728       0x14 ./Drivers/STM32G4xx_HAL_Driver/Src/stm32g4xx_hal_tim_ex.o
                0x08005728                HAL_TIMEx_DirectionChangeCallback
 .text.HAL_TIMEx_IndexErrorCallback
                0x0800573c       0x14 ./Drivers/STM32G4xx_HAL_Driver/Src/stm32g4xx_hal_tim_ex.o
                0x0800573c                HAL_TIMEx_IndexErrorCallback
 .text.HAL_TIMEx_TransitionErrorCallback
                0x08005750       0x14 ./Drivers/STM32G4xx_HAL_Driver/Src/stm32g4xx_hal_tim_ex.o
                0x08005750                HAL_TIMEx_TransitionErrorCallback
 .text.HAL_UART_Init
                0x08005764       0xa0 ./Drivers/STM32G4xx_HAL_Driver/Src/stm32g4xx_hal_uart.o
                0x08005764                HAL_UART_Init
 .text.HAL_UART_Transmit
                0x08005804      0x132 ./Drivers/STM32G4xx_HAL_Driver/Src/stm32g4xx_hal_uart.o
                0x08005804                HAL_UART_Transmit
 *fill*         0x08005936        0x2 
 .text.HAL_UART_IRQHandler
                0x08005938      0x684 ./Drivers/STM32G4xx_HAL_Driver/Src/stm32g4xx_hal_uart.o
                0x08005938                HAL_UART_IRQHandler
 .text.HAL_UART_TxCpltCallback
                0x08005fbc       0x14 ./Drivers/STM32G4xx_HAL_Driver/Src/stm32g4xx_hal_uart.o
                0x08005fbc                HAL_UART_TxCpltCallback
 .text.HAL_UART_ErrorCallback
                0x08005fd0       0x14 ./Drivers/STM32G4xx_HAL_Driver/Src/stm32g4xx_hal_uart.o
                0x08005fd0                HAL_UART_ErrorCallback
 .text.HAL_UARTEx_RxEventCallback
                0x08005fe4       0x18 ./Drivers/STM32G4xx_HAL_Driver/Src/stm32g4xx_hal_uart.o
                0x08005fe4                HAL_UARTEx_RxEventCallback
 .text.UART_SetConfig
                0x08005ffc      0x5f8 ./Drivers/STM32G4xx_HAL_Driver/Src/stm32g4xx_hal_uart.o
                0x08005ffc                UART_SetConfig
 .text.UART_AdvFeatureConfig
                0x080065f4      0x144 ./Drivers/STM32G4xx_HAL_Driver/Src/stm32g4xx_hal_uart.o
                0x080065f4                UART_AdvFeatureConfig
 .text.UART_CheckIdleState
                0x08006738      0x154 ./Drivers/STM32G4xx_HAL_Driver/Src/stm32g4xx_hal_uart.o
                0x08006738                UART_CheckIdleState
 .text.UART_WaitOnFlagUntilTimeout
                0x0800688c       0xda ./Drivers/STM32G4xx_HAL_Driver/Src/stm32g4xx_hal_uart.o
                0x0800688c                UART_WaitOnFlagUntilTimeout
 .text.UART_EndRxTransfer
                0x08006966       0xcc ./Drivers/STM32G4xx_HAL_Driver/Src/stm32g4xx_hal_uart.o
 .text.UART_DMAAbortOnError
                0x08006a32       0x1c ./Drivers/STM32G4xx_HAL_Driver/Src/stm32g4xx_hal_uart.o
 .text.UART_EndTransmit_IT
                0x08006a4e       0x56 ./Drivers/STM32G4xx_HAL_Driver/Src/stm32g4xx_hal_uart.o
 .text.HAL_UARTEx_WakeupCallback
                0x08006aa4       0x14 ./Drivers/STM32G4xx_HAL_Driver/Src/stm32g4xx_hal_uart_ex.o
                0x08006aa4                HAL_UARTEx_WakeupCallback
 .text.HAL_UARTEx_RxFifoFullCallback
                0x08006ab8       0x14 ./Drivers/STM32G4xx_HAL_Driver/Src/stm32g4xx_hal_uart_ex.o
                0x08006ab8                HAL_UARTEx_RxFifoFullCallback
 .text.HAL_UARTEx_TxFifoEmptyCallback
                0x08006acc       0x14 ./Drivers/STM32G4xx_HAL_Driver/Src/stm32g4xx_hal_uart_ex.o
                0x08006acc                HAL_UARTEx_TxFifoEmptyCallback
 .text.HAL_UARTEx_DisableFifoMode
                0x08006ae0       0x72 ./Drivers/STM32G4xx_HAL_Driver/Src/stm32g4xx_hal_uart_ex.o
                0x08006ae0                HAL_UARTEx_DisableFifoMode
 .text.HAL_UARTEx_SetTxFifoThreshold
                0x08006b52       0x7c ./Drivers/STM32G4xx_HAL_Driver/Src/stm32g4xx_hal_uart_ex.o
                0x08006b52                HAL_UARTEx_SetTxFifoThreshold
 .text.HAL_UARTEx_SetRxFifoThreshold
                0x08006bce       0x7c ./Drivers/STM32G4xx_HAL_Driver/Src/stm32g4xx_hal_uart_ex.o
                0x08006bce                HAL_UARTEx_SetRxFifoThreshold
 *fill*         0x08006c4a        0x2 
 .text.UARTEx_SetNbDataToProcess
                0x08006c4c       0x9c ./Drivers/STM32G4xx_HAL_Driver/Src/stm32g4xx_hal_uart_ex.o
 .text.arm_copy_f32
                0x08006ce8       0x64 ../Middlewares/Third_Party/ARM_CMSIS/CMSIS/DSP/Lib/GCC\libarm_cortexM4lf_math.a(arm_copy_f32.o)
                0x08006ce8                arm_copy_f32
 .text.arm_mat_trans_f32
                0x08006d4c      0x154 ../Middlewares/Third_Party/ARM_CMSIS/CMSIS/DSP/Lib/GCC\libarm_cortexM4lf_math.a(arm_mat_trans_f32.o)
                0x08006d4c                arm_mat_trans_f32
 .text.arm_mat_sub_f32
                0x08006ea0       0xd8 ../Middlewares/Third_Party/ARM_CMSIS/CMSIS/DSP/Lib/GCC\libarm_cortexM4lf_math.a(arm_mat_sub_f32.o)
                0x08006ea0                arm_mat_sub_f32
 .text.arm_mat_mult_f32
                0x08006f78      0x220 ../Middlewares/Third_Party/ARM_CMSIS/CMSIS/DSP/Lib/GCC\libarm_cortexM4lf_math.a(arm_mat_mult_f32.o)
                0x08006f78                arm_mat_mult_f32
 .text.arm_mat_init_f32
                0x08007198        0x8 ../Middlewares/Third_Party/ARM_CMSIS/CMSIS/DSP/Lib/GCC\libarm_cortexM4lf_math.a(arm_mat_init_f32.o)
                0x08007198                arm_mat_init_f32
 .text.arm_mat_add_f32
                0x080071a0       0xd8 ../Middlewares/Third_Party/ARM_CMSIS/CMSIS/DSP/Lib/GCC\libarm_cortexM4lf_math.a(arm_mat_add_f32.o)
                0x080071a0                arm_mat_add_f32
 .text.memset   0x08007278       0x10 C:/ST/STM32CubeIDE_1.19.0/STM32CubeIDE/plugins/com.st.stm32cube.ide.mcu.externaltools.gnu-tools-for-stm32.13.3.rel1.win32_1.0.0.202411081344/tools/bin/../lib/gcc/arm-none-eabi/13.3.1/../../../../arm-none-eabi/lib/thumb/v7e-m+fp/hard\libc_nano.a(libc_a-memset.o)
                0x08007278                memset
 .text.__libc_init_array
                0x08007288       0x48 C:/ST/STM32CubeIDE_1.19.0/STM32CubeIDE/plugins/com.st.stm32cube.ide.mcu.externaltools.gnu-tools-for-stm32.13.3.rel1.win32_1.0.0.202411081344/tools/bin/../lib/gcc/arm-none-eabi/13.3.1/../../../../arm-none-eabi/lib/thumb/v7e-m+fp/hard\libc_nano.a(libc_a-init.o)
                0x08007288                __libc_init_array
 *(.glue_7)
 .glue_7        0x080072d0        0x0 linker stubs
 *(.glue_7t)
 .glue_7t       0x080072d0        0x0 linker stubs
 *(.eh_frame)
 .eh_frame      0x080072d0        0x0 C:/ST/STM32CubeIDE_1.19.0/STM32CubeIDE/plugins/com.st.stm32cube.ide.mcu.externaltools.gnu-tools-for-stm32.13.3.rel1.win32_1.0.0.202411081344/tools/bin/../lib/gcc/arm-none-eabi/13.3.1/thumb/v7e-m+fp/hard/crtbegin.o
 *(.init)
 .init          0x080072d0        0x4 C:/ST/STM32CubeIDE_1.19.0/STM32CubeIDE/plugins/com.st.stm32cube.ide.mcu.externaltools.gnu-tools-for-stm32.13.3.rel1.win32_1.0.0.202411081344/tools/bin/../lib/gcc/arm-none-eabi/13.3.1/thumb/v7e-m+fp/hard/crti.o
                0x080072d0                _init
 .init          0x080072d4        0x8 C:/ST/STM32CubeIDE_1.19.0/STM32CubeIDE/plugins/com.st.stm32cube.ide.mcu.externaltools.gnu-tools-for-stm32.13.3.rel1.win32_1.0.0.202411081344/tools/bin/../lib/gcc/arm-none-eabi/13.3.1/thumb/v7e-m+fp/hard/crtn.o
 *(.fini)
 .fini          0x080072dc        0x4 C:/ST/STM32CubeIDE_1.19.0/STM32CubeIDE/plugins/com.st.stm32cube.ide.mcu.externaltools.gnu-tools-for-stm32.13.3.rel1.win32_1.0.0.202411081344/tools/bin/../lib/gcc/arm-none-eabi/13.3.1/thumb/v7e-m+fp/hard/crti.o
                0x080072dc                _fini
 .fini          0x080072e0        0x8 C:/ST/STM32CubeIDE_1.19.0/STM32CubeIDE/plugins/com.st.stm32cube.ide.mcu.externaltools.gnu-tools-for-stm32.13.3.rel1.win32_1.0.0.202411081344/tools/bin/../lib/gcc/arm-none-eabi/13.3.1/thumb/v7e-m+fp/hard/crtn.o
                0x080072e8                        . = ALIGN (0x4)
                0x080072e8                        _etext = .

.vfp11_veneer   0x080072e8        0x0
 .vfp11_veneer  0x080072e8        0x0 linker stubs

.v4_bx          0x080072e8        0x0
 .v4_bx         0x080072e8        0x0 linker stubs

.iplt           0x080072e8        0x0
 .iplt          0x080072e8        0x0 C:/ST/STM32CubeIDE_1.19.0/STM32CubeIDE/plugins/com.st.stm32cube.ide.mcu.externaltools.gnu-tools-for-stm32.13.3.rel1.win32_1.0.0.202411081344/tools/bin/../lib/gcc/arm-none-eabi/13.3.1/thumb/v7e-m+fp/hard/crtbegin.o

.rodata         0x080072e8       0x40
                0x080072e8                        . = ALIGN (0x4)
 *(.rodata)
 *(.rodata*)
 .rodata.AHBPrescTable
                0x080072e8       0x10 ./Core/Src/system_stm32g4xx.o
                0x080072e8                AHBPrescTable
 .rodata.APBPrescTable
                0x080072f8        0x8 ./Core/Src/system_stm32g4xx.o
                0x080072f8                APBPrescTable
 .rodata.UARTPrescTable
                0x08007300       0x18 ./Drivers/STM32G4xx_HAL_Driver/Src/stm32g4xx_hal_uart.o
                0x08007300                UARTPrescTable
 .rodata.numerator.1
                0x08007318        0x8 ./Drivers/STM32G4xx_HAL_Driver/Src/stm32g4xx_hal_uart_ex.o
 .rodata.denominator.0
                0x08007320        0x8 ./Drivers/STM32G4xx_HAL_Driver/Src/stm32g4xx_hal_uart_ex.o
                0x08007328                        . = ALIGN (0x4)

.ARM.extab      0x08007328        0x0
                0x08007328                        . = ALIGN (0x4)
 *(.ARM.extab* .gnu.linkonce.armextab.*)
                0x08007328                        . = ALIGN (0x4)

.ARM            0x08007328        0x8
                0x08007328                        . = ALIGN (0x4)
                0x08007328                        __exidx_start = .
 *(.ARM.exidx*)
 .ARM.exidx     0x08007328        0x8 C:/ST/STM32CubeIDE_1.19.0/STM32CubeIDE/plugins/com.st.stm32cube.ide.mcu.externaltools.gnu-tools-for-stm32.13.3.rel1.win32_1.0.0.202411081344/tools/bin/../lib/gcc/arm-none-eabi/13.3.1/thumb/v7e-m+fp/hard\libgcc.a(_udivmoddi4.o)
                0x08007330                        __exidx_end = .
                0x08007330                        . = ALIGN (0x4)

.preinit_array  0x08007330        0x0
                0x08007330                        . = ALIGN (0x4)
                0x08007330                        PROVIDE (__preinit_array_start = .)
 *(.preinit_array*)
                0x08007330                        PROVIDE (__preinit_array_end = .)
                0x08007330                        . = ALIGN (0x4)

.init_array     0x08007330        0x4
                0x08007330                        . = ALIGN (0x4)
                0x08007330                        PROVIDE (__init_array_start = .)
 *(SORT_BY_NAME(.init_array.*))
 *(.init_array*)
 .init_array    0x08007330        0x4 C:/ST/STM32CubeIDE_1.19.0/STM32CubeIDE/plugins/com.st.stm32cube.ide.mcu.externaltools.gnu-tools-for-stm32.13.3.rel1.win32_1.0.0.202411081344/tools/bin/../lib/gcc/arm-none-eabi/13.3.1/thumb/v7e-m+fp/hard/crtbegin.o
                0x08007334                        PROVIDE (__init_array_end = .)
                0x08007334                        . = ALIGN (0x4)

.fini_array     0x08007334        0x4
                0x08007334                        . = ALIGN (0x4)
                [!provide]                        PROVIDE (__fini_array_start = .)
 *(SORT_BY_NAME(.fini_array.*))
 *(.fini_array*)
 .fini_array    0x08007334        0x4 C:/ST/STM32CubeIDE_1.19.0/STM32CubeIDE/plugins/com.st.stm32cube.ide.mcu.externaltools.gnu-tools-for-stm32.13.3.rel1.win32_1.0.0.202411081344/tools/bin/../lib/gcc/arm-none-eabi/13.3.1/thumb/v7e-m+fp/hard/crtbegin.o
                [!provide]                        PROVIDE (__fini_array_end = .)
                0x08007338                        . = ALIGN (0x4)
                0x08007338                        _sidata = LOADADDR (.data)

.rel.dyn        0x08007338        0x0
 .rel.iplt      0x08007338        0x0 C:/ST/STM32CubeIDE_1.19.0/STM32CubeIDE/plugins/com.st.stm32cube.ide.mcu.externaltools.gnu-tools-for-stm32.13.3.rel1.win32_1.0.0.202411081344/tools/bin/../lib/gcc/arm-none-eabi/13.3.1/thumb/v7e-m+fp/hard/crtbegin.o

.data           0x20000000       0x10 load address 0x08007338
                0x20000000                        . = ALIGN (0x4)
                0x20000000                        _sdata = .
 *(.data)
 *(.data*)
 .data.dt       0x20000000        0x4 ./Core/Src/main.o
                0x20000000                dt
 .data.SystemCoreClock
                0x20000004        0x4 ./Core/Src/system_stm32g4xx.o
                0x20000004                SystemCoreClock
 .data.uwTickPrio
                0x20000008        0x4 ./Drivers/STM32G4xx_HAL_Driver/Src/stm32g4xx_hal.o
                0x20000008                uwTickPrio
 .data.uwTickFreq
                0x2000000c        0x4 ./Drivers/STM32G4xx_HAL_Driver/Src/stm32g4xx_hal.o
                0x2000000c                uwTickFreq
 *(.RamFunc)
 *(.RamFunc*)
                0x20000010                        . = ALIGN (0x4)
                0x20000010                        _edata = .

.igot.plt       0x20000010        0x0 load address 0x08007348
 .igot.plt      0x20000010        0x0 C:/ST/STM32CubeIDE_1.19.0/STM32CubeIDE/plugins/com.st.stm32cube.ide.mcu.externaltools.gnu-tools-for-stm32.13.3.rel1.win32_1.0.0.202411081344/tools/bin/../lib/gcc/arm-none-eabi/13.3.1/thumb/v7e-m+fp/hard/crtbegin.o
                0x20000010                        . = ALIGN (0x4)

.bss            0x20000010      0xa3c load address 0x08007348
                0x20000010                        _sbss = .
                0x20000010                        __bss_start__ = _sbss
 *(.bss)
 .bss           0x20000010       0x1c C:/ST/STM32CubeIDE_1.19.0/STM32CubeIDE/plugins/com.st.stm32cube.ide.mcu.externaltools.gnu-tools-for-stm32.13.3.rel1.win32_1.0.0.202411081344/tools/bin/../lib/gcc/arm-none-eabi/13.3.1/thumb/v7e-m+fp/hard/crtbegin.o
 *(.bss*)
 .bss.hlpuart1  0x2000002c       0x94 ./Core/Src/main.o
                0x2000002c                hlpuart1
 .bss.htim1     0x200000c0       0x4c ./Core/Src/main.o
                0x200000c0                htim1
 .bss.htim3     0x2000010c       0x4c ./Core/Src/main.o
                0x2000010c                htim3
 .bss.htim6     0x20000158       0x4c ./Core/Src/main.o
                0x20000158                htim6
 .bss.run_sensor_task
                0x200001a4        0x1 ./Core/Src/main.o
                0x200001a4                run_sensor_task
 *fill*         0x200001a5        0x3 
 .bss.StaticKalman_01_167
                0x200001a8       0x10 ./Core/Src/main.o
                0x200001a8                StaticKalman_01_167
 .bss.StaticKalman_01_00167
                0x200001b8       0x10 ./Core/Src/main.o
                0x200001b8                StaticKalman_01_00167
 .bss.StaticKalman_01_0000167
                0x200001c8       0x10 ./Core/Src/main.o
                0x200001c8                StaticKalman_01_0000167
 .bss.StaticKalman_00001_167
                0x200001d8       0x10 ./Core/Src/main.o
                0x200001d8                StaticKalman_00001_167
 .bss.StaticKalman_00001_00167
                0x200001e8       0x10 ./Core/Src/main.o
                0x200001e8                StaticKalman_00001_00167
 .bss.StaticKalman_00001_0000167
                0x200001f8       0x10 ./Core/Src/main.o
                0x200001f8                StaticKalman_00001_0000167
 .bss.StaticKalman_00000001_167
                0x20000208       0x10 ./Core/Src/main.o
                0x20000208                StaticKalman_00000001_167
 .bss.StaticKalman_00000001_00167
                0x20000218       0x10 ./Core/Src/main.o
                0x20000218                StaticKalman_00000001_00167
 .bss.StaticKalman_00000001_0000167
                0x20000228       0x10 ./Core/Src/main.o
                0x20000228                StaticKalman_00000001_0000167
 .bss.ChangeDistanceKalman_01_167
                0x20000238       0xdc ./Core/Src/main.o
                0x20000238                ChangeDistanceKalman_01_167
 .bss.ChangeDistanceKalman_01_00167
                0x20000314       0xdc ./Core/Src/main.o
                0x20000314                ChangeDistanceKalman_01_00167
 .bss.ChangeDistanceKalman_01_0000167
                0x200003f0       0xdc ./Core/Src/main.o
                0x200003f0                ChangeDistanceKalman_01_0000167
 .bss.ChangeDistanceKalman_00001_167
                0x200004cc       0xdc ./Core/Src/main.o
                0x200004cc                ChangeDistanceKalman_00001_167
 .bss.ChangeDistanceKalman_00001_00167
                0x200005a8       0xdc ./Core/Src/main.o
                0x200005a8                ChangeDistanceKalman_00001_00167
 .bss.ChangeDistanceKalman_00001_0000167
                0x20000684       0xdc ./Core/Src/main.o
                0x20000684                ChangeDistanceKalman_00001_0000167
 .bss.ChangeDistanceKalman_00000001_167
                0x20000760       0xdc ./Core/Src/main.o
                0x20000760                ChangeDistanceKalman_00000001_167
 .bss.ChangeDistanceKalman_00000001_00167
                0x2000083c       0xdc ./Core/Src/main.o
                0x2000083c                ChangeDistanceKalman_00000001_00167
 .bss.ChangeDistanceKalman_00000001_0000167
                0x20000918       0xdc ./Core/Src/main.o
                0x20000918                ChangeDistanceKalman_00000001_0000167
 .bss.rawDistance
                0x200009f4        0x4 ./Core/Src/main.o
                0x200009f4                rawDistance
 .bss.StaticKalmancleanDistance_01_167
                0x200009f8        0x4 ./Core/Src/main.o
                0x200009f8                StaticKalmancleanDistance_01_167
 .bss.StaticKalmancleanDistance_01_00167
                0x200009fc        0x4 ./Core/Src/main.o
                0x200009fc                StaticKalmancleanDistance_01_00167
 .bss.StaticKalmancleanDistance_01_0000167
                0x20000a00        0x4 ./Core/Src/main.o
                0x20000a00                StaticKalmancleanDistance_01_0000167
 .bss.StaticKalmancleanDistance_00001_167
                0x20000a04        0x4 ./Core/Src/main.o
                0x20000a04                StaticKalmancleanDistance_00001_167
 .bss.StaticKalmancleanDistance_00001_00167
                0x20000a08        0x4 ./Core/Src/main.o
                0x20000a08                StaticKalmancleanDistance_00001_00167
 .bss.StaticKalmancleanDistance_00001_0000167
                0x20000a0c        0x4 ./Core/Src/main.o
                0x20000a0c                StaticKalmancleanDistance_00001_0000167
 .bss.StaticKalmancleanDistance_00000001_167
                0x20000a10        0x4 ./Core/Src/main.o
                0x20000a10                StaticKalmancleanDistance_00000001_167
 .bss.StaticKalmancleanDistance_00000001_00167
                0x20000a14        0x4 ./Core/Src/main.o
                0x20000a14                StaticKalmancleanDistance_00000001_00167
 .bss.StaticKalmancleanDistance_00000001_0000167
                0x20000a18        0x4 ./Core/Src/main.o
                0x20000a18                StaticKalmancleanDistance_00000001_0000167
 .bss.ChangeDistanceKalmancleanDistance_01_167
                0x20000a1c        0x4 ./Core/Src/main.o
                0x20000a1c                ChangeDistanceKalmancleanDistance_01_167
 .bss.ChangeDistanceKalmancleanDistance_01_00167
                0x20000a20        0x4 ./Core/Src/main.o
                0x20000a20                ChangeDistanceKalmancleanDistance_01_00167
 .bss.ChangeDistanceKalmancleanDistance_01_0000167
                0x20000a24        0x4 ./Core/Src/main.o
                0x20000a24                ChangeDistanceKalmancleanDistance_01_0000167
 .bss.ChangeDistanceKalmancleanDistance_00001_167
                0x20000a28        0x4 ./Core/Src/main.o
                0x20000a28                ChangeDistanceKalmancleanDistance_00001_167
 .bss.ChangeDistanceKalmancleanDistance_00001_00167
                0x20000a2c        0x4 ./Core/Src/main.o
                0x20000a2c                ChangeDistanceKalmancleanDistance_00001_00167
 .bss.ChangeDistanceKalmancleanDistance_00001_0000167
                0x20000a30        0x4 ./Core/Src/main.o
                0x20000a30                ChangeDistanceKalmancleanDistance_00001_0000167
 .bss.ChangeDistanceKalmancleanDistance_00000001_167
                0x20000a34        0x4 ./Core/Src/main.o
                0x20000a34                ChangeDistanceKalmancleanDistance_00000001_167
 .bss.ChangeDistanceKalmancleanDistance_00000001_00167
                0x20000a38        0x4 ./Core/Src/main.o
                0x20000a38                ChangeDistanceKalmancleanDistance_00000001_00167
 .bss.ChangeDistanceKalmancleanDistance_00000001_0000167
                0x20000a3c        0x4 ./Core/Src/main.o
                0x20000a3c                ChangeDistanceKalmancleanDistance_00000001_0000167
 .bss.timestamp.0
                0x20000a40        0x4 ./Core/Src/main.o
 .bss.ConvertedValue_cm
                0x20000a44        0x4 ./Core/Src/ultrasonic.o
                0x20000a44                ConvertedValue_cm
 .bss.uwTick    0x20000a48        0x4 ./Drivers/STM32G4xx_HAL_Driver/Src/stm32g4xx_hal.o
                0x20000a48                uwTick
 *(COMMON)
                0x20000a4c                        . = ALIGN (0x4)
                0x20000a4c                        _ebss = .
                0x20000a4c                        __bss_end__ = _ebss

._user_heap_stack
                0x20000a4c      0x604 load address 0x08007348
                0x20000a50                        . = ALIGN (0x8)
 *fill*         0x20000a4c        0x4 
                [!provide]                        PROVIDE (end = .)
                0x20000a50                        PROVIDE (_end = .)
                0x20000c50                        . = (. + _Min_Heap_Size)
 *fill*         0x20000a50      0x200 
                0x20001050                        . = (. + _Min_Stack_Size)
 *fill*         0x20000c50      0x400 
                0x20001050                        . = ALIGN (0x8)

/DISCARD/
 libc.a(*)
 libm.a(*)
 libgcc.a(*)

.ARM.attributes
                0x00000000       0x30
 *(.ARM.attributes)
 .ARM.attributes
                0x00000000       0x22 C:/ST/STM32CubeIDE_1.19.0/STM32CubeIDE/plugins/com.st.stm32cube.ide.mcu.externaltools.gnu-tools-for-stm32.13.3.rel1.win32_1.0.0.202411081344/tools/bin/../lib/gcc/arm-none-eabi/13.3.1/thumb/v7e-m+fp/hard/crti.o
 .ARM.attributes
                0x00000022       0x34 C:/ST/STM32CubeIDE_1.19.0/STM32CubeIDE/plugins/com.st.stm32cube.ide.mcu.externaltools.gnu-tools-for-stm32.13.3.rel1.win32_1.0.0.202411081344/tools/bin/../lib/gcc/arm-none-eabi/13.3.1/thumb/v7e-m+fp/hard/crtbegin.o
 .ARM.attributes
                0x00000056       0x34 ./Core/Src/Kalman.o
 .ARM.attributes
                0x0000008a       0x34 ./Core/Src/Kalman1D.o
 .ARM.attributes
                0x000000be       0x34 ./Core/Src/main.o
 .ARM.attributes
                0x000000f2       0x34 ./Core/Src/stm32g4xx_hal_msp.o
 .ARM.attributes
                0x00000126       0x34 ./Core/Src/stm32g4xx_it.o
 .ARM.attributes
                0x0000015a       0x34 ./Core/Src/system_stm32g4xx.o
 .ARM.attributes
                0x0000018e       0x34 ./Core/Src/ultrasonic.o
 .ARM.attributes
                0x000001c2       0x21 ./Core/Startup/startup_stm32g474retx.o
 .ARM.attributes
                0x000001e3       0x34 ./Drivers/STM32G4xx_HAL_Driver/Src/stm32g4xx_hal.o
 .ARM.attributes
                0x00000217       0x34 ./Drivers/STM32G4xx_HAL_Driver/Src/stm32g4xx_hal_cortex.o
 .ARM.attributes
                0x0000024b       0x34 ./Drivers/STM32G4xx_HAL_Driver/Src/stm32g4xx_hal_dma.o
 .ARM.attributes
                0x0000027f       0x34 ./Drivers/STM32G4xx_HAL_Driver/Src/stm32g4xx_hal_gpio.o
 .ARM.attributes
                0x000002b3       0x34 ./Drivers/STM32G4xx_HAL_Driver/Src/stm32g4xx_hal_pwr_ex.o
 .ARM.attributes
                0x000002e7       0x34 ./Drivers/STM32G4xx_HAL_Driver/Src/stm32g4xx_hal_rcc.o
 .ARM.attributes
                0x0000031b       0x34 ./Drivers/STM32G4xx_HAL_Driver/Src/stm32g4xx_hal_rcc_ex.o
 .ARM.attributes
                0x0000034f       0x34 ./Drivers/STM32G4xx_HAL_Driver/Src/stm32g4xx_hal_tim.o
 .ARM.attributes
                0x00000383       0x34 ./Drivers/STM32G4xx_HAL_Driver/Src/stm32g4xx_hal_tim_ex.o
 .ARM.attributes
                0x000003b7       0x34 ./Drivers/STM32G4xx_HAL_Driver/Src/stm32g4xx_hal_uart.o
 .ARM.attributes
                0x000003eb       0x34 ./Drivers/STM32G4xx_HAL_Driver/Src/stm32g4xx_hal_uart_ex.o
 .ARM.attributes
                0x0000041f       0x34 ../Middlewares/Third_Party/ARM_CMSIS/CMSIS/DSP/Lib/GCC\libarm_cortexM4lf_math.a(arm_copy_f32.o)
 .ARM.attributes
                0x00000453       0x34 ../Middlewares/Third_Party/ARM_CMSIS/CMSIS/DSP/Lib/GCC\libarm_cortexM4lf_math.a(arm_mat_trans_f32.o)
 .ARM.attributes
                0x00000487       0x34 ../Middlewares/Third_Party/ARM_CMSIS/CMSIS/DSP/Lib/GCC\libarm_cortexM4lf_math.a(arm_mat_sub_f32.o)
 .ARM.attributes
                0x000004bb       0x34 ../Middlewares/Third_Party/ARM_CMSIS/CMSIS/DSP/Lib/GCC\libarm_cortexM4lf_math.a(arm_mat_mult_f32.o)
 .ARM.attributes
                0x000004ef       0x34 ../Middlewares/Third_Party/ARM_CMSIS/CMSIS/DSP/Lib/GCC\libarm_cortexM4lf_math.a(arm_mat_init_f32.o)
 .ARM.attributes
                0x00000523       0x34 ../Middlewares/Third_Party/ARM_CMSIS/CMSIS/DSP/Lib/GCC\libarm_cortexM4lf_math.a(arm_mat_add_f32.o)
 .ARM.attributes
                0x00000557       0x34 C:/ST/STM32CubeIDE_1.19.0/STM32CubeIDE/plugins/com.st.stm32cube.ide.mcu.externaltools.gnu-tools-for-stm32.13.3.rel1.win32_1.0.0.202411081344/tools/bin/../lib/gcc/arm-none-eabi/13.3.1/../../../../arm-none-eabi/lib/thumb/v7e-m+fp/hard\libc_nano.a(libc_a-memset.o)
 .ARM.attributes
                0x0000058b       0x34 C:/ST/STM32CubeIDE_1.19.0/STM32CubeIDE/plugins/com.st.stm32cube.ide.mcu.externaltools.gnu-tools-for-stm32.13.3.rel1.win32_1.0.0.202411081344/tools/bin/../lib/gcc/arm-none-eabi/13.3.1/../../../../arm-none-eabi/lib/thumb/v7e-m+fp/hard\libc_nano.a(libc_a-init.o)
 .ARM.attributes
                0x000005bf       0x22 C:/ST/STM32CubeIDE_1.19.0/STM32CubeIDE/plugins/com.st.stm32cube.ide.mcu.externaltools.gnu-tools-for-stm32.13.3.rel1.win32_1.0.0.202411081344/tools/bin/../lib/gcc/arm-none-eabi/13.3.1/thumb/v7e-m+fp/hard\libgcc.a(_aeabi_uldivmod.o)
 .ARM.attributes
                0x000005e1       0x34 C:/ST/STM32CubeIDE_1.19.0/STM32CubeIDE/plugins/com.st.stm32cube.ide.mcu.externaltools.gnu-tools-for-stm32.13.3.rel1.win32_1.0.0.202411081344/tools/bin/../lib/gcc/arm-none-eabi/13.3.1/thumb/v7e-m+fp/hard\libgcc.a(_udivmoddi4.o)
 .ARM.attributes
                0x00000615       0x22 C:/ST/STM32CubeIDE_1.19.0/STM32CubeIDE/plugins/com.st.stm32cube.ide.mcu.externaltools.gnu-tools-for-stm32.13.3.rel1.win32_1.0.0.202411081344/tools/bin/../lib/gcc/arm-none-eabi/13.3.1/thumb/v7e-m+fp/hard\libgcc.a(_dvmd_tls.o)
 .ARM.attributes
                0x00000637       0x22 C:/ST/STM32CubeIDE_1.19.0/STM32CubeIDE/plugins/com.st.stm32cube.ide.mcu.externaltools.gnu-tools-for-stm32.13.3.rel1.win32_1.0.0.202411081344/tools/bin/../lib/gcc/arm-none-eabi/13.3.1/thumb/v7e-m+fp/hard/crtn.o
OUTPUT(Lab3_G11.elf elf32-littlearm)
LOAD linker stubs
LOAD C:/ST/STM32CubeIDE_1.19.0/STM32CubeIDE/plugins/com.st.stm32cube.ide.mcu.externaltools.gnu-tools-for-stm32.13.3.rel1.win32_1.0.0.202411081344/tools/bin/../lib/gcc/arm-none-eabi/13.3.1/../../../../arm-none-eabi/lib/thumb/v7e-m+fp/hard\libc.a
LOAD C:/ST/STM32CubeIDE_1.19.0/STM32CubeIDE/plugins/com.st.stm32cube.ide.mcu.externaltools.gnu-tools-for-stm32.13.3.rel1.win32_1.0.0.202411081344/tools/bin/../lib/gcc/arm-none-eabi/13.3.1/../../../../arm-none-eabi/lib/thumb/v7e-m+fp/hard\libm.a
LOAD C:/ST/STM32CubeIDE_1.19.0/STM32CubeIDE/plugins/com.st.stm32cube.ide.mcu.externaltools.gnu-tools-for-stm32.13.3.rel1.win32_1.0.0.202411081344/tools/bin/../lib/gcc/arm-none-eabi/13.3.1/thumb/v7e-m+fp/hard\libgcc.a

.debug_info     0x00000000    0x18c53
 .debug_info    0x00000000      0x577 ./Core/Src/Kalman.o
 .debug_info    0x00000577       0xff ./Core/Src/Kalman1D.o
 .debug_info    0x00000676     0x2241 ./Core/Src/main.o
 .debug_info    0x000028b7     0x155f ./Core/Src/stm32g4xx_hal_msp.o
 .debug_info    0x00003e16      0xc80 ./Core/Src/stm32g4xx_it.o
 .debug_info    0x00004a96      0x58e ./Core/Src/system_stm32g4xx.o
 .debug_info    0x00005024      0x836 ./Core/Src/ultrasonic.o
 .debug_info    0x0000585a       0x30 ./Core/Startup/startup_stm32g474retx.o
 .debug_info    0x0000588a      0xb95 ./Drivers/STM32G4xx_HAL_Driver/Src/stm32g4xx_hal.o
 .debug_info    0x0000641f      0xdf9 ./Drivers/STM32G4xx_HAL_Driver/Src/stm32g4xx_hal_cortex.o
 .debug_info    0x00007218      0x85f ./Drivers/STM32G4xx_HAL_Driver/Src/stm32g4xx_hal_dma.o
 .debug_info    0x00007a77      0x772 ./Drivers/STM32G4xx_HAL_Driver/Src/stm32g4xx_hal_gpio.o
 .debug_info    0x000081e9      0x944 ./Drivers/STM32G4xx_HAL_Driver/Src/stm32g4xx_hal_pwr_ex.o
 .debug_info    0x00008b2d      0xbf9 ./Drivers/STM32G4xx_HAL_Driver/Src/stm32g4xx_hal_rcc.o
 .debug_info    0x00009726      0xc5d ./Drivers/STM32G4xx_HAL_Driver/Src/stm32g4xx_hal_rcc_ex.o
 .debug_info    0x0000a383     0x2c52 ./Drivers/STM32G4xx_HAL_Driver/Src/stm32g4xx_hal_tim.o
 .debug_info    0x0000cfd5     0x1d95 ./Drivers/STM32G4xx_HAL_Driver/Src/stm32g4xx_hal_tim_ex.o
 .debug_info    0x0000ed6a     0x4854 ./Drivers/STM32G4xx_HAL_Driver/Src/stm32g4xx_hal_uart.o
 .debug_info    0x000135be      0xfdc ./Drivers/STM32G4xx_HAL_Driver/Src/stm32g4xx_hal_uart_ex.o
 .debug_info    0x0001459a      0xae0 ../Middlewares/Third_Party/ARM_CMSIS/CMSIS/DSP/Lib/GCC\libarm_cortexM4lf_math.a(arm_copy_f32.o)
 .debug_info    0x0001507a      0xc1e ../Middlewares/Third_Party/ARM_CMSIS/CMSIS/DSP/Lib/GCC\libarm_cortexM4lf_math.a(arm_mat_trans_f32.o)
 .debug_info    0x00015c98      0xbf9 ../Middlewares/Third_Party/ARM_CMSIS/CMSIS/DSP/Lib/GCC\libarm_cortexM4lf_math.a(arm_mat_sub_f32.o)
 .debug_info    0x00016891      0xcbd ../Middlewares/Third_Party/ARM_CMSIS/CMSIS/DSP/Lib/GCC\libarm_cortexM4lf_math.a(arm_mat_mult_f32.o)
 .debug_info    0x0001754e      0xb0c ../Middlewares/Third_Party/ARM_CMSIS/CMSIS/DSP/Lib/GCC\libarm_cortexM4lf_math.a(arm_mat_init_f32.o)
 .debug_info    0x0001805a      0xbf9 ../Middlewares/Third_Party/ARM_CMSIS/CMSIS/DSP/Lib/GCC\libarm_cortexM4lf_math.a(arm_mat_add_f32.o)

.debug_abbrev   0x00000000     0x349c
 .debug_abbrev  0x00000000      0x19c ./Core/Src/Kalman.o
 .debug_abbrev  0x0000019c       0xc6 ./Core/Src/Kalman1D.o
 .debug_abbrev  0x00000262      0x359 ./Core/Src/main.o
 .debug_abbrev  0x000005bb      0x25d ./Core/Src/stm32g4xx_hal_msp.o
 .debug_abbrev  0x00000818      0x1ca ./Core/Src/stm32g4xx_it.o
 .debug_abbrev  0x000009e2      0x11a ./Core/Src/system_stm32g4xx.o
 .debug_abbrev  0x00000afc      0x1a1 ./Core/Src/ultrasonic.o
 .debug_abbrev  0x00000c9d       0x24 ./Core/Startup/startup_stm32g474retx.o
 .debug_abbrev  0x00000cc1      0x271 ./Drivers/STM32G4xx_HAL_Driver/Src/stm32g4xx_hal.o
 .debug_abbrev  0x00000f32      0x31c ./Drivers/STM32G4xx_HAL_Driver/Src/stm32g4xx_hal_cortex.o
 .debug_abbrev  0x0000124e      0x1e2 ./Drivers/STM32G4xx_HAL_Driver/Src/stm32g4xx_hal_dma.o
 .debug_abbrev  0x00001430      0x1d2 ./Drivers/STM32G4xx_HAL_Driver/Src/stm32g4xx_hal_gpio.o
 .debug_abbrev  0x00001602      0x22c ./Drivers/STM32G4xx_HAL_Driver/Src/stm32g4xx_hal_pwr_ex.o
 .debug_abbrev  0x0000182e      0x2c9 ./Drivers/STM32G4xx_HAL_Driver/Src/stm32g4xx_hal_rcc.o
 .debug_abbrev  0x00001af7      0x261 ./Drivers/STM32G4xx_HAL_Driver/Src/stm32g4xx_hal_rcc_ex.o
 .debug_abbrev  0x00001d58      0x2a7 ./Drivers/STM32G4xx_HAL_Driver/Src/stm32g4xx_hal_tim.o
 .debug_abbrev  0x00001fff      0x2c5 ./Drivers/STM32G4xx_HAL_Driver/Src/stm32g4xx_hal_tim_ex.o
 .debug_abbrev  0x000022c4      0x304 ./Drivers/STM32G4xx_HAL_Driver/Src/stm32g4xx_hal_uart.o
 .debug_abbrev  0x000025c8      0x2d2 ./Drivers/STM32G4xx_HAL_Driver/Src/stm32g4xx_hal_uart_ex.o
 .debug_abbrev  0x0000289a      0x1eb ../Middlewares/Third_Party/ARM_CMSIS/CMSIS/DSP/Lib/GCC\libarm_cortexM4lf_math.a(arm_copy_f32.o)
 .debug_abbrev  0x00002a85      0x216 ../Middlewares/Third_Party/ARM_CMSIS/CMSIS/DSP/Lib/GCC\libarm_cortexM4lf_math.a(arm_mat_trans_f32.o)
 .debug_abbrev  0x00002c9b      0x202 ../Middlewares/Third_Party/ARM_CMSIS/CMSIS/DSP/Lib/GCC\libarm_cortexM4lf_math.a(arm_mat_sub_f32.o)
 .debug_abbrev  0x00002e9d      0x216 ../Middlewares/Third_Party/ARM_CMSIS/CMSIS/DSP/Lib/GCC\libarm_cortexM4lf_math.a(arm_mat_mult_f32.o)
 .debug_abbrev  0x000030b3      0x1e7 ../Middlewares/Third_Party/ARM_CMSIS/CMSIS/DSP/Lib/GCC\libarm_cortexM4lf_math.a(arm_mat_init_f32.o)
 .debug_abbrev  0x0000329a      0x202 ../Middlewares/Third_Party/ARM_CMSIS/CMSIS/DSP/Lib/GCC\libarm_cortexM4lf_math.a(arm_mat_add_f32.o)

.debug_aranges  0x00000000     0x11a0
 .debug_aranges
                0x00000000       0x28 ./Core/Src/Kalman.o
 .debug_aranges
                0x00000028       0x28 ./Core/Src/Kalman1D.o
 .debug_aranges
                0x00000050       0x70 ./Core/Src/main.o
 .debug_aranges
                0x000000c0       0x48 ./Core/Src/stm32g4xx_hal_msp.o
 .debug_aranges
                0x00000108       0x78 ./Core/Src/stm32g4xx_it.o
 .debug_aranges
                0x00000180       0x28 ./Core/Src/system_stm32g4xx.o
 .debug_aranges
                0x000001a8       0x20 ./Core/Src/ultrasonic.o
 .debug_aranges
                0x000001c8       0x28 ./Core/Startup/startup_stm32g474retx.o
 .debug_aranges
                0x000001f0      0x148 ./Drivers/STM32G4xx_HAL_Driver/Src/stm32g4xx_hal.o
 .debug_aranges
                0x00000338      0x128 ./Drivers/STM32G4xx_HAL_Driver/Src/stm32g4xx_hal_cortex.o
 .debug_aranges
                0x00000460       0x90 ./Drivers/STM32G4xx_HAL_Driver/Src/stm32g4xx_hal_dma.o
 .debug_aranges
                0x000004f0       0x58 ./Drivers/STM32G4xx_HAL_Driver/Src/stm32g4xx_hal_gpio.o
 .debug_aranges
                0x00000548      0x140 ./Drivers/STM32G4xx_HAL_Driver/Src/stm32g4xx_hal_pwr_ex.o
 .debug_aranges
                0x00000688       0x98 ./Drivers/STM32G4xx_HAL_Driver/Src/stm32g4xx_hal_rcc.o
 .debug_aranges
                0x00000720       0xb0 ./Drivers/STM32G4xx_HAL_Driver/Src/stm32g4xx_hal_rcc_ex.o
 .debug_aranges
                0x000007d0      0x3e0 ./Drivers/STM32G4xx_HAL_Driver/Src/stm32g4xx_hal_tim.o
 .debug_aranges
                0x00000bb0      0x240 ./Drivers/STM32G4xx_HAL_Driver/Src/stm32g4xx_hal_tim_ex.o
 .debug_aranges
                0x00000df0      0x248 ./Drivers/STM32G4xx_HAL_Driver/Src/stm32g4xx_hal_uart.o
 .debug_aranges
                0x00001038       0xa8 ./Drivers/STM32G4xx_HAL_Driver/Src/stm32g4xx_hal_uart_ex.o
 .debug_aranges
                0x000010e0       0x20 ../Middlewares/Third_Party/ARM_CMSIS/CMSIS/DSP/Lib/GCC\libarm_cortexM4lf_math.a(arm_copy_f32.o)
 .debug_aranges
                0x00001100       0x20 ../Middlewares/Third_Party/ARM_CMSIS/CMSIS/DSP/Lib/GCC\libarm_cortexM4lf_math.a(arm_mat_trans_f32.o)
 .debug_aranges
                0x00001120       0x20 ../Middlewares/Third_Party/ARM_CMSIS/CMSIS/DSP/Lib/GCC\libarm_cortexM4lf_math.a(arm_mat_sub_f32.o)
 .debug_aranges
                0x00001140       0x20 ../Middlewares/Third_Party/ARM_CMSIS/CMSIS/DSP/Lib/GCC\libarm_cortexM4lf_math.a(arm_mat_mult_f32.o)
 .debug_aranges
                0x00001160       0x20 ../Middlewares/Third_Party/ARM_CMSIS/CMSIS/DSP/Lib/GCC\libarm_cortexM4lf_math.a(arm_mat_init_f32.o)
 .debug_aranges
                0x00001180       0x20 ../Middlewares/Third_Party/ARM_CMSIS/CMSIS/DSP/Lib/GCC\libarm_cortexM4lf_math.a(arm_mat_add_f32.o)

.debug_rnglists
                0x00000000      0xd30
 .debug_rnglists
                0x00000000       0x1b ./Core/Src/Kalman.o
 .debug_rnglists
                0x0000001b       0x1a ./Core/Src/Kalman1D.o
 .debug_rnglists
                0x00000035       0x56 ./Core/Src/main.o
 .debug_rnglists
                0x0000008b       0x33 ./Core/Src/stm32g4xx_hal_msp.o
 .debug_rnglists
                0x000000be       0x55 ./Core/Src/stm32g4xx_it.o
 .debug_rnglists
                0x00000113       0x1a ./Core/Src/system_stm32g4xx.o
 .debug_rnglists
                0x0000012d       0x13 ./Core/Src/ultrasonic.o
 .debug_rnglists
                0x00000140       0x19 ./Core/Startup/startup_stm32g474retx.o
 .debug_rnglists
                0x00000159       0xf1 ./Drivers/STM32G4xx_HAL_Driver/Src/stm32g4xx_hal.o
 .debug_rnglists
                0x0000024a       0xda ./Drivers/STM32G4xx_HAL_Driver/Src/stm32g4xx_hal_cortex.o
 .debug_rnglists
                0x00000324       0x72 ./Drivers/STM32G4xx_HAL_Driver/Src/stm32g4xx_hal_dma.o
 .debug_rnglists
                0x00000396       0x3f ./Drivers/STM32G4xx_HAL_Driver/Src/stm32g4xx_hal_gpio.o
 .debug_rnglists
                0x000003d5       0xf1 ./Drivers/STM32G4xx_HAL_Driver/Src/stm32g4xx_hal_pwr_ex.o
 .debug_rnglists
                0x000004c6       0x74 ./Drivers/STM32G4xx_HAL_Driver/Src/stm32g4xx_hal_rcc.o
 .debug_rnglists
                0x0000053a       0x87 ./Drivers/STM32G4xx_HAL_Driver/Src/stm32g4xx_hal_rcc_ex.o
 .debug_rnglists
                0x000005c1      0x32d ./Drivers/STM32G4xx_HAL_Driver/Src/stm32g4xx_hal_tim.o
 .debug_rnglists
                0x000008ee      0x1cc ./Drivers/STM32G4xx_HAL_Driver/Src/stm32g4xx_hal_tim_ex.o
 .debug_rnglists
                0x00000aba      0x1f7 ./Drivers/STM32G4xx_HAL_Driver/Src/stm32g4xx_hal_uart.o
 .debug_rnglists
                0x00000cb1       0x7f ./Drivers/STM32G4xx_HAL_Driver/Src/stm32g4xx_hal_uart_ex.o

.debug_macro    0x00000000    0x26e7b
 .debug_macro   0x00000000      0x32b ./Core/Src/Kalman.o
 .debug_macro   0x0000032b      0xad8 ./Core/Src/Kalman.o
 .debug_macro   0x00000e03      0x15b ./Core/Src/Kalman.o
 .debug_macro   0x00000f5e       0x2e ./Core/Src/Kalman.o
 .debug_macro   0x00000f8c       0x28 ./Core/Src/Kalman.o
 .debug_macro   0x00000fb4       0x22 ./Core/Src/Kalman.o
 .debug_macro   0x00000fd6       0x8e ./Core/Src/Kalman.o
 .debug_macro   0x00001064       0x51 ./Core/Src/Kalman.o
 .debug_macro   0x000010b5      0x103 ./Core/Src/Kalman.o
 .debug_macro   0x000011b8       0x6a ./Core/Src/Kalman.o
 .debug_macro   0x00001222      0x1df ./Core/Src/Kalman.o
 .debug_macro   0x00001401       0x1c ./Core/Src/Kalman.o
 .debug_macro   0x0000141d       0x22 ./Core/Src/Kalman.o
 .debug_macro   0x0000143f       0xfb ./Core/Src/Kalman.o
 .debug_macro   0x0000153a     0x1011 ./Core/Src/Kalman.o
 .debug_macro   0x0000254b      0x11f ./Core/Src/Kalman.o
 .debug_macro   0x0000266a    0x18b8c ./Core/Src/Kalman.o
 .debug_macro   0x0001b1f6       0x6d ./Core/Src/Kalman.o
 .debug_macro   0x0001b263     0x3558 ./Core/Src/Kalman.o
 .debug_macro   0x0001e7bb      0x190 ./Core/Src/Kalman.o
 .debug_macro   0x0001e94b       0x5c ./Core/Src/Kalman.o
 .debug_macro   0x0001e9a7     0x171f ./Core/Src/Kalman.o
 .debug_macro   0x000200c6      0x600 ./Core/Src/Kalman.o
 .debug_macro   0x000206c6      0x1b6 ./Core/Src/Kalman.o
 .debug_macro   0x0002087c      0x34a ./Core/Src/Kalman.o
 .debug_macro   0x00020bc6      0x53c ./Core/Src/Kalman.o
 .debug_macro   0x00021102      0x18b ./Core/Src/Kalman.o
 .debug_macro   0x0002128d       0x43 ./Core/Src/Kalman.o
 .debug_macro   0x000212d0      0x23d ./Core/Src/Kalman.o
 .debug_macro   0x0002150d      0x211 ./Core/Src/Kalman.o
 .debug_macro   0x0002171e      0x45c ./Core/Src/Kalman.o
 .debug_macro   0x00021b7a      0x11c ./Core/Src/Kalman.o
 .debug_macro   0x00021c96      0x122 ./Core/Src/Kalman.o
 .debug_macro   0x00021db8      0x3d1 ./Core/Src/Kalman.o
 .debug_macro   0x00022189      0xc0b ./Core/Src/Kalman.o
 .debug_macro   0x00022d94      0x718 ./Core/Src/Kalman.o
 .debug_macro   0x000234ac      0x693 ./Core/Src/Kalman.o
 .debug_macro   0x00023b3f       0xa6 ./Core/Src/Kalman.o
 .debug_macro   0x00023be5      0x358 ./Core/Src/Kalman.o
 .debug_macro   0x00023f3d       0x8e ./Core/Src/Kalman.o
 .debug_macro   0x00023fcb       0x61 ./Core/Src/Kalman.o
 .debug_macro   0x0002402c       0x2a ./Core/Src/Kalman.o
 .debug_macro   0x00024056       0x43 ./Core/Src/Kalman.o
 .debug_macro   0x00024099       0x34 ./Core/Src/Kalman.o
 .debug_macro   0x000240cd      0x370 ./Core/Src/Kalman.o
 .debug_macro   0x0002443d       0x16 ./Core/Src/Kalman.o
 .debug_macro   0x00024453       0x4a ./Core/Src/Kalman.o
 .debug_macro   0x0002449d       0x34 ./Core/Src/Kalman.o
 .debug_macro   0x000244d1       0x10 ./Core/Src/Kalman.o
 .debug_macro   0x000244e1       0x58 ./Core/Src/Kalman.o
 .debug_macro   0x00024539       0x8e ./Core/Src/Kalman.o
 .debug_macro   0x000245c7       0x1c ./Core/Src/Kalman.o
 .debug_macro   0x000245e3      0x185 ./Core/Src/Kalman.o
 .debug_macro   0x00024768       0x10 ./Core/Src/Kalman.o
 .debug_macro   0x00024778       0x3c ./Core/Src/Kalman.o
 .debug_macro   0x000247b4       0x20 ./Core/Src/Kalman.o
 .debug_macro   0x000247d4      0x19b ./Core/Src/Kalman.o
 .debug_macro   0x0002496f      0x201 ./Core/Src/Kalman.o
 .debug_macro   0x00024b70       0x7c ./Core/Src/Kalman.o
 .debug_macro   0x00024bec       0x17 ./Core/Src/Kalman.o
 .debug_macro   0x00024c03      0x118 ./Core/Src/Kalman.o
 .debug_macro   0x00024d1b      0x169 ./Core/Src/Kalman.o
 .debug_macro   0x00024e84       0x16 ./Core/Src/Kalman.o
 .debug_macro   0x00024e9a       0x1b ./Core/Src/Kalman1D.o
 .debug_macro   0x00024eb5      0x343 ./Core/Src/main.o
 .debug_macro   0x000251f8      0x1dd ./Core/Src/stm32g4xx_hal_msp.o
 .debug_macro   0x000253d5      0x1e7 ./Core/Src/stm32g4xx_it.o
 .debug_macro   0x000255bc      0x1ce ./Core/Src/system_stm32g4xx.o
 .debug_macro   0x0002578a      0x1e7 ./Core/Src/ultrasonic.o
 .debug_macro   0x00025971      0x21c ./Drivers/STM32G4xx_HAL_Driver/Src/stm32g4xx_hal.o
 .debug_macro   0x00025b8d      0x1ce ./Drivers/STM32G4xx_HAL_Driver/Src/stm32g4xx_hal_cortex.o
 .debug_macro   0x00025d5b      0x1ce ./Drivers/STM32G4xx_HAL_Driver/Src/stm32g4xx_hal_dma.o
 .debug_macro   0x00025f29      0x1d5 ./Drivers/STM32G4xx_HAL_Driver/Src/stm32g4xx_hal_gpio.o
 .debug_macro   0x000260fe      0x1f8 ./Drivers/STM32G4xx_HAL_Driver/Src/stm32g4xx_hal_pwr_ex.o
 .debug_macro   0x000262f6      0x210 ./Drivers/STM32G4xx_HAL_Driver/Src/stm32g4xx_hal_rcc.o
 .debug_macro   0x00026506      0x1f8 ./Drivers/STM32G4xx_HAL_Driver/Src/stm32g4xx_hal_rcc_ex.o
 .debug_macro   0x000266fe      0x1d6 ./Drivers/STM32G4xx_HAL_Driver/Src/stm32g4xx_hal_tim.o
 .debug_macro   0x000268d4      0x1d4 ./Drivers/STM32G4xx_HAL_Driver/Src/stm32g4xx_hal_tim_ex.o
 .debug_macro   0x00026aa8      0x1f9 ./Drivers/STM32G4xx_HAL_Driver/Src/stm32g4xx_hal_uart.o
 .debug_macro   0x00026ca1      0x1da ./Drivers/STM32G4xx_HAL_Driver/Src/stm32g4xx_hal_uart_ex.o

.debug_line     0x00000000    0x1543f
 .debug_line    0x00000000      0xaca ./Core/Src/Kalman.o
 .debug_line    0x00000aca       0xc2 ./Core/Src/Kalman1D.o
 .debug_line    0x00000b8c      0xf6d ./Core/Src/main.o
 .debug_line    0x00001af9      0x88a ./Core/Src/stm32g4xx_hal_msp.o
 .debug_line    0x00002383      0x858 ./Core/Src/stm32g4xx_it.o
 .debug_line    0x00002bdb      0x7ce ./Core/Src/system_stm32g4xx.o
 .debug_line    0x000033a9      0x77f ./Core/Src/ultrasonic.o
 .debug_line    0x00003b28       0x7b ./Core/Startup/startup_stm32g474retx.o
 .debug_line    0x00003ba3      0xb9a ./Drivers/STM32G4xx_HAL_Driver/Src/stm32g4xx_hal.o
 .debug_line    0x0000473d      0xcff ./Drivers/STM32G4xx_HAL_Driver/Src/stm32g4xx_hal_cortex.o
 .debug_line    0x0000543c      0xeaf ./Drivers/STM32G4xx_HAL_Driver/Src/stm32g4xx_hal_dma.o
 .debug_line    0x000062eb      0xb86 ./Drivers/STM32G4xx_HAL_Driver/Src/stm32g4xx_hal_gpio.o
 .debug_line    0x00006e71      0xcf9 ./Drivers/STM32G4xx_HAL_Driver/Src/stm32g4xx_hal_pwr_ex.o
 .debug_line    0x00007b6a     0x101d ./Drivers/STM32G4xx_HAL_Driver/Src/stm32g4xx_hal_rcc.o
 .debug_line    0x00008b87     0x1293 ./Drivers/STM32G4xx_HAL_Driver/Src/stm32g4xx_hal_rcc_ex.o
 .debug_line    0x00009e1a     0x40e7 ./Drivers/STM32G4xx_HAL_Driver/Src/stm32g4xx_hal_tim.o
 .debug_line    0x0000df01     0x20a1 ./Drivers/STM32G4xx_HAL_Driver/Src/stm32g4xx_hal_tim_ex.o
 .debug_line    0x0000ffa2     0x35fc ./Drivers/STM32G4xx_HAL_Driver/Src/stm32g4xx_hal_uart.o
 .debug_line    0x0001359e      0xccf ./Drivers/STM32G4xx_HAL_Driver/Src/stm32g4xx_hal_uart_ex.o
 .debug_line    0x0001426d      0x28c ../Middlewares/Third_Party/ARM_CMSIS/CMSIS/DSP/Lib/GCC\libarm_cortexM4lf_math.a(arm_copy_f32.o)
 .debug_line    0x000144f9      0x374 ../Middlewares/Third_Party/ARM_CMSIS/CMSIS/DSP/Lib/GCC\libarm_cortexM4lf_math.a(arm_mat_trans_f32.o)
 .debug_line    0x0001486d      0x2d3 ../Middlewares/Third_Party/ARM_CMSIS/CMSIS/DSP/Lib/GCC\libarm_cortexM4lf_math.a(arm_mat_sub_f32.o)
 .debug_line    0x00014b40      0x41f ../Middlewares/Third_Party/ARM_CMSIS/CMSIS/DSP/Lib/GCC\libarm_cortexM4lf_math.a(arm_mat_mult_f32.o)
 .debug_line    0x00014f5f      0x20d ../Middlewares/Third_Party/ARM_CMSIS/CMSIS/DSP/Lib/GCC\libarm_cortexM4lf_math.a(arm_mat_init_f32.o)
 .debug_line    0x0001516c      0x2d3 ../Middlewares/Third_Party/ARM_CMSIS/CMSIS/DSP/Lib/GCC\libarm_cortexM4lf_math.a(arm_mat_add_f32.o)

.debug_str      0x00000000    0xfe087
 .debug_str     0x00000000    0xfe087 ./Core/Src/Kalman.o
                              0xf7d11 (size before relaxing)
 .debug_str     0x000fe087     0x2ee3 ./Core/Src/Kalman1D.o
 .debug_str     0x000fe087    0xf9a8d ./Core/Src/main.o
 .debug_str     0x000fe087    0xf4110 ./Core/Src/stm32g4xx_hal_msp.o
 .debug_str     0x000fe087    0xf3736 ./Core/Src/stm32g4xx_it.o
 .debug_str     0x000fe087    0xf2d38 ./Core/Src/system_stm32g4xx.o
 .debug_str     0x000fe087    0xf33e7 ./Core/Src/ultrasonic.o
 .debug_str     0x000fe087       0x72 ./Core/Startup/startup_stm32g474retx.o
 .debug_str     0x000fe087    0xf3a4a ./Drivers/STM32G4xx_HAL_Driver/Src/stm32g4xx_hal.o
 .debug_str     0x000fe087    0xf3706 ./Drivers/STM32G4xx_HAL_Driver/Src/stm32g4xx_hal_cortex.o
 .debug_str     0x000fe087    0xf3112 ./Drivers/STM32G4xx_HAL_Driver/Src/stm32g4xx_hal_dma.o
 .debug_str     0x000fe087    0xf2ec3 ./Drivers/STM32G4xx_HAL_Driver/Src/stm32g4xx_hal_gpio.o
 .debug_str     0x000fe087    0xf3226 ./Drivers/STM32G4xx_HAL_Driver/Src/stm32g4xx_hal_pwr_ex.o
 .debug_str     0x000fe087    0xf3457 ./Drivers/STM32G4xx_HAL_Driver/Src/stm32g4xx_hal_rcc.o
 .debug_str     0x000fe087    0xf3481 ./Drivers/STM32G4xx_HAL_Driver/Src/stm32g4xx_hal_rcc_ex.o
 .debug_str     0x000fe087    0xf4236 ./Drivers/STM32G4xx_HAL_Driver/Src/stm32g4xx_hal_tim.o
 .debug_str     0x000fe087    0xf3eaa ./Drivers/STM32G4xx_HAL_Driver/Src/stm32g4xx_hal_tim_ex.o
 .debug_str     0x000fe087    0xf3cf3 ./Drivers/STM32G4xx_HAL_Driver/Src/stm32g4xx_hal_uart.o
 .debug_str     0x000fe087    0xf34f1 ./Drivers/STM32G4xx_HAL_Driver/Src/stm32g4xx_hal_uart_ex.o
 .debug_str     0x000fe087      0x66c ../Middlewares/Third_Party/ARM_CMSIS/CMSIS/DSP/Lib/GCC\libarm_cortexM4lf_math.a(arm_copy_f32.o)
 .debug_str     0x000fe087      0x757 ../Middlewares/Third_Party/ARM_CMSIS/CMSIS/DSP/Lib/GCC\libarm_cortexM4lf_math.a(arm_mat_trans_f32.o)
 .debug_str     0x000fe087      0x76a ../Middlewares/Third_Party/ARM_CMSIS/CMSIS/DSP/Lib/GCC\libarm_cortexM4lf_math.a(arm_mat_sub_f32.o)
 .debug_str     0x000fe087      0x786 ../Middlewares/Third_Party/ARM_CMSIS/CMSIS/DSP/Lib/GCC\libarm_cortexM4lf_math.a(arm_mat_mult_f32.o)
 .debug_str     0x000fe087      0x695 ../Middlewares/Third_Party/ARM_CMSIS/CMSIS/DSP/Lib/GCC\libarm_cortexM4lf_math.a(arm_mat_init_f32.o)
 .debug_str     0x000fe087      0x76a ../Middlewares/Third_Party/ARM_CMSIS/CMSIS/DSP/Lib/GCC\libarm_cortexM4lf_math.a(arm_mat_add_f32.o)

.comment        0x00000000       0xbc
 .comment       0x00000000       0xbc ./Core/Src/Kalman.o
                                 0x44 (size before relaxing)
 .comment       0x000000bc       0x44 ./Core/Src/Kalman1D.o
 .comment       0x000000bc       0x44 ./Core/Src/main.o
 .comment       0x000000bc       0x44 ./Core/Src/stm32g4xx_hal_msp.o
 .comment       0x000000bc       0x44 ./Core/Src/stm32g4xx_it.o
 .comment       0x000000bc       0x44 ./Core/Src/system_stm32g4xx.o
 .comment       0x000000bc       0x44 ./Core/Src/ultrasonic.o
 .comment       0x000000bc       0x44 ./Drivers/STM32G4xx_HAL_Driver/Src/stm32g4xx_hal.o
 .comment       0x000000bc       0x44 ./Drivers/STM32G4xx_HAL_Driver/Src/stm32g4xx_hal_cortex.o
 .comment       0x000000bc       0x44 ./Drivers/STM32G4xx_HAL_Driver/Src/stm32g4xx_hal_dma.o
 .comment       0x000000bc       0x44 ./Drivers/STM32G4xx_HAL_Driver/Src/stm32g4xx_hal_gpio.o
 .comment       0x000000bc       0x44 ./Drivers/STM32G4xx_HAL_Driver/Src/stm32g4xx_hal_pwr_ex.o
 .comment       0x000000bc       0x44 ./Drivers/STM32G4xx_HAL_Driver/Src/stm32g4xx_hal_rcc.o
 .comment       0x000000bc       0x44 ./Drivers/STM32G4xx_HAL_Driver/Src/stm32g4xx_hal_rcc_ex.o
 .comment       0x000000bc       0x44 ./Drivers/STM32G4xx_HAL_Driver/Src/stm32g4xx_hal_tim.o
 .comment       0x000000bc       0x44 ./Drivers/STM32G4xx_HAL_Driver/Src/stm32g4xx_hal_tim_ex.o
 .comment       0x000000bc       0x44 ./Drivers/STM32G4xx_HAL_Driver/Src/stm32g4xx_hal_uart.o
 .comment       0x000000bc       0x44 ./Drivers/STM32G4xx_HAL_Driver/Src/stm32g4xx_hal_uart_ex.o
 .comment       0x000000bc       0x7a ../Middlewares/Third_Party/ARM_CMSIS/CMSIS/DSP/Lib/GCC\libarm_cortexM4lf_math.a(arm_copy_f32.o)
 .comment       0x000000bc       0x7a ../Middlewares/Third_Party/ARM_CMSIS/CMSIS/DSP/Lib/GCC\libarm_cortexM4lf_math.a(arm_mat_trans_f32.o)
 .comment       0x000000bc       0x7a ../Middlewares/Third_Party/ARM_CMSIS/CMSIS/DSP/Lib/GCC\libarm_cortexM4lf_math.a(arm_mat_sub_f32.o)
 .comment       0x000000bc       0x7a ../Middlewares/Third_Party/ARM_CMSIS/CMSIS/DSP/Lib/GCC\libarm_cortexM4lf_math.a(arm_mat_mult_f32.o)
 .comment       0x000000bc       0x7a ../Middlewares/Third_Party/ARM_CMSIS/CMSIS/DSP/Lib/GCC\libarm_cortexM4lf_math.a(arm_mat_init_f32.o)
 .comment       0x000000bc       0x7a ../Middlewares/Third_Party/ARM_CMSIS/CMSIS/DSP/Lib/GCC\libarm_cortexM4lf_math.a(arm_mat_add_f32.o)

.debug_frame    0x00000000     0x4854
 .debug_frame   0x00000000       0x60 ./Core/Src/Kalman.o
 .debug_frame   0x00000060       0x60 ./Core/Src/Kalman1D.o
 .debug_frame   0x000000c0      0x184 ./Core/Src/main.o
 .debug_frame   0x00000244       0xec ./Core/Src/stm32g4xx_hal_msp.o
 .debug_frame   0x00000330      0x158 ./Core/Src/stm32g4xx_it.o
 .debug_frame   0x00000488       0x58 ./Core/Src/system_stm32g4xx.o
 .debug_frame   0x000004e0       0x38 ./Core/Src/ultrasonic.o
 .debug_frame   0x00000518      0x500 ./Drivers/STM32G4xx_HAL_Driver/Src/stm32g4xx_hal.o
 .debug_frame   0x00000a18      0x4e8 ./Drivers/STM32G4xx_HAL_Driver/Src/stm32g4xx_hal_cortex.o
 .debug_frame   0x00000f00      0x24c ./Drivers/STM32G4xx_HAL_Driver/Src/stm32g4xx_hal_dma.o
 .debug_frame   0x0000114c      0x14c ./Drivers/STM32G4xx_HAL_Driver/Src/stm32g4xx_hal_gpio.o
 .debug_frame   0x00001298      0x4fc ./Drivers/STM32G4xx_HAL_Driver/Src/stm32g4xx_hal_pwr_ex.o
 .debug_frame   0x00001794      0x23c ./Drivers/STM32G4xx_HAL_Driver/Src/stm32g4xx_hal_rcc.o
 .debug_frame   0x000019d0      0x2ac ./Drivers/STM32G4xx_HAL_Driver/Src/stm32g4xx_hal_rcc_ex.o
 .debug_frame   0x00001c7c     0x1220 ./Drivers/STM32G4xx_HAL_Driver/Src/stm32g4xx_hal_tim.o
 .debug_frame   0x00002e9c      0xa70 ./Drivers/STM32G4xx_HAL_Driver/Src/stm32g4xx_hal_tim_ex.o
 .debug_frame   0x0000390c      0xa94 ./Drivers/STM32G4xx_HAL_Driver/Src/stm32g4xx_hal_uart.o
 .debug_frame   0x000043a0      0x2c0 ./Drivers/STM32G4xx_HAL_Driver/Src/stm32g4xx_hal_uart_ex.o
 .debug_frame   0x00004660       0x34 ../Middlewares/Third_Party/ARM_CMSIS/CMSIS/DSP/Lib/GCC\libarm_cortexM4lf_math.a(arm_copy_f32.o)
 .debug_frame   0x00004694       0x40 ../Middlewares/Third_Party/ARM_CMSIS/CMSIS/DSP/Lib/GCC\libarm_cortexM4lf_math.a(arm_mat_trans_f32.o)
 .debug_frame   0x000046d4       0x38 ../Middlewares/Third_Party/ARM_CMSIS/CMSIS/DSP/Lib/GCC\libarm_cortexM4lf_math.a(arm_mat_sub_f32.o)
 .debug_frame   0x0000470c       0x44 ../Middlewares/Third_Party/ARM_CMSIS/CMSIS/DSP/Lib/GCC\libarm_cortexM4lf_math.a(arm_mat_mult_f32.o)
 .debug_frame   0x00004750       0x20 ../Middlewares/Third_Party/ARM_CMSIS/CMSIS/DSP/Lib/GCC\libarm_cortexM4lf_math.a(arm_mat_init_f32.o)
 .debug_frame   0x00004770       0x38 ../Middlewares/Third_Party/ARM_CMSIS/CMSIS/DSP/Lib/GCC\libarm_cortexM4lf_math.a(arm_mat_add_f32.o)
 .debug_frame   0x000047a8       0x20 C:/ST/STM32CubeIDE_1.19.0/STM32CubeIDE/plugins/com.st.stm32cube.ide.mcu.externaltools.gnu-tools-for-stm32.13.3.rel1.win32_1.0.0.202411081344/tools/bin/../lib/gcc/arm-none-eabi/13.3.1/../../../../arm-none-eabi/lib/thumb/v7e-m+fp/hard\libc_nano.a(libc_a-memset.o)
 .debug_frame   0x000047c8       0x2c C:/ST/STM32CubeIDE_1.19.0/STM32CubeIDE/plugins/com.st.stm32cube.ide.mcu.externaltools.gnu-tools-for-stm32.13.3.rel1.win32_1.0.0.202411081344/tools/bin/../lib/gcc/arm-none-eabi/13.3.1/../../../../arm-none-eabi/lib/thumb/v7e-m+fp/hard\libc_nano.a(libc_a-init.o)
 .debug_frame   0x000047f4       0x2c C:/ST/STM32CubeIDE_1.19.0/STM32CubeIDE/plugins/com.st.stm32cube.ide.mcu.externaltools.gnu-tools-for-stm32.13.3.rel1.win32_1.0.0.202411081344/tools/bin/../lib/gcc/arm-none-eabi/13.3.1/thumb/v7e-m+fp/hard\libgcc.a(_aeabi_uldivmod.o)
 .debug_frame   0x00004820       0x34 C:/ST/STM32CubeIDE_1.19.0/STM32CubeIDE/plugins/com.st.stm32cube.ide.mcu.externaltools.gnu-tools-for-stm32.13.3.rel1.win32_1.0.0.202411081344/tools/bin/../lib/gcc/arm-none-eabi/13.3.1/thumb/v7e-m+fp/hard\libgcc.a(_udivmoddi4.o)

.debug_line_str
                0x00000000       0x56
 .debug_line_str
                0x00000000       0x56 ./Core/Startup/startup_stm32g474retx.o

.debug_loc      0x00000000     0x1661
 .debug_loc     0x00000000      0x1ee ../Middlewares/Third_Party/ARM_CMSIS/CMSIS/DSP/Lib/GCC\libarm_cortexM4lf_math.a(arm_copy_f32.o)
 .debug_loc     0x000001ee      0x532 ../Middlewares/Third_Party/ARM_CMSIS/CMSIS/DSP/Lib/GCC\libarm_cortexM4lf_math.a(arm_mat_trans_f32.o)
 .debug_loc     0x00000720      0x2f4 ../Middlewares/Third_Party/ARM_CMSIS/CMSIS/DSP/Lib/GCC\libarm_cortexM4lf_math.a(arm_mat_sub_f32.o)
 .debug_loc     0x00000a14      0x959 ../Middlewares/Third_Party/ARM_CMSIS/CMSIS/DSP/Lib/GCC\libarm_cortexM4lf_math.a(arm_mat_mult_f32.o)
 .debug_loc     0x0000136d      0x2f4 ../Middlewares/Third_Party/ARM_CMSIS/CMSIS/DSP/Lib/GCC\libarm_cortexM4lf_math.a(arm_mat_add_f32.o)

.debug_ranges   0x00000000       0x60
 .debug_ranges  0x00000000       0x10 ../Middlewares/Third_Party/ARM_CMSIS/CMSIS/DSP/Lib/GCC\libarm_cortexM4lf_math.a(arm_copy_f32.o)
 .debug_ranges  0x00000010       0x10 ../Middlewares/Third_Party/ARM_CMSIS/CMSIS/DSP/Lib/GCC\libarm_cortexM4lf_math.a(arm_mat_trans_f32.o)
 .debug_ranges  0x00000020       0x10 ../Middlewares/Third_Party/ARM_CMSIS/CMSIS/DSP/Lib/GCC\libarm_cortexM4lf_math.a(arm_mat_sub_f32.o)
 .debug_ranges  0x00000030       0x10 ../Middlewares/Third_Party/ARM_CMSIS/CMSIS/DSP/Lib/GCC\libarm_cortexM4lf_math.a(arm_mat_mult_f32.o)
 .debug_ranges  0x00000040       0x10 ../Middlewares/Third_Party/ARM_CMSIS/CMSIS/DSP/Lib/GCC\libarm_cortexM4lf_math.a(arm_mat_init_f32.o)
 .debug_ranges  0x00000050       0x10 ../Middlewares/Third_Party/ARM_CMSIS/CMSIS/DSP/Lib/GCC\libarm_cortexM4lf_math.a(arm_mat_add_f32.o)
