22:06:37 **** Incremental Build of configuration Debug for project Lab3_G11 ****
make -j16 all 
arm-none-eabi-gcc "../Core/Src/Kalman.c" -mcpu=cortex-m4 -std=gnu11 -g3 -DDEBUG -DUSE_HAL_DRIVER -DSTM32G474xx -c -I../Core/Inc -I../Drivers/STM32G4xx_HAL_Driver/Inc -I../Drivers/STM32G4xx_HAL_Driver/Inc/Legacy -I../Drivers/CMSIS/Device/ST/STM32G4xx/Include -I../Drivers/CMSIS/Include -I../Middlewares/Third_Party/ARM_CMSIS/CMSIS/Core/Include/ -I../Middlewares/Third_Party/ARM_CMSIS/CMSIS/Core_A/Include/ -I../Middlewares/Third_Party/ARM_CMSIS/CMSIS/DSP/Include -O0 -ffunction-sections -fdata-sections -Wall -fstack-usage -fcyclomatic-complexity -MMD -MP -MF"Core/Src/Kalman.d" -MT"Core/Src/Kalman.o" --specs=nano.specs -mfpu=fpv4-sp-d16 -mfloat-abi=hard -mthumb -o "Core/Src/Kalman.o"
arm-none-eabi-gcc -o "Lab3_G11.elf" @"objects.list"  -l:libarm_cortexM4lf_math.a -mcpu=cortex-m4 -T"C:\Lab3_G11\STM32_G474RE\ultrasonicRead\STM32G474RETX_FLASH.ld" --specs=nosys.specs -Wl,-Map="Lab3_G11.map" -Wl,--gc-sections -static -L../Middlewares/Third_Party/ARM_CMSIS/CMSIS/DSP/Lib/GCC --specs=nano.specs -mfpu=fpv4-sp-d16 -mfloat-abi=hard -mthumb -Wl,--start-group -lc -lm -Wl,--end-group
Finished building target: Lab3_G11.elf
 
arm-none-eabi-size  Lab3_G11.elf 
arm-none-eabi-objdump -h -S Lab3_G11.elf  > "Lab3_G11.list"
   text	   data	    bss	    dec	    hex	filename
  27328	     12	   2564	  29904	   74d0	Lab3_G11.elf
Finished building: default.size.stdout
 
Finished building: Lab3_G11.list
 
22:06:41 **** Incremental Build of configuration Debug for project Lab3_G11 ****
make -j16 all 
arm-none-eabi-size  Lab3_G11.elf 
   text	   data	    bss	    dec	    hex	filename
  27328	     12	   2564	  29904	   74d0	Lab3_G11.elf
Finished building: default.size.stdout
 
22:06:52 **** Incremental Build of configuration Debug for project Lab3_G11 ****
make -j16 all 
arm-none-eabi-size  Lab3_G11.elf 
   text	   data	    bss	    dec	    hex	filename
  27328	     12	   2564	  29904	   74d0	Lab3_G11.elf
Finished building: default.size.stdout
 
22:09:00 **** Incremental Build of configuration Debug for project Lab3_G11 ****
make -j16 all 
arm-none-eabi-gcc "../Core/Src/main.c" -mcpu=cortex-m4 -std=gnu11 -g3 -DDEBUG -DUSE_HAL_DRIVER -DSTM32G474xx -c -I../Core/Inc -I../Drivers/STM32G4xx_HAL_Driver/Inc -I../Drivers/STM32G4xx_HAL_Driver/Inc/Legacy -I../Drivers/CMSIS/Device/ST/STM32G4xx/Include -I../Drivers/CMSIS/Include -I../Middlewares/Third_Party/ARM_CMSIS/CMSIS/Core/Include/ -I../Middlewares/Third_Party/ARM_CMSIS/CMSIS/Core_A/Include/ -I../Middlewares/Third_Party/ARM_CMSIS/CMSIS/DSP/Include -O0 -ffunction-sections -fdata-sections -Wall -fstack-usage -fcyclomatic-complexity -MMD -MP -MF"Core/Src/main.d" -MT"Core/Src/main.o" --specs=nano.specs -mfpu=fpv4-sp-d16 -mfloat-abi=hard -mthumb -o "Core/Src/main.o"
arm-none-eabi-gcc -o "Lab3_G11.elf" @"objects.list"  -l:libarm_cortexM4lf_math.a -mcpu=cortex-m4 -T"C:\Lab3_G11\STM32_G474RE\ultrasonicRead\STM32G474RETX_FLASH.ld" --specs=nosys.specs -Wl,-Map="Lab3_G11.map" -Wl,--gc-sections -static -L../Middlewares/Third_Party/ARM_CMSIS/CMSIS/DSP/Lib/GCC --specs=nano.specs -mfpu=fpv4-sp-d16 -mfloat-abi=hard -mthumb -Wl,--start-group -lc -lm -Wl,--end-group
Finished building target: Lab3_G11.elf
 
arm-none-eabi-size  Lab3_G11.elf 
arm-none-eabi-objdump -h -S Lab3_G11.elf  > "Lab3_G11.list"
   text	   data	    bss	    dec	    hex	filename
  27328	     12	   2564	  29904	   74d0	Lab3_G11.elf
Finished building: default.size.stdout
 
Finished building: Lab3_G11.list
 
22:11:19 **** Incremental Build of configuration Debug for project Lab3_G11 ****
make -j16 all 
arm-none-eabi-gcc "../Core/Src/main.c" -mcpu=cortex-m4 -std=gnu11 -g3 -DDEBUG -DUSE_HAL_DRIVER -DSTM32G474xx -c -I../Core/Inc -I../Drivers/STM32G4xx_HAL_Driver/Inc -I../Drivers/STM32G4xx_HAL_Driver/Inc/Legacy -I../Drivers/CMSIS/Device/ST/STM32G4xx/Include -I../Drivers/CMSIS/Include -I../Middlewares/Third_Party/ARM_CMSIS/CMSIS/Core/Include/ -I../Middlewares/Third_Party/ARM_CMSIS/CMSIS/Core_A/Include/ -I../Middlewares/Third_Party/ARM_CMSIS/CMSIS/DSP/Include -O0 -ffunction-sections -fdata-sections -Wall -fstack-usage -fcyclomatic-complexity -MMD -MP -MF"Core/Src/main.d" -MT"Core/Src/main.o" --specs=nano.specs -mfpu=fpv4-sp-d16 -mfloat-abi=hard -mthumb -o "Core/Src/main.o"
arm-none-eabi-gcc -o "Lab3_G11.elf" @"objects.list"  -l:libarm_cortexM4lf_math.a -mcpu=cortex-m4 -T"C:\Lab3_G11\STM32_G474RE\ultrasonicRead\STM32G474RETX_FLASH.ld" --specs=nosys.specs -Wl,-Map="Lab3_G11.map" -Wl,--gc-sections -static -L../Middlewares/Third_Party/ARM_CMSIS/CMSIS/DSP/Lib/GCC --specs=nano.specs -mfpu=fpv4-sp-d16 -mfloat-abi=hard -mthumb -Wl,--start-group -lc -lm -Wl,--end-group
Finished building target: Lab3_G11.elf
 
arm-none-eabi-size  Lab3_G11.elf 
arm-none-eabi-objdump -h -S Lab3_G11.elf  > "Lab3_G11.list"
   text	   data	    bss	    dec	    hex	filename
  27332	     12	   2564	  29908	   74d4	Lab3_G11.elf
Finished building: default.size.stdout
 
Finished building: Lab3_G11.list
 
22:11:31 **** Incremental Build of configuration Debug for project Lab3_G11 ****
make -j16 all 
arm-none-eabi-size  Lab3_G11.elf 
   text	   data	    bss	    dec	    hex	filename
  27332	     12	   2564	  29908	   74d4	Lab3_G11.elf
Finished building: default.size.stdout
 
22:20:39 **** Incremental Build of configuration Debug for project Lab3_G11 ****
make -j16 all 
arm-none-eabi-gcc "../Core/Src/Kalman.c" -mcpu=cortex-m4 -std=gnu11 -g3 -DDEBUG -DUSE_HAL_DRIVER -DSTM32G474xx -c -I../Core/Inc -I../Drivers/STM32G4xx_HAL_Driver/Inc -I../Drivers/STM32G4xx_HAL_Driver/Inc/Legacy -I../Drivers/CMSIS/Device/ST/STM32G4xx/Include -I../Drivers/CMSIS/Include -I../Middlewares/Third_Party/ARM_CMSIS/CMSIS/Core/Include/ -I../Middlewares/Third_Party/ARM_CMSIS/CMSIS/Core_A/Include/ -I../Middlewares/Third_Party/ARM_CMSIS/CMSIS/DSP/Include -O0 -ffunction-sections -fdata-sections -Wall -fstack-usage -fcyclomatic-complexity -MMD -MP -MF"Core/Src/Kalman.d" -MT"Core/Src/Kalman.o" --specs=nano.specs -mfpu=fpv4-sp-d16 -mfloat-abi=hard -mthumb -o "Core/Src/Kalman.o"
arm-none-eabi-gcc "../Core/Src/main.c" -mcpu=cortex-m4 -std=gnu11 -g3 -DDEBUG -DUSE_HAL_DRIVER -DSTM32G474xx -c -I../Core/Inc -I../Drivers/STM32G4xx_HAL_Driver/Inc -I../Drivers/STM32G4xx_HAL_Driver/Inc/Legacy -I../Drivers/CMSIS/Device/ST/STM32G4xx/Include -I../Drivers/CMSIS/Include -I../Middlewares/Third_Party/ARM_CMSIS/CMSIS/Core/Include/ -I../Middlewares/Third_Party/ARM_CMSIS/CMSIS/Core_A/Include/ -I../Middlewares/Third_Party/ARM_CMSIS/CMSIS/DSP/Include -O0 -ffunction-sections -fdata-sections -Wall -fstack-usage -fcyclomatic-complexity -MMD -MP -MF"Core/Src/main.d" -MT"Core/Src/main.o" --specs=nano.specs -mfpu=fpv4-sp-d16 -mfloat-abi=hard -mthumb -o "Core/Src/main.o"
arm-none-eabi-gcc -o "Lab3_G11.elf" @"objects.list"  -l:libarm_cortexM4lf_math.a -mcpu=cortex-m4 -T"C:\Lab3_G11\STM32_G474RE\ultrasonicRead\STM32G474RETX_FLASH.ld" --specs=nosys.specs -Wl,-Map="Lab3_G11.map" -Wl,--gc-sections -static -L../Middlewares/Third_Party/ARM_CMSIS/CMSIS/DSP/Lib/GCC --specs=nano.specs -mfpu=fpv4-sp-d16 -mfloat-abi=hard -mthumb -Wl,--start-group -lc -lm -Wl,--end-group
Finished building target: Lab3_G11.elf
 
arm-none-eabi-size  Lab3_G11.elf 
arm-none-eabi-objdump -h -S Lab3_G11.elf  > "Lab3_G11.list"
   text	   data	    bss	    dec	    hex	filename
  27324	     12	   2564	  29900	   74cc	Lab3_G11.elf
Finished building: default.size.stdout
 
Finished building: Lab3_G11.list
 
22:28:16 **** Incremental Build of configuration Debug for project Lab3_G11 ****
make -j16 all 
arm-none-eabi-gcc "../Core/Src/Kalman.c" -mcpu=cortex-m4 -std=gnu11 -g3 -DDEBUG -DUSE_HAL_DRIVER -DSTM32G474xx -c -I../Core/Inc -I../Drivers/STM32G4xx_HAL_Driver/Inc -I../Drivers/STM32G4xx_HAL_Driver/Inc/Legacy -I../Drivers/CMSIS/Device/ST/STM32G4xx/Include -I../Drivers/CMSIS/Include -I../Middlewares/Third_Party/ARM_CMSIS/CMSIS/Core/Include/ -I../Middlewares/Third_Party/ARM_CMSIS/CMSIS/Core_A/Include/ -I../Middlewares/Third_Party/ARM_CMSIS/CMSIS/DSP/Include -O0 -ffunction-sections -fdata-sections -Wall -fstack-usage -fcyclomatic-complexity -MMD -MP -MF"Core/Src/Kalman.d" -MT"Core/Src/Kalman.o" --specs=nano.specs -mfpu=fpv4-sp-d16 -mfloat-abi=hard -mthumb -o "Core/Src/Kalman.o"
arm-none-eabi-gcc -o "Lab3_G11.elf" @"objects.list"  -l:libarm_cortexM4lf_math.a -mcpu=cortex-m4 -T"C:\Lab3_G11\STM32_G474RE\ultrasonicRead\STM32G474RETX_FLASH.ld" --specs=nosys.specs -Wl,-Map="Lab3_G11.map" -Wl,--gc-sections -static -L../Middlewares/Third_Party/ARM_CMSIS/CMSIS/DSP/Lib/GCC --specs=nano.specs -mfpu=fpv4-sp-d16 -mfloat-abi=hard -mthumb -Wl,--start-group -lc -lm -Wl,--end-group
Finished building target: Lab3_G11.elf
 
arm-none-eabi-size  Lab3_G11.elf 
arm-none-eabi-objdump -h -S Lab3_G11.elf  > "Lab3_G11.list"
   text	   data	    bss	    dec	    hex	filename
  27324	     12	   2564	  29900	   74cc	Lab3_G11.elf
Finished building: default.size.stdout
 
Finished building: Lab3_G11.list
 
22:30:19 **** Incremental Build of configuration Debug for project Lab3_G11 ****
make -j16 all 
arm-none-eabi-gcc "../Core/Src/main.c" -mcpu=cortex-m4 -std=gnu11 -g3 -DDEBUG -DUSE_HAL_DRIVER -DSTM32G474xx -c -I../Core/Inc -I../Drivers/STM32G4xx_HAL_Driver/Inc -I../Drivers/STM32G4xx_HAL_Driver/Inc/Legacy -I../Drivers/CMSIS/Device/ST/STM32G4xx/Include -I../Drivers/CMSIS/Include -I../Middlewares/Third_Party/ARM_CMSIS/CMSIS/Core/Include/ -I../Middlewares/Third_Party/ARM_CMSIS/CMSIS/Core_A/Include/ -I../Middlewares/Third_Party/ARM_CMSIS/CMSIS/DSP/Include -O0 -ffunction-sections -fdata-sections -Wall -fstack-usage -fcyclomatic-complexity -MMD -MP -MF"Core/Src/main.d" -MT"Core/Src/main.o" --specs=nano.specs -mfpu=fpv4-sp-d16 -mfloat-abi=hard -mthumb -o "Core/Src/main.o"
arm-none-eabi-gcc -o "Lab3_G11.elf" @"objects.list"  -l:libarm_cortexM4lf_math.a -mcpu=cortex-m4 -T"C:\Lab3_G11\STM32_G474RE\ultrasonicRead\STM32G474RETX_FLASH.ld" --specs=nosys.specs -Wl,-Map="Lab3_G11.map" -Wl,--gc-sections -static -L../Middlewares/Third_Party/ARM_CMSIS/CMSIS/DSP/Lib/GCC --specs=nano.specs -mfpu=fpv4-sp-d16 -mfloat-abi=hard -mthumb -Wl,--start-group -lc -lm -Wl,--end-group
Finished building target: Lab3_G11.elf
 
arm-none-eabi-size  Lab3_G11.elf 
arm-none-eabi-objdump -h -S Lab3_G11.elf  > "Lab3_G11.list"
   text	   data	    bss	    dec	    hex	filename
  27328	     12	   2564	  29904	   74d0	Lab3_G11.elf
Finished building: default.size.stdout
 
Finished building: Lab3_G11.list
 
22:31:35 **** Incremental Build of configuration Debug for project Lab3_G11 ****
make -j16 all 
arm-none-eabi-gcc "../Core/Src/main.c" -mcpu=cortex-m4 -std=gnu11 -g3 -DDEBUG -DUSE_HAL_DRIVER -DSTM32G474xx -c -I../Core/Inc -I../Drivers/STM32G4xx_HAL_Driver/Inc -I../Drivers/STM32G4xx_HAL_Driver/Inc/Legacy -I../Drivers/CMSIS/Device/ST/STM32G4xx/Include -I../Drivers/CMSIS/Include -I../Middlewares/Third_Party/ARM_CMSIS/CMSIS/Core/Include/ -I../Middlewares/Third_Party/ARM_CMSIS/CMSIS/Core_A/Include/ -I../Middlewares/Third_Party/ARM_CMSIS/CMSIS/DSP/Include -O0 -ffunction-sections -fdata-sections -Wall -fstack-usage -fcyclomatic-complexity -MMD -MP -MF"Core/Src/main.d" -MT"Core/Src/main.o" --specs=nano.specs -mfpu=fpv4-sp-d16 -mfloat-abi=hard -mthumb -o "Core/Src/main.o"
arm-none-eabi-gcc -o "Lab3_G11.elf" @"objects.list"  -l:libarm_cortexM4lf_math.a -mcpu=cortex-m4 -T"C:\Lab3_G11\STM32_G474RE\ultrasonicRead\STM32G474RETX_FLASH.ld" --specs=nosys.specs -Wl,-Map="Lab3_G11.map" -Wl,--gc-sections -static -L../Middlewares/Third_Party/ARM_CMSIS/CMSIS/DSP/Lib/GCC --specs=nano.specs -mfpu=fpv4-sp-d16 -mfloat-abi=hard -mthumb -Wl,--start-group -lc -lm -Wl,--end-group
Finished building target: Lab3_G11.elf
 
arm-none-eabi-size  Lab3_G11.elf 
arm-none-eabi-objdump -h -S Lab3_G11.elf  > "Lab3_G11.list"
   text	   data	    bss	    dec	    hex	filename
  27324	     12	   2564	  29900	   74cc	Lab3_G11.elf
Finished building: default.size.stdout
 
Finished building: Lab3_G11.list
 
22:34:07 **** Incremental Build of configuration Debug for project Lab3_G11 ****
make -j16 all 
arm-none-eabi-gcc "../Core/Src/Kalman.c" -mcpu=cortex-m4 -std=gnu11 -g3 -DDEBUG -DUSE_HAL_DRIVER -DSTM32G474xx -c -I../Core/Inc -I../Drivers/STM32G4xx_HAL_Driver/Inc -I../Drivers/STM32G4xx_HAL_Driver/Inc/Legacy -I../Drivers/CMSIS/Device/ST/STM32G4xx/Include -I../Drivers/CMSIS/Include -I../Middlewares/Third_Party/ARM_CMSIS/CMSIS/Core/Include/ -I../Middlewares/Third_Party/ARM_CMSIS/CMSIS/Core_A/Include/ -I../Middlewares/Third_Party/ARM_CMSIS/CMSIS/DSP/Include -O0 -ffunction-sections -fdata-sections -Wall -fstack-usage -fcyclomatic-complexity -MMD -MP -MF"Core/Src/Kalman.d" -MT"Core/Src/Kalman.o" --specs=nano.specs -mfpu=fpv4-sp-d16 -mfloat-abi=hard -mthumb -o "Core/Src/Kalman.o"
arm-none-eabi-gcc -o "Lab3_G11.elf" @"objects.list"  -l:libarm_cortexM4lf_math.a -mcpu=cortex-m4 -T"C:\Lab3_G11\STM32_G474RE\ultrasonicRead\STM32G474RETX_FLASH.ld" --specs=nosys.specs -Wl,-Map="Lab3_G11.map" -Wl,--gc-sections -static -L../Middlewares/Third_Party/ARM_CMSIS/CMSIS/DSP/Lib/GCC --specs=nano.specs -mfpu=fpv4-sp-d16 -mfloat-abi=hard -mthumb -Wl,--start-group -lc -lm -Wl,--end-group
Finished building target: Lab3_G11.elf
 
arm-none-eabi-size  Lab3_G11.elf 
arm-none-eabi-objdump -h -S Lab3_G11.elf  > "Lab3_G11.list"
   text	   data	    bss	    dec	    hex	filename
  27324	     12	   2564	  29900	   74cc	Lab3_G11.elf
Finished building: default.size.stdout
 
Finished building: Lab3_G11.list
 
