23:54:11 **** Incremental Build of configuration Debug for project ultrasonicRead ****
make -j16 all 
arm-none-eabi-gcc "../Core/Src/main.c" -mcpu=cortex-m4 -std=gnu11 -g3 -DDEBUG -DUSE_HAL_DRIVER -DSTM32G474xx -c -I../Core/Inc -I../Drivers/STM32G4xx_HAL_Driver/Inc -I../Drivers/STM32G4xx_HAL_Driver/Inc/Legacy -I../Drivers/CMSIS/Device/ST/STM32G4xx/Include -I../Drivers/CMSIS/Include -O0 -ffunction-sections -fdata-sections -Wall -fstack-usage -fcyclomatic-complexity -MMD -MP -MF"Core/Src/main.d" -MT"Core/Src/main.o" --specs=nano.specs -mfpu=fpv4-sp-d16 -mfloat-abi=hard -mthumb -o "Core/Src/main.o"
arm-none-eabi-gcc -o "ultrasonicRead.elf" @"objects.list"   -mcpu=cortex-m4 -T"C:\Lab3_G11\STM32_G474RE\ultrasonicRead\STM32G474RETX_FLASH.ld" --specs=nosys.specs -Wl,-Map="ultrasonicRead.map" -Wl,--gc-sections -static --specs=nano.specs -mfpu=fpv4-sp-d16 -mfloat-abi=hard -mthumb -Wl,--start-group -lc -lm -Wl,--end-group
Finished building target: ultrasonicRead.elf
 
arm-none-eabi-size  ultrasonicRead.elf 
arm-none-eabi-objdump -h -S ultrasonicRead.elf  > "ultrasonicRead.list"
   text	   data	    bss	    dec	    hex	filename
  23072	     12	   1884	  24968	   6188	ultrasonicRead.elf
Finished building: default.size.stdout
 
Finished building: ultrasonicRead.list
 

23:54:13 Build Finished. 0 errors, 0 warnings. (took 1s.346ms)

